[0.286s] DEBUG:colcon:Command line arguments: ['/usr/bin/colcon', 'build']
[0.286s] DEBUG:colcon:Parsed command line arguments: Namespace(log_base=None, log_level=None, verb_name='build', build_base='build', install_base='install', merge_install=False, symlink_install=False, test_result_base=None, continue_on_error=False, executor='parallel', parallel_workers=8, event_handlers=None, ignore_user_meta=False, metas=['./colcon.meta'], base_paths=['.'], packages_ignore=None, packages_ignore_regex=None, paths=None, packages_up_to=None, packages_up_to_regex=None, packages_above=None, packages_above_and_dependencies=None, packages_above_depth=None, packages_select_by_dep=None, packages_skip_by_dep=None, packages_skip_up_to=None, packages_select_build_failed=False, packages_skip_build_finished=False, packages_select_test_failures=False, packages_skip_test_passed=False, packages_select=None, packages_skip=None, packages_select_regex=None, packages_skip_regex=None, packages_start=None, packages_end=None, allow_overriding=[], cmake_args=None, cmake_target=None, cmake_target_skip_unavailable=False, cmake_clean_cache=False, cmake_clean_first=False, cmake_force_configure=False, ament_cmake_args=None, catkin_cmake_args=None, catkin_skip_building_tests=False, verb_parser=<colcon_defaults.argument_parser.defaults.DefaultArgumentsDecorator object at 0x7fac6dbf70>, verb_extension=<colcon_core.verb.build.BuildVerb object at 0x7fac62d360>, main=<bound method BuildVerb.main of <colcon_core.verb.build.BuildVerb object at 0x7fac62d360>>)
[0.726s] Level 1:colcon.colcon_core.package_discovery:discover_packages(colcon_meta) check parameters
[0.727s] Level 1:colcon.colcon_core.package_discovery:discover_packages(recursive) check parameters
[0.727s] Level 1:colcon.colcon_core.package_discovery:discover_packages(ignore) check parameters
[0.727s] Level 1:colcon.colcon_core.package_discovery:discover_packages(path) check parameters
[0.727s] Level 1:colcon.colcon_core.package_discovery:discover_packages(colcon_meta) discover
[0.727s] Level 1:colcon.colcon_core.package_discovery:discover_packages(recursive) discover
[0.727s] INFO:colcon.colcon_core.package_discovery:Crawling recursively for packages in '/home/ztl/ROS_humble_LIO'
[0.728s] Level 1:colcon.colcon_core.package_identification:_identify(.) by extensions ['ignore', 'ignore_ament_install']
[0.728s] Level 1:colcon.colcon_core.package_identification:_identify(.) by extension 'ignore'
[0.728s] Level 1:colcon.colcon_core.package_identification:_identify(.) by extension 'ignore_ament_install'
[0.728s] Level 1:colcon.colcon_core.package_identification:_identify(.) by extensions ['colcon_pkg']
[0.728s] Level 1:colcon.colcon_core.package_identification:_identify(.) by extension 'colcon_pkg'
[0.728s] Level 1:colcon.colcon_core.package_identification:_identify(.) by extensions ['colcon_meta']
[0.729s] Level 1:colcon.colcon_core.package_identification:_identify(.) by extension 'colcon_meta'
[0.729s] Level 1:colcon.colcon_core.package_identification:_identify(.) by extensions ['ros']
[0.729s] Level 1:colcon.colcon_core.package_identification:_identify(.) by extension 'ros'
[0.761s] Level 1:colcon.colcon_core.package_identification:_identify(.) by extensions ['cmake', 'python']
[0.761s] Level 1:colcon.colcon_core.package_identification:_identify(.) by extension 'cmake'
[0.761s] Level 1:colcon.colcon_core.package_identification:_identify(.) by extension 'python'
[0.762s] Level 1:colcon.colcon_core.package_identification:_identify(.) by extensions ['python_setup_py']
[0.762s] Level 1:colcon.colcon_core.package_identification:_identify(.) by extension 'python_setup_py'
[0.762s] Level 1:colcon.colcon_core.package_identification:_identify(build) by extensions ['ignore', 'ignore_ament_install']
[0.762s] Level 1:colcon.colcon_core.package_identification:_identify(build) by extension 'ignore'
[0.762s] Level 1:colcon.colcon_core.package_identification:_identify(build) ignored
[0.763s] Level 1:colcon.colcon_core.package_identification:_identify(install) by extensions ['ignore', 'ignore_ament_install']
[0.763s] Level 1:colcon.colcon_core.package_identification:_identify(install) by extension 'ignore'
[0.763s] Level 1:colcon.colcon_core.package_identification:_identify(install) ignored
[0.763s] Level 1:colcon.colcon_core.package_identification:_identify(log) by extensions ['ignore', 'ignore_ament_install']
[0.763s] Level 1:colcon.colcon_core.package_identification:_identify(log) by extension 'ignore'
[0.763s] Level 1:colcon.colcon_core.package_identification:_identify(log) ignored
[0.764s] Level 1:colcon.colcon_core.package_identification:_identify(src) by extensions ['ignore', 'ignore_ament_install']
[0.764s] Level 1:colcon.colcon_core.package_identification:_identify(src) by extension 'ignore'
[0.764s] Level 1:colcon.colcon_core.package_identification:_identify(src) by extension 'ignore_ament_install'
[0.764s] Level 1:colcon.colcon_core.package_identification:_identify(src) by extensions ['colcon_pkg']
[0.764s] Level 1:colcon.colcon_core.package_identification:_identify(src) by extension 'colcon_pkg'
[0.764s] Level 1:colcon.colcon_core.package_identification:_identify(src) by extensions ['colcon_meta']
[0.764s] Level 1:colcon.colcon_core.package_identification:_identify(src) by extension 'colcon_meta'
[0.764s] Level 1:colcon.colcon_core.package_identification:_identify(src) by extensions ['ros']
[0.765s] Level 1:colcon.colcon_core.package_identification:_identify(src) by extension 'ros'
[0.765s] Level 1:colcon.colcon_core.package_identification:_identify(src) by extensions ['cmake', 'python']
[0.765s] Level 1:colcon.colcon_core.package_identification:_identify(src) by extension 'cmake'
[0.765s] Level 1:colcon.colcon_core.package_identification:_identify(src) by extension 'python'
[0.765s] Level 1:colcon.colcon_core.package_identification:_identify(src) by extensions ['python_setup_py']
[0.765s] Level 1:colcon.colcon_core.package_identification:_identify(src) by extension 'python_setup_py'
[0.765s] Level 1:colcon.colcon_core.package_identification:_identify(src/LiDAR_IMU_FUSION_ROS2) by extensions ['ignore', 'ignore_ament_install']
[0.765s] Level 1:colcon.colcon_core.package_identification:_identify(src/LiDAR_IMU_FUSION_ROS2) by extension 'ignore'
[0.766s] Level 1:colcon.colcon_core.package_identification:_identify(src/LiDAR_IMU_FUSION_ROS2) by extension 'ignore_ament_install'
[0.766s] Level 1:colcon.colcon_core.package_identification:_identify(src/LiDAR_IMU_FUSION_ROS2) by extensions ['colcon_pkg']
[0.766s] Level 1:colcon.colcon_core.package_identification:_identify(src/LiDAR_IMU_FUSION_ROS2) by extension 'colcon_pkg'
[0.766s] Level 1:colcon.colcon_core.package_identification:_identify(src/LiDAR_IMU_FUSION_ROS2) by extensions ['colcon_meta']
[0.766s] Level 1:colcon.colcon_core.package_identification:_identify(src/LiDAR_IMU_FUSION_ROS2) by extension 'colcon_meta'
[0.766s] Level 1:colcon.colcon_core.package_identification:_identify(src/LiDAR_IMU_FUSION_ROS2) by extensions ['ros']
[0.766s] Level 1:colcon.colcon_core.package_identification:_identify(src/LiDAR_IMU_FUSION_ROS2) by extension 'ros'
[0.774s] DEBUG:colcon.colcon_core.package_identification:Package 'src/LiDAR_IMU_FUSION_ROS2' with type 'ros.ament_cmake' and name 'lio_sam'
[0.774s] Level 1:colcon.colcon_core.package_identification:_identify(src/autorccar_interfaces) by extensions ['ignore', 'ignore_ament_install']
[0.775s] Level 1:colcon.colcon_core.package_identification:_identify(src/autorccar_interfaces) by extension 'ignore'
[0.775s] Level 1:colcon.colcon_core.package_identification:_identify(src/autorccar_interfaces) by extension 'ignore_ament_install'
[0.775s] Level 1:colcon.colcon_core.package_identification:_identify(src/autorccar_interfaces) by extensions ['colcon_pkg']
[0.775s] Level 1:colcon.colcon_core.package_identification:_identify(src/autorccar_interfaces) by extension 'colcon_pkg'
[0.775s] Level 1:colcon.colcon_core.package_identification:_identify(src/autorccar_interfaces) by extensions ['colcon_meta']
[0.775s] Level 1:colcon.colcon_core.package_identification:_identify(src/autorccar_interfaces) by extension 'colcon_meta'
[0.775s] Level 1:colcon.colcon_core.package_identification:_identify(src/autorccar_interfaces) by extensions ['ros']
[0.775s] Level 1:colcon.colcon_core.package_identification:_identify(src/autorccar_interfaces) by extension 'ros'
[0.778s] DEBUG:colcon.colcon_core.package_identification:Package 'src/autorccar_interfaces' with type 'ros.ament_cmake' and name 'autorccar_interfaces'
[0.778s] Level 1:colcon.colcon_core.package_discovery:discover_packages(recursive) using defaults
[0.778s] Level 1:colcon.colcon_core.package_discovery:discover_packages(ignore) discover
[0.778s] Level 1:colcon.colcon_core.package_discovery:discover_packages(ignore) using defaults
[0.778s] Level 1:colcon.colcon_core.package_discovery:discover_packages(path) discover
[0.778s] Level 1:colcon.colcon_core.package_discovery:discover_packages(path) using defaults
[0.832s] Level 1:colcon.colcon_core.package_discovery:discover_packages(prefix_path) check parameters
[0.832s] Level 1:colcon.colcon_core.package_discovery:discover_packages(prefix_path) discover
[0.836s] DEBUG:colcon.colcon_installed_package_information.package_discovery:Found 1 installed packages in /home/ztl/pointcloud2pcd/install
[0.837s] DEBUG:colcon.colcon_installed_package_information.package_discovery:Found 2 installed packages in /home/ztl/lio-sam/src/LIO/LIO-SAM_MID360_ROS2_PKG/ros2/install
[0.838s] DEBUG:colcon.colcon_installed_package_information.package_discovery:Found 1 installed packages in /home/ztl/project/install
[0.841s] DEBUG:colcon.colcon_installed_package_information.package_discovery:Found 276 installed packages in /opt/ros/humble
[0.876s] Level 1:colcon.colcon_core.package_discovery:discover_packages(prefix_path) using defaults
[0.983s] Level 5:colcon.colcon_core.verb:set package 'autorccar_interfaces' build argument 'cmake_args' from command line to 'None'
[0.983s] Level 5:colcon.colcon_core.verb:set package 'autorccar_interfaces' build argument 'cmake_target' from command line to 'None'
[0.984s] Level 5:colcon.colcon_core.verb:set package 'autorccar_interfaces' build argument 'cmake_target_skip_unavailable' from command line to 'False'
[0.984s] Level 5:colcon.colcon_core.verb:set package 'autorccar_interfaces' build argument 'cmake_clean_cache' from command line to 'False'
[0.984s] Level 5:colcon.colcon_core.verb:set package 'autorccar_interfaces' build argument 'cmake_clean_first' from command line to 'False'
[0.984s] Level 5:colcon.colcon_core.verb:set package 'autorccar_interfaces' build argument 'cmake_force_configure' from command line to 'False'
[0.984s] Level 5:colcon.colcon_core.verb:set package 'autorccar_interfaces' build argument 'ament_cmake_args' from command line to 'None'
[0.984s] Level 5:colcon.colcon_core.verb:set package 'autorccar_interfaces' build argument 'catkin_cmake_args' from command line to 'None'
[0.984s] Level 5:colcon.colcon_core.verb:set package 'autorccar_interfaces' build argument 'catkin_skip_building_tests' from command line to 'False'
[0.984s] DEBUG:colcon.colcon_core.verb:Building package 'autorccar_interfaces' with the following arguments: {'ament_cmake_args': None, 'build_base': '/home/ztl/ROS_humble_LIO/build/autorccar_interfaces', 'catkin_cmake_args': None, 'catkin_skip_building_tests': False, 'cmake_args': None, 'cmake_clean_cache': False, 'cmake_clean_first': False, 'cmake_force_configure': False, 'cmake_target': None, 'cmake_target_skip_unavailable': False, 'install_base': '/home/ztl/ROS_humble_LIO/install/autorccar_interfaces', 'merge_install': False, 'path': '/home/ztl/ROS_humble_LIO/src/autorccar_interfaces', 'symlink_install': False, 'test_result_base': None}
[0.985s] Level 5:colcon.colcon_core.verb:set package 'lio_sam' build argument 'cmake_args' from command line to 'None'
[0.985s] Level 5:colcon.colcon_core.verb:set package 'lio_sam' build argument 'cmake_target' from command line to 'None'
[0.985s] Level 5:colcon.colcon_core.verb:set package 'lio_sam' build argument 'cmake_target_skip_unavailable' from command line to 'False'
[0.985s] Level 5:colcon.colcon_core.verb:set package 'lio_sam' build argument 'cmake_clean_cache' from command line to 'False'
[0.985s] Level 5:colcon.colcon_core.verb:set package 'lio_sam' build argument 'cmake_clean_first' from command line to 'False'
[0.985s] Level 5:colcon.colcon_core.verb:set package 'lio_sam' build argument 'cmake_force_configure' from command line to 'False'
[0.985s] Level 5:colcon.colcon_core.verb:set package 'lio_sam' build argument 'ament_cmake_args' from command line to 'None'
[0.986s] Level 5:colcon.colcon_core.verb:set package 'lio_sam' build argument 'catkin_cmake_args' from command line to 'None'
[0.986s] Level 5:colcon.colcon_core.verb:set package 'lio_sam' build argument 'catkin_skip_building_tests' from command line to 'False'
[0.986s] DEBUG:colcon.colcon_core.verb:Building package 'lio_sam' with the following arguments: {'ament_cmake_args': None, 'build_base': '/home/ztl/ROS_humble_LIO/build/lio_sam', 'catkin_cmake_args': None, 'catkin_skip_building_tests': False, 'cmake_args': None, 'cmake_clean_cache': False, 'cmake_clean_first': False, 'cmake_force_configure': False, 'cmake_target': None, 'cmake_target_skip_unavailable': False, 'install_base': '/home/ztl/ROS_humble_LIO/install/lio_sam', 'merge_install': False, 'path': '/home/ztl/ROS_humble_LIO/src/LiDAR_IMU_FUSION_ROS2', 'symlink_install': False, 'test_result_base': None}
[0.986s] INFO:colcon.colcon_core.executor:Executing jobs using 'parallel' executor
[0.989s] DEBUG:colcon.colcon_parallel_executor.executor.parallel:run_until_complete
[0.989s] INFO:colcon.colcon_ros.task.ament_cmake.build:Building ROS package in '/home/ztl/ROS_humble_LIO/src/autorccar_interfaces' with build type 'ament_cmake'
[0.989s] INFO:colcon.colcon_cmake.task.cmake.build:Building CMake package in '/home/ztl/ROS_humble_LIO/src/autorccar_interfaces'
[0.996s] INFO:colcon.colcon_core.plugin_system:Skipping extension 'colcon_core.shell.bat': Not used on non-Windows systems
[0.996s] INFO:colcon.colcon_core.shell:Skip shell extension 'powershell' for command environment: Not usable outside of PowerShell
[0.997s] DEBUG:colcon.colcon_core.shell:Skip shell extension 'dsv' for command environment
[1.017s] DEBUG:colcon.colcon_core.event_handler.log_command:Invoking command in '/home/ztl/ROS_humble_LIO/build/autorccar_interfaces': CMAKE_PREFIX_PATH=${CMAKE_PREFIX_PATH}:/opt/ros/humble /usr/bin/cmake --build /home/ztl/ROS_humble_LIO/build/autorccar_interfaces -- -j8 -l8
[1.987s] DEBUG:colcon.colcon_core.event_handler.log_command:Invoked command in '/home/ztl/ROS_humble_LIO/build/autorccar_interfaces' returned '0': CMAKE_PREFIX_PATH=${CMAKE_PREFIX_PATH}:/opt/ros/humble /usr/bin/cmake --build /home/ztl/ROS_humble_LIO/build/autorccar_interfaces -- -j8 -l8
[2.028s] DEBUG:colcon.colcon_core.event_handler.log_command:Invoking command in '/home/ztl/ROS_humble_LIO/build/autorccar_interfaces': CMAKE_PREFIX_PATH=${CMAKE_PREFIX_PATH}:/opt/ros/humble /usr/bin/cmake --install /home/ztl/ROS_humble_LIO/build/autorccar_interfaces
[2.378s] Level 1:colcon.colcon_core.environment:create_environment_scripts_only(autorccar_interfaces)
[2.381s] DEBUG:colcon.colcon_core.event_handler.log_command:Invoked command in '/home/ztl/ROS_humble_LIO/build/autorccar_interfaces' returned '0': CMAKE_PREFIX_PATH=${CMAKE_PREFIX_PATH}:/opt/ros/humble /usr/bin/cmake --install /home/ztl/ROS_humble_LIO/build/autorccar_interfaces
[2.396s] Level 1:colcon.colcon_core.environment:checking '/home/ztl/ROS_humble_LIO/install/autorccar_interfaces' for CMake module files
[2.401s] Level 1:colcon.colcon_core.environment:checking '/home/ztl/ROS_humble_LIO/install/autorccar_interfaces' for CMake config files
[2.405s] Level 1:colcon.colcon_core.shell:create_environment_hook('autorccar_interfaces', 'cmake_prefix_path')
[2.407s] INFO:colcon.colcon_core.shell:Creating environment hook '/home/ztl/ROS_humble_LIO/install/autorccar_interfaces/share/autorccar_interfaces/hook/cmake_prefix_path.ps1'
[2.441s] INFO:colcon.colcon_core.shell:Creating environment descriptor '/home/ztl/ROS_humble_LIO/install/autorccar_interfaces/share/autorccar_interfaces/hook/cmake_prefix_path.dsv'
[2.445s] INFO:colcon.colcon_core.shell:Creating environment hook '/home/ztl/ROS_humble_LIO/install/autorccar_interfaces/share/autorccar_interfaces/hook/cmake_prefix_path.sh'
[2.451s] Level 1:colcon.colcon_core.environment:checking '/home/ztl/ROS_humble_LIO/install/autorccar_interfaces/lib'
[2.452s] Level 1:colcon.colcon_core.shell:create_environment_hook('autorccar_interfaces', 'ld_library_path_lib')
[2.454s] INFO:colcon.colcon_core.shell:Creating environment hook '/home/ztl/ROS_humble_LIO/install/autorccar_interfaces/share/autorccar_interfaces/hook/ld_library_path_lib.ps1'
[2.457s] INFO:colcon.colcon_core.shell:Creating environment descriptor '/home/ztl/ROS_humble_LIO/install/autorccar_interfaces/share/autorccar_interfaces/hook/ld_library_path_lib.dsv'
[2.459s] INFO:colcon.colcon_core.shell:Creating environment hook '/home/ztl/ROS_humble_LIO/install/autorccar_interfaces/share/autorccar_interfaces/hook/ld_library_path_lib.sh'
[2.462s] Level 1:colcon.colcon_core.environment:checking '/home/ztl/ROS_humble_LIO/install/autorccar_interfaces/bin'
[2.462s] Level 1:colcon.colcon_core.environment:checking '/home/ztl/ROS_humble_LIO/install/autorccar_interfaces/lib/pkgconfig/autorccar_interfaces.pc'
[2.464s] Level 1:colcon.colcon_core.environment:checking '/home/ztl/ROS_humble_LIO/install/autorccar_interfaces/lib/python3.10/site-packages'
[2.466s] Level 1:colcon.colcon_core.environment:checking '/home/ztl/ROS_humble_LIO/install/autorccar_interfaces/bin'
[2.469s] INFO:colcon.colcon_core.shell:Creating package script '/home/ztl/ROS_humble_LIO/install/autorccar_interfaces/share/autorccar_interfaces/package.ps1'
[2.476s] INFO:colcon.colcon_core.shell:Creating package descriptor '/home/ztl/ROS_humble_LIO/install/autorccar_interfaces/share/autorccar_interfaces/package.dsv'
[2.480s] INFO:colcon.colcon_core.shell:Creating package script '/home/ztl/ROS_humble_LIO/install/autorccar_interfaces/share/autorccar_interfaces/package.sh'
[2.482s] INFO:colcon.colcon_core.shell:Creating package script '/home/ztl/ROS_humble_LIO/install/autorccar_interfaces/share/autorccar_interfaces/package.bash'
[2.484s] INFO:colcon.colcon_core.shell:Creating package script '/home/ztl/ROS_humble_LIO/install/autorccar_interfaces/share/autorccar_interfaces/package.zsh'
[2.486s] Level 1:colcon.colcon_core.environment:create_file_with_runtime_dependencies(/home/ztl/ROS_humble_LIO/install/autorccar_interfaces/share/colcon-core/packages/autorccar_interfaces)
[2.488s] Level 1:colcon.colcon_core.environment:create_environment_scripts_only(autorccar_interfaces)
[2.489s] Level 1:colcon.colcon_core.environment:checking '/home/ztl/ROS_humble_LIO/install/autorccar_interfaces' for CMake module files
[2.490s] Level 1:colcon.colcon_core.environment:checking '/home/ztl/ROS_humble_LIO/install/autorccar_interfaces' for CMake config files
[2.492s] Level 1:colcon.colcon_core.shell:create_environment_hook('autorccar_interfaces', 'cmake_prefix_path')
[2.493s] INFO:colcon.colcon_core.shell:Creating environment hook '/home/ztl/ROS_humble_LIO/install/autorccar_interfaces/share/autorccar_interfaces/hook/cmake_prefix_path.ps1'
[2.494s] INFO:colcon.colcon_core.shell:Creating environment descriptor '/home/ztl/ROS_humble_LIO/install/autorccar_interfaces/share/autorccar_interfaces/hook/cmake_prefix_path.dsv'
[2.603s] INFO:colcon.colcon_core.shell:Creating environment hook '/home/ztl/ROS_humble_LIO/install/autorccar_interfaces/share/autorccar_interfaces/hook/cmake_prefix_path.sh'
[2.605s] Level 1:colcon.colcon_core.environment:checking '/home/ztl/ROS_humble_LIO/install/autorccar_interfaces/lib'
[2.605s] Level 1:colcon.colcon_core.shell:create_environment_hook('autorccar_interfaces', 'ld_library_path_lib')
[2.606s] INFO:colcon.colcon_core.shell:Creating environment hook '/home/ztl/ROS_humble_LIO/install/autorccar_interfaces/share/autorccar_interfaces/hook/ld_library_path_lib.ps1'
[2.607s] INFO:colcon.colcon_core.shell:Creating environment descriptor '/home/ztl/ROS_humble_LIO/install/autorccar_interfaces/share/autorccar_interfaces/hook/ld_library_path_lib.dsv'
[2.608s] INFO:colcon.colcon_core.shell:Creating environment hook '/home/ztl/ROS_humble_LIO/install/autorccar_interfaces/share/autorccar_interfaces/hook/ld_library_path_lib.sh'
[2.610s] Level 1:colcon.colcon_core.environment:checking '/home/ztl/ROS_humble_LIO/install/autorccar_interfaces/bin'
[2.610s] Level 1:colcon.colcon_core.environment:checking '/home/ztl/ROS_humble_LIO/install/autorccar_interfaces/lib/pkgconfig/autorccar_interfaces.pc'
[2.611s] Level 1:colcon.colcon_core.environment:checking '/home/ztl/ROS_humble_LIO/install/autorccar_interfaces/lib/python3.10/site-packages'
[2.611s] Level 1:colcon.colcon_core.environment:checking '/home/ztl/ROS_humble_LIO/install/autorccar_interfaces/bin'
[2.612s] INFO:colcon.colcon_core.shell:Creating package script '/home/ztl/ROS_humble_LIO/install/autorccar_interfaces/share/autorccar_interfaces/package.ps1'
[2.614s] INFO:colcon.colcon_core.shell:Creating package descriptor '/home/ztl/ROS_humble_LIO/install/autorccar_interfaces/share/autorccar_interfaces/package.dsv'
[2.615s] INFO:colcon.colcon_core.shell:Creating package script '/home/ztl/ROS_humble_LIO/install/autorccar_interfaces/share/autorccar_interfaces/package.sh'
[2.617s] INFO:colcon.colcon_core.shell:Creating package script '/home/ztl/ROS_humble_LIO/install/autorccar_interfaces/share/autorccar_interfaces/package.bash'
[2.618s] INFO:colcon.colcon_core.shell:Creating package script '/home/ztl/ROS_humble_LIO/install/autorccar_interfaces/share/autorccar_interfaces/package.zsh'
[2.619s] Level 1:colcon.colcon_core.environment:create_file_with_runtime_dependencies(/home/ztl/ROS_humble_LIO/install/autorccar_interfaces/share/colcon-core/packages/autorccar_interfaces)
[2.620s] INFO:colcon.colcon_ros.task.ament_cmake.build:Building ROS package in '/home/ztl/ROS_humble_LIO/src/LiDAR_IMU_FUSION_ROS2' with build type 'ament_cmake'
[2.620s] INFO:colcon.colcon_cmake.task.cmake.build:Building CMake package in '/home/ztl/ROS_humble_LIO/src/LiDAR_IMU_FUSION_ROS2'
[2.621s] INFO:colcon.colcon_core.shell:Skip shell extension 'powershell' for command environment: Not usable outside of PowerShell
[2.621s] DEBUG:colcon.colcon_core.shell:Skip shell extension 'dsv' for command environment
[2.656s] DEBUG:colcon.colcon_core.event_handler.log_command:Invoking command in '/home/ztl/ROS_humble_LIO/build/lio_sam': AMENT_PREFIX_PATH=/home/ztl/ROS_humble_LIO/install/autorccar_interfaces:${AMENT_PREFIX_PATH} CMAKE_PREFIX_PATH=/home/ztl/ROS_humble_LIO/install/autorccar_interfaces:/home/ztl/pointcloud2pcd/install/pointcloud2_to_pcd:/home/ztl/lio-sam/src/LIO/LIO-SAM_MID360_ROS2_PKG/ros2/install/lio_sam:/home/ztl/lio-sam/src/LIO/LIO-SAM_MID360_ROS2_PKG/ros2/install/autorccar_interfaces:/home/ztl/project/install/livox_ros_driver2:/opt/ros/humble LD_LIBRARY_PATH=/home/ztl/ROS_humble_LIO/install/autorccar_interfaces/lib:${LD_LIBRARY_PATH} PYTHONPATH=/home/ztl/ROS_humble_LIO/install/autorccar_interfaces/local/lib/python3.10/dist-packages:${PYTHONPATH} /usr/bin/cmake --build /home/ztl/ROS_humble_LIO/build/lio_sam -- -j8 -l8
[184.177s] DEBUG:colcon.colcon_core.event_handler.log_command:Invoked command in '/home/ztl/ROS_humble_LIO/build/lio_sam' returned '0': AMENT_PREFIX_PATH=/home/ztl/ROS_humble_LIO/install/autorccar_interfaces:${AMENT_PREFIX_PATH} CMAKE_PREFIX_PATH=/home/ztl/ROS_humble_LIO/install/autorccar_interfaces:/home/ztl/pointcloud2pcd/install/pointcloud2_to_pcd:/home/ztl/lio-sam/src/LIO/LIO-SAM_MID360_ROS2_PKG/ros2/install/lio_sam:/home/ztl/lio-sam/src/LIO/LIO-SAM_MID360_ROS2_PKG/ros2/install/autorccar_interfaces:/home/ztl/project/install/livox_ros_driver2:/opt/ros/humble LD_LIBRARY_PATH=/home/ztl/ROS_humble_LIO/install/autorccar_interfaces/lib:${LD_LIBRARY_PATH} PYTHONPATH=/home/ztl/ROS_humble_LIO/install/autorccar_interfaces/local/lib/python3.10/dist-packages:${PYTHONPATH} /usr/bin/cmake --build /home/ztl/ROS_humble_LIO/build/lio_sam -- -j8 -l8
[184.190s] DEBUG:colcon.colcon_core.event_handler.log_command:Invoking command in '/home/ztl/ROS_humble_LIO/build/lio_sam': AMENT_PREFIX_PATH=/home/ztl/ROS_humble_LIO/install/autorccar_interfaces:${AMENT_PREFIX_PATH} CMAKE_PREFIX_PATH=/home/ztl/ROS_humble_LIO/install/autorccar_interfaces:/home/ztl/pointcloud2pcd/install/pointcloud2_to_pcd:/home/ztl/lio-sam/src/LIO/LIO-SAM_MID360_ROS2_PKG/ros2/install/lio_sam:/home/ztl/lio-sam/src/LIO/LIO-SAM_MID360_ROS2_PKG/ros2/install/autorccar_interfaces:/home/ztl/project/install/livox_ros_driver2:/opt/ros/humble LD_LIBRARY_PATH=/home/ztl/ROS_humble_LIO/install/autorccar_interfaces/lib:${LD_LIBRARY_PATH} PYTHONPATH=/home/ztl/ROS_humble_LIO/install/autorccar_interfaces/local/lib/python3.10/dist-packages:${PYTHONPATH} /usr/bin/cmake --install /home/ztl/ROS_humble_LIO/build/lio_sam
[184.445s] Level 1:colcon.colcon_core.environment:create_environment_scripts_only(lio_sam)
[184.448s] Level 1:colcon.colcon_core.environment:checking '/home/ztl/ROS_humble_LIO/install/lio_sam' for CMake module files
[184.453s] DEBUG:colcon.colcon_core.event_handler.log_command:Invoked command in '/home/ztl/ROS_humble_LIO/build/lio_sam' returned '0': AMENT_PREFIX_PATH=/home/ztl/ROS_humble_LIO/install/autorccar_interfaces:${AMENT_PREFIX_PATH} CMAKE_PREFIX_PATH=/home/ztl/ROS_humble_LIO/install/autorccar_interfaces:/home/ztl/pointcloud2pcd/install/pointcloud2_to_pcd:/home/ztl/lio-sam/src/LIO/LIO-SAM_MID360_ROS2_PKG/ros2/install/lio_sam:/home/ztl/lio-sam/src/LIO/LIO-SAM_MID360_ROS2_PKG/ros2/install/autorccar_interfaces:/home/ztl/project/install/livox_ros_driver2:/opt/ros/humble LD_LIBRARY_PATH=/home/ztl/ROS_humble_LIO/install/autorccar_interfaces/lib:${LD_LIBRARY_PATH} PYTHONPATH=/home/ztl/ROS_humble_LIO/install/autorccar_interfaces/local/lib/python3.10/dist-packages:${PYTHONPATH} /usr/bin/cmake --install /home/ztl/ROS_humble_LIO/build/lio_sam
[184.458s] Level 1:colcon.colcon_core.environment:checking '/home/ztl/ROS_humble_LIO/install/lio_sam' for CMake config files
[184.463s] Level 1:colcon.colcon_core.shell:create_environment_hook('lio_sam', 'cmake_prefix_path')
[184.465s] INFO:colcon.colcon_core.shell:Creating environment hook '/home/ztl/ROS_humble_LIO/install/lio_sam/share/lio_sam/hook/cmake_prefix_path.ps1'
[184.469s] INFO:colcon.colcon_core.shell:Creating environment descriptor '/home/ztl/ROS_humble_LIO/install/lio_sam/share/lio_sam/hook/cmake_prefix_path.dsv'
[184.471s] INFO:colcon.colcon_core.shell:Creating environment hook '/home/ztl/ROS_humble_LIO/install/lio_sam/share/lio_sam/hook/cmake_prefix_path.sh'
[184.475s] Level 1:colcon.colcon_core.environment:checking '/home/ztl/ROS_humble_LIO/install/lio_sam/lib'
[184.476s] Level 1:colcon.colcon_core.shell:create_environment_hook('lio_sam', 'ld_library_path_lib')
[184.478s] INFO:colcon.colcon_core.shell:Creating environment hook '/home/ztl/ROS_humble_LIO/install/lio_sam/share/lio_sam/hook/ld_library_path_lib.ps1'
[184.481s] INFO:colcon.colcon_core.shell:Creating environment descriptor '/home/ztl/ROS_humble_LIO/install/lio_sam/share/lio_sam/hook/ld_library_path_lib.dsv'
[184.483s] INFO:colcon.colcon_core.shell:Creating environment hook '/home/ztl/ROS_humble_LIO/install/lio_sam/share/lio_sam/hook/ld_library_path_lib.sh'
[184.485s] Level 1:colcon.colcon_core.environment:checking '/home/ztl/ROS_humble_LIO/install/lio_sam/bin'
[184.486s] Level 1:colcon.colcon_core.environment:checking '/home/ztl/ROS_humble_LIO/install/lio_sam/lib/pkgconfig/lio_sam.pc'
[184.488s] Level 1:colcon.colcon_core.environment:checking '/home/ztl/ROS_humble_LIO/install/lio_sam/lib/python3.10/site-packages'
[184.490s] Level 1:colcon.colcon_core.environment:checking '/home/ztl/ROS_humble_LIO/install/lio_sam/bin'
[184.493s] INFO:colcon.colcon_core.shell:Creating package script '/home/ztl/ROS_humble_LIO/install/lio_sam/share/lio_sam/package.ps1'
[184.497s] INFO:colcon.colcon_core.shell:Creating package descriptor '/home/ztl/ROS_humble_LIO/install/lio_sam/share/lio_sam/package.dsv'
[184.501s] INFO:colcon.colcon_core.shell:Creating package script '/home/ztl/ROS_humble_LIO/install/lio_sam/share/lio_sam/package.sh'
[184.503s] INFO:colcon.colcon_core.shell:Creating package script '/home/ztl/ROS_humble_LIO/install/lio_sam/share/lio_sam/package.bash'
[184.504s] INFO:colcon.colcon_core.shell:Creating package script '/home/ztl/ROS_humble_LIO/install/lio_sam/share/lio_sam/package.zsh'
[184.505s] Level 1:colcon.colcon_core.environment:create_file_with_runtime_dependencies(/home/ztl/ROS_humble_LIO/install/lio_sam/share/colcon-core/packages/lio_sam)
[184.507s] Level 1:colcon.colcon_core.environment:create_environment_scripts_only(lio_sam)
[184.508s] Level 1:colcon.colcon_core.environment:checking '/home/ztl/ROS_humble_LIO/install/lio_sam' for CMake module files
[184.509s] Level 1:colcon.colcon_core.environment:checking '/home/ztl/ROS_humble_LIO/install/lio_sam' for CMake config files
[184.511s] Level 1:colcon.colcon_core.shell:create_environment_hook('lio_sam', 'cmake_prefix_path')
[184.511s] INFO:colcon.colcon_core.shell:Creating environment hook '/home/ztl/ROS_humble_LIO/install/lio_sam/share/lio_sam/hook/cmake_prefix_path.ps1'
[184.512s] INFO:colcon.colcon_core.shell:Creating environment descriptor '/home/ztl/ROS_humble_LIO/install/lio_sam/share/lio_sam/hook/cmake_prefix_path.dsv'
[184.513s] INFO:colcon.colcon_core.shell:Creating environment hook '/home/ztl/ROS_humble_LIO/install/lio_sam/share/lio_sam/hook/cmake_prefix_path.sh'
[184.515s] Level 1:colcon.colcon_core.environment:checking '/home/ztl/ROS_humble_LIO/install/lio_sam/lib'
[184.515s] Level 1:colcon.colcon_core.shell:create_environment_hook('lio_sam', 'ld_library_path_lib')
[184.515s] INFO:colcon.colcon_core.shell:Creating environment hook '/home/ztl/ROS_humble_LIO/install/lio_sam/share/lio_sam/hook/ld_library_path_lib.ps1'
[184.516s] INFO:colcon.colcon_core.shell:Creating environment descriptor '/home/ztl/ROS_humble_LIO/install/lio_sam/share/lio_sam/hook/ld_library_path_lib.dsv'
[184.517s] INFO:colcon.colcon_core.shell:Creating environment hook '/home/ztl/ROS_humble_LIO/install/lio_sam/share/lio_sam/hook/ld_library_path_lib.sh'
[184.518s] Level 1:colcon.colcon_core.environment:checking '/home/ztl/ROS_humble_LIO/install/lio_sam/bin'
[184.518s] Level 1:colcon.colcon_core.environment:checking '/home/ztl/ROS_humble_LIO/install/lio_sam/lib/pkgconfig/lio_sam.pc'
[184.519s] Level 1:colcon.colcon_core.environment:checking '/home/ztl/ROS_humble_LIO/install/lio_sam/lib/python3.10/site-packages'
[184.520s] Level 1:colcon.colcon_core.environment:checking '/home/ztl/ROS_humble_LIO/install/lio_sam/bin'
[184.521s] INFO:colcon.colcon_core.shell:Creating package script '/home/ztl/ROS_humble_LIO/install/lio_sam/share/lio_sam/package.ps1'
[184.522s] INFO:colcon.colcon_core.shell:Creating package descriptor '/home/ztl/ROS_humble_LIO/install/lio_sam/share/lio_sam/package.dsv'
[184.524s] INFO:colcon.colcon_core.shell:Creating package script '/home/ztl/ROS_humble_LIO/install/lio_sam/share/lio_sam/package.sh'
[184.525s] INFO:colcon.colcon_core.shell:Creating package script '/home/ztl/ROS_humble_LIO/install/lio_sam/share/lio_sam/package.bash'
[184.527s] INFO:colcon.colcon_core.shell:Creating package script '/home/ztl/ROS_humble_LIO/install/lio_sam/share/lio_sam/package.zsh'
[184.528s] Level 1:colcon.colcon_core.environment:create_file_with_runtime_dependencies(/home/ztl/ROS_humble_LIO/install/lio_sam/share/colcon-core/packages/lio_sam)
[184.528s] DEBUG:colcon.colcon_parallel_executor.executor.parallel:closing loop
[184.529s] DEBUG:colcon.colcon_parallel_executor.executor.parallel:loop closed
[184.530s] DEBUG:colcon.colcon_parallel_executor.executor.parallel:run_until_complete finished with '0'
[184.530s] DEBUG:colcon.colcon_core.event_reactor:joining thread
[184.542s] INFO:colcon.colcon_core.plugin_system:Skipping extension 'colcon_notification.desktop_notification.terminal_notifier': Not used on non-Darwin systems
[184.542s] INFO:colcon.colcon_core.plugin_system:Skipping extension 'colcon_notification.desktop_notification.win32': Not used on non-Windows systems
[184.542s] INFO:colcon.colcon_notification.desktop_notification:Sending desktop notification using 'notify2'
[184.621s] DEBUG:colcon.colcon_core.event_reactor:joined thread
[184.621s] INFO:colcon.colcon_core.shell:Creating prefix script '/home/ztl/ROS_humble_LIO/install/local_setup.ps1'
[184.624s] INFO:colcon.colcon_core.shell:Creating prefix util module '/home/ztl/ROS_humble_LIO/install/_local_setup_util_ps1.py'
[184.628s] INFO:colcon.colcon_core.shell:Creating prefix chain script '/home/ztl/ROS_humble_LIO/install/setup.ps1'
[184.631s] INFO:colcon.colcon_core.shell:Creating prefix script '/home/ztl/ROS_humble_LIO/install/local_setup.sh'
[184.633s] INFO:colcon.colcon_core.shell:Creating prefix util module '/home/ztl/ROS_humble_LIO/install/_local_setup_util_sh.py'
[184.634s] INFO:colcon.colcon_core.shell:Creating prefix chain script '/home/ztl/ROS_humble_LIO/install/setup.sh'
[184.637s] INFO:colcon.colcon_core.shell:Creating prefix script '/home/ztl/ROS_humble_LIO/install/local_setup.bash'
[184.639s] INFO:colcon.colcon_core.shell:Creating prefix chain script '/home/ztl/ROS_humble_LIO/install/setup.bash'
[184.642s] INFO:colcon.colcon_core.shell:Creating prefix script '/home/ztl/ROS_humble_LIO/install/local_setup.zsh'
[184.643s] INFO:colcon.colcon_core.shell:Creating prefix chain script '/home/ztl/ROS_humble_LIO/install/setup.zsh'
