[  8%] Built target lio_sam__rosidl_generator_c
[ 10%] Built target lio_sam__cpp
[ 10%] Built target ament_cmake_python_copy_lio_sam
[ 19%] Built target lio_sam__rosidl_typesupport_c
[ 27%] Built target lio_sam__rosidl_typesupport_introspection_c
[ 36%] Built target lio_sam__rosidl_typesupport_fastrtps_c
[ 44%] Built target lio_sam__rosidl_typesupport_cpp
[ 53%] Built target lio_sam__rosidl_typesupport_introspection_cpp
[ 61%] Built target lio_sam__rosidl_typesupport_fastrtps_cpp
[ 65%] Built target lio_sam_featureExtraction
[35m[1mConsolidate compiler generated dependencies of target lio_sam_mapOptimization[0m
[ 65%] Built target lio_sam
[ 70%] Built target lio_sam_imageProjection
[ 72%] Built target lio_sam__py
[ 76%] Built target lio_sam_imuPreintegration
[ 78%] [32mBuilding CXX object CMakeFiles/lio_sam_mapOptimization.dir/src/mapOptmization.cpp.o[0m
[ 85%] Built target lio_sam__rosidl_generator_py
[ 89%] Built target lio_sam__rosidl_typesupport_fastrtps_c__pyext
[ 93%] Built target lio_sam__rosidl_typesupport_c__pyext
[ 97%] Built target lio_sam__rosidl_typesupport_introspection_c__pyext
running egg_info
writing lio_sam.egg-info/PKG-INFO
writing dependency_links to lio_sam.egg-info/dependency_links.txt
writing top-level names to lio_sam.egg-info/top_level.txt
reading manifest file 'lio_sam.egg-info/SOURCES.txt'
writing manifest file 'lio_sam.egg-info/SOURCES.txt'
[ 97%] Built target ament_cmake_python_build_lio_sam_egg
[01m[K/home/ztl/ROS_humble_LIO/src/LiDAR_IMU_FUSION_ROS2/src/mapOptmization.cpp:[m[K In member function ‘[01m[Kbool mapOptimization::saveMapService()[m[K’:
[01m[K/home/ztl/ROS_humble_LIO/src/LiDAR_IMU_FUSION_ROS2/src/mapOptmization.cpp:468:16:[m[K [01;31m[Kerror: [m[K‘[01m[Kreq[m[K’ was not declared in this scope
  468 |             if([01;31m[Kreq[m[K.resolution != 0)
      |                [01;31m[K^~~[m[K
gmake[2]: *** [CMakeFiles/lio_sam_mapOptimization.dir/build.make:76：CMakeFiles/lio_sam_mapOptimization.dir/src/mapOptmization.cpp.o] 错误 1
gmake[1]: *** [CMakeFiles/Makefile2:680：CMakeFiles/lio_sam_mapOptimization.dir/all] 错误 2
gmake: *** [Makefile:146：all] 错误 2
