[0.025s] Invoking command in '/home/ztl/ROS_humble_LIO/build/lio_sam': AMENT_PREFIX_PATH=/home/ztl/ROS_humble_LIO/install/autorccar_interfaces:${AMENT_PREFIX_PATH} CMAKE_PREFIX_PATH=/home/ztl/ROS_humble_LIO/install/autorccar_interfaces:/home/ztl/pointcloud2pcd/install/pointcloud2_to_pcd:/home/ztl/lio-sam/src/LIO/LIO-SAM_MID360_ROS2_PKG/ros2/install/lio_sam:/home/ztl/lio-sam/src/LIO/LIO-SAM_MID360_ROS2_PKG/ros2/install/autorccar_interfaces:/home/ztl/project/install/livox_ros_driver2:/opt/ros/humble LD_LIBRARY_PATH=/home/ztl/ROS_humble_LIO/install/autorccar_interfaces/lib:${LD_LIBRARY_PATH} PYTHONPATH=/home/ztl/ROS_humble_LIO/install/autorccar_interfaces/local/lib/python3.10/dist-packages:${PYTHONPATH} /usr/bin/cmake --build /home/ztl/ROS_humble_LIO/build/lio_sam -- -j8 -l8
[0.188s] [  8%] Built target lio_sam__rosidl_generator_c
[0.212s] [ 10%] Built target lio_sam__cpp
[0.229s] [ 10%] Built target ament_cmake_python_copy_lio_sam
[0.236s] [ 19%] Built target lio_sam__rosidl_typesupport_c
[0.237s] [ 27%] Built target lio_sam__rosidl_typesupport_introspection_c
[0.270s] [ 36%] Built target lio_sam__rosidl_typesupport_fastrtps_c
[0.283s] [ 44%] Built target lio_sam__rosidl_typesupport_cpp
[0.301s] [ 53%] Built target lio_sam__rosidl_typesupport_introspection_cpp
[0.338s] [ 61%] Built target lio_sam__rosidl_typesupport_fastrtps_cpp
[0.392s] [ 65%] Built target lio_sam_featureExtraction
[0.421s] [35m[1mConsolidate compiler generated dependencies of target lio_sam_mapOptimization[0m
[0.430s] [ 65%] Built target lio_sam
[0.449s] [ 70%] Built target lio_sam_imageProjection
[0.491s] [ 72%] Built target lio_sam__py
[0.499s] [ 76%] Built target lio_sam_imuPreintegration
[0.529s] [ 78%] [32mBuilding CXX object CMakeFiles/lio_sam_mapOptimization.dir/src/mapOptmization.cpp.o[0m
[0.578s] [ 85%] Built target lio_sam__rosidl_generator_py
[0.629s] [ 89%] Built target lio_sam__rosidl_typesupport_fastrtps_c__pyext
[0.653s] [ 93%] Built target lio_sam__rosidl_typesupport_c__pyext
[0.666s] [ 97%] Built target lio_sam__rosidl_typesupport_introspection_c__pyext
[0.869s] running egg_info
[0.872s] writing lio_sam.egg-info/PKG-INFO
[0.873s] writing dependency_links to lio_sam.egg-info/dependency_links.txt
[0.874s] writing top-level names to lio_sam.egg-info/top_level.txt
[0.879s] reading manifest file 'lio_sam.egg-info/SOURCES.txt'
[0.881s] writing manifest file 'lio_sam.egg-info/SOURCES.txt'
[0.979s] [ 97%] Built target ament_cmake_python_build_lio_sam_egg
[33.041s] [01m[K/home/ztl/ROS_humble_LIO/src/LiDAR_IMU_FUSION_ROS2/src/mapOptmization.cpp:[m[K In member function ‘[01m[Kbool mapOptimization::saveMapService()[m[K’:
[33.041s] [01m[K/home/ztl/ROS_humble_LIO/src/LiDAR_IMU_FUSION_ROS2/src/mapOptmization.cpp:468:16:[m[K [01;31m[Kerror: [m[K‘[01m[Kreq[m[K’ was not declared in this scope
[33.041s]   468 |             if([01;31m[Kreq[m[K.resolution != 0)
[33.041s]       |                [01;31m[K^~~[m[K
[94.381s] gmake[2]: *** [CMakeFiles/lio_sam_mapOptimization.dir/build.make:76：CMakeFiles/lio_sam_mapOptimization.dir/src/mapOptmization.cpp.o] 错误 1
[94.382s] gmake[1]: *** [CMakeFiles/Makefile2:680：CMakeFiles/lio_sam_mapOptimization.dir/all] 错误 2
[94.383s] gmake: *** [Makefile:146：all] 错误 2
[94.388s] Invoked command in '/home/ztl/ROS_humble_LIO/build/lio_sam' returned '2': AMENT_PREFIX_PATH=/home/ztl/ROS_humble_LIO/install/autorccar_interfaces:${AMENT_PREFIX_PATH} CMAKE_PREFIX_PATH=/home/ztl/ROS_humble_LIO/install/autorccar_interfaces:/home/ztl/pointcloud2pcd/install/pointcloud2_to_pcd:/home/ztl/lio-sam/src/LIO/LIO-SAM_MID360_ROS2_PKG/ros2/install/lio_sam:/home/ztl/lio-sam/src/LIO/LIO-SAM_MID360_ROS2_PKG/ros2/install/autorccar_interfaces:/home/ztl/project/install/livox_ros_driver2:/opt/ros/humble LD_LIBRARY_PATH=/home/ztl/ROS_humble_LIO/install/autorccar_interfaces/lib:${LD_LIBRARY_PATH} PYTHONPATH=/home/ztl/ROS_humble_LIO/install/autorccar_interfaces/local/lib/python3.10/dist-packages:${PYTHONPATH} /usr/bin/cmake --build /home/ztl/ROS_humble_LIO/build/lio_sam -- -j8 -l8
