[0.279s] DEBUG:colcon:Command line arguments: ['/usr/bin/colcon', 'build']
[0.279s] DEBUG:colcon:Parsed command line arguments: Namespace(log_base=None, log_level=None, verb_name='build', build_base='build', install_base='install', merge_install=False, symlink_install=False, test_result_base=None, continue_on_error=False, executor='parallel', parallel_workers=8, event_handlers=None, ignore_user_meta=False, metas=['./colcon.meta'], base_paths=['.'], packages_ignore=None, packages_ignore_regex=None, paths=None, packages_up_to=None, packages_up_to_regex=None, packages_above=None, packages_above_and_dependencies=None, packages_above_depth=None, packages_select_by_dep=None, packages_skip_by_dep=None, packages_skip_up_to=None, packages_select_build_failed=False, packages_skip_build_finished=False, packages_select_test_failures=False, packages_skip_test_passed=False, packages_select=None, packages_skip=None, packages_select_regex=None, packages_skip_regex=None, packages_start=None, packages_end=None, allow_overriding=[], cmake_args=None, cmake_target=None, cmake_target_skip_unavailable=False, cmake_clean_cache=False, cmake_clean_first=False, cmake_force_configure=False, ament_cmake_args=None, catkin_cmake_args=None, catkin_skip_building_tests=False, verb_parser=<colcon_defaults.argument_parser.defaults.DefaultArgumentsDecorator object at 0x7fb577bf70>, verb_extension=<colcon_core.verb.build.BuildVerb object at 0x7fb56cd360>, main=<bound method BuildVerb.main of <colcon_core.verb.build.BuildVerb object at 0x7fb56cd360>>)
[0.722s] Level 1:colcon.colcon_core.package_discovery:discover_packages(colcon_meta) check parameters
[0.722s] Level 1:colcon.colcon_core.package_discovery:discover_packages(recursive) check parameters
[0.722s] Level 1:colcon.colcon_core.package_discovery:discover_packages(ignore) check parameters
[0.722s] Level 1:colcon.colcon_core.package_discovery:discover_packages(path) check parameters
[0.722s] Level 1:colcon.colcon_core.package_discovery:discover_packages(colcon_meta) discover
[0.723s] Level 1:colcon.colcon_core.package_discovery:discover_packages(recursive) discover
[0.723s] INFO:colcon.colcon_core.package_discovery:Crawling recursively for packages in '/home/ztl/ROS_humble_LIO'
[0.723s] Level 1:colcon.colcon_core.package_identification:_identify(.) by extensions ['ignore', 'ignore_ament_install']
[0.724s] Level 1:colcon.colcon_core.package_identification:_identify(.) by extension 'ignore'
[0.724s] Level 1:colcon.colcon_core.package_identification:_identify(.) by extension 'ignore_ament_install'
[0.724s] Level 1:colcon.colcon_core.package_identification:_identify(.) by extensions ['colcon_pkg']
[0.724s] Level 1:colcon.colcon_core.package_identification:_identify(.) by extension 'colcon_pkg'
[0.724s] Level 1:colcon.colcon_core.package_identification:_identify(.) by extensions ['colcon_meta']
[0.724s] Level 1:colcon.colcon_core.package_identification:_identify(.) by extension 'colcon_meta'
[0.724s] Level 1:colcon.colcon_core.package_identification:_identify(.) by extensions ['ros']
[0.724s] Level 1:colcon.colcon_core.package_identification:_identify(.) by extension 'ros'
[0.757s] Level 1:colcon.colcon_core.package_identification:_identify(.) by extensions ['cmake', 'python']
[0.757s] Level 1:colcon.colcon_core.package_identification:_identify(.) by extension 'cmake'
[0.758s] Level 1:colcon.colcon_core.package_identification:_identify(.) by extension 'python'
[0.758s] Level 1:colcon.colcon_core.package_identification:_identify(.) by extensions ['python_setup_py']
[0.758s] Level 1:colcon.colcon_core.package_identification:_identify(.) by extension 'python_setup_py'
[0.758s] Level 1:colcon.colcon_core.package_identification:_identify(build) by extensions ['ignore', 'ignore_ament_install']
[0.758s] Level 1:colcon.colcon_core.package_identification:_identify(build) by extension 'ignore'
[0.758s] Level 1:colcon.colcon_core.package_identification:_identify(build) ignored
[0.759s] Level 1:colcon.colcon_core.package_identification:_identify(install) by extensions ['ignore', 'ignore_ament_install']
[0.759s] Level 1:colcon.colcon_core.package_identification:_identify(install) by extension 'ignore'
[0.759s] Level 1:colcon.colcon_core.package_identification:_identify(install) ignored
[0.759s] Level 1:colcon.colcon_core.package_identification:_identify(log) by extensions ['ignore', 'ignore_ament_install']
[0.759s] Level 1:colcon.colcon_core.package_identification:_identify(log) by extension 'ignore'
[0.760s] Level 1:colcon.colcon_core.package_identification:_identify(log) ignored
[0.760s] Level 1:colcon.colcon_core.package_identification:_identify(src) by extensions ['ignore', 'ignore_ament_install']
[0.760s] Level 1:colcon.colcon_core.package_identification:_identify(src) by extension 'ignore'
[0.760s] Level 1:colcon.colcon_core.package_identification:_identify(src) by extension 'ignore_ament_install'
[0.760s] Level 1:colcon.colcon_core.package_identification:_identify(src) by extensions ['colcon_pkg']
[0.760s] Level 1:colcon.colcon_core.package_identification:_identify(src) by extension 'colcon_pkg'
[0.760s] Level 1:colcon.colcon_core.package_identification:_identify(src) by extensions ['colcon_meta']
[0.760s] Level 1:colcon.colcon_core.package_identification:_identify(src) by extension 'colcon_meta'
[0.761s] Level 1:colcon.colcon_core.package_identification:_identify(src) by extensions ['ros']
[0.761s] Level 1:colcon.colcon_core.package_identification:_identify(src) by extension 'ros'
[0.761s] Level 1:colcon.colcon_core.package_identification:_identify(src) by extensions ['cmake', 'python']
[0.761s] Level 1:colcon.colcon_core.package_identification:_identify(src) by extension 'cmake'
[0.761s] Level 1:colcon.colcon_core.package_identification:_identify(src) by extension 'python'
[0.761s] Level 1:colcon.colcon_core.package_identification:_identify(src) by extensions ['python_setup_py']
[0.761s] Level 1:colcon.colcon_core.package_identification:_identify(src) by extension 'python_setup_py'
[0.761s] Level 1:colcon.colcon_core.package_identification:_identify(src/LiDAR_IMU_FUSION_ROS2) by extensions ['ignore', 'ignore_ament_install']
[0.762s] Level 1:colcon.colcon_core.package_identification:_identify(src/LiDAR_IMU_FUSION_ROS2) by extension 'ignore'
[0.762s] Level 1:colcon.colcon_core.package_identification:_identify(src/LiDAR_IMU_FUSION_ROS2) by extension 'ignore_ament_install'
[0.762s] Level 1:colcon.colcon_core.package_identification:_identify(src/LiDAR_IMU_FUSION_ROS2) by extensions ['colcon_pkg']
[0.762s] Level 1:colcon.colcon_core.package_identification:_identify(src/LiDAR_IMU_FUSION_ROS2) by extension 'colcon_pkg'
[0.762s] Level 1:colcon.colcon_core.package_identification:_identify(src/LiDAR_IMU_FUSION_ROS2) by extensions ['colcon_meta']
[0.762s] Level 1:colcon.colcon_core.package_identification:_identify(src/LiDAR_IMU_FUSION_ROS2) by extension 'colcon_meta'
[0.762s] Level 1:colcon.colcon_core.package_identification:_identify(src/LiDAR_IMU_FUSION_ROS2) by extensions ['ros']
[0.762s] Level 1:colcon.colcon_core.package_identification:_identify(src/LiDAR_IMU_FUSION_ROS2) by extension 'ros'
[0.770s] DEBUG:colcon.colcon_core.package_identification:Package 'src/LiDAR_IMU_FUSION_ROS2' with type 'ros.ament_cmake' and name 'lio_sam'
[0.771s] Level 1:colcon.colcon_core.package_identification:_identify(src/autorccar_interfaces) by extensions ['ignore', 'ignore_ament_install']
[0.771s] Level 1:colcon.colcon_core.package_identification:_identify(src/autorccar_interfaces) by extension 'ignore'
[0.771s] Level 1:colcon.colcon_core.package_identification:_identify(src/autorccar_interfaces) by extension 'ignore_ament_install'
[0.771s] Level 1:colcon.colcon_core.package_identification:_identify(src/autorccar_interfaces) by extensions ['colcon_pkg']
[0.771s] Level 1:colcon.colcon_core.package_identification:_identify(src/autorccar_interfaces) by extension 'colcon_pkg'
[0.771s] Level 1:colcon.colcon_core.package_identification:_identify(src/autorccar_interfaces) by extensions ['colcon_meta']
[0.772s] Level 1:colcon.colcon_core.package_identification:_identify(src/autorccar_interfaces) by extension 'colcon_meta'
[0.772s] Level 1:colcon.colcon_core.package_identification:_identify(src/autorccar_interfaces) by extensions ['ros']
[0.772s] Level 1:colcon.colcon_core.package_identification:_identify(src/autorccar_interfaces) by extension 'ros'
[0.774s] DEBUG:colcon.colcon_core.package_identification:Package 'src/autorccar_interfaces' with type 'ros.ament_cmake' and name 'autorccar_interfaces'
[0.774s] Level 1:colcon.colcon_core.package_discovery:discover_packages(recursive) using defaults
[0.775s] Level 1:colcon.colcon_core.package_discovery:discover_packages(ignore) discover
[0.775s] Level 1:colcon.colcon_core.package_discovery:discover_packages(ignore) using defaults
[0.775s] Level 1:colcon.colcon_core.package_discovery:discover_packages(path) discover
[0.775s] Level 1:colcon.colcon_core.package_discovery:discover_packages(path) using defaults
[0.828s] Level 1:colcon.colcon_core.package_discovery:discover_packages(prefix_path) check parameters
[0.828s] Level 1:colcon.colcon_core.package_discovery:discover_packages(prefix_path) discover
[0.832s] DEBUG:colcon.colcon_installed_package_information.package_discovery:Found 1 installed packages in /home/ztl/pointcloud2pcd/install
[0.833s] DEBUG:colcon.colcon_installed_package_information.package_discovery:Found 2 installed packages in /home/ztl/lio-sam/src/LIO/LIO-SAM_MID360_ROS2_PKG/ros2/install
[0.834s] DEBUG:colcon.colcon_installed_package_information.package_discovery:Found 1 installed packages in /home/ztl/project/install
[0.838s] DEBUG:colcon.colcon_installed_package_information.package_discovery:Found 276 installed packages in /opt/ros/humble
[0.874s] Level 1:colcon.colcon_core.package_discovery:discover_packages(prefix_path) using defaults
[0.982s] Level 5:colcon.colcon_core.verb:set package 'autorccar_interfaces' build argument 'cmake_args' from command line to 'None'
[0.982s] Level 5:colcon.colcon_core.verb:set package 'autorccar_interfaces' build argument 'cmake_target' from command line to 'None'
[0.982s] Level 5:colcon.colcon_core.verb:set package 'autorccar_interfaces' build argument 'cmake_target_skip_unavailable' from command line to 'False'
[0.982s] Level 5:colcon.colcon_core.verb:set package 'autorccar_interfaces' build argument 'cmake_clean_cache' from command line to 'False'
[0.982s] Level 5:colcon.colcon_core.verb:set package 'autorccar_interfaces' build argument 'cmake_clean_first' from command line to 'False'
[0.982s] Level 5:colcon.colcon_core.verb:set package 'autorccar_interfaces' build argument 'cmake_force_configure' from command line to 'False'
[0.983s] Level 5:colcon.colcon_core.verb:set package 'autorccar_interfaces' build argument 'ament_cmake_args' from command line to 'None'
[0.983s] Level 5:colcon.colcon_core.verb:set package 'autorccar_interfaces' build argument 'catkin_cmake_args' from command line to 'None'
[0.983s] Level 5:colcon.colcon_core.verb:set package 'autorccar_interfaces' build argument 'catkin_skip_building_tests' from command line to 'False'
[0.983s] DEBUG:colcon.colcon_core.verb:Building package 'autorccar_interfaces' with the following arguments: {'ament_cmake_args': None, 'build_base': '/home/ztl/ROS_humble_LIO/build/autorccar_interfaces', 'catkin_cmake_args': None, 'catkin_skip_building_tests': False, 'cmake_args': None, 'cmake_clean_cache': False, 'cmake_clean_first': False, 'cmake_force_configure': False, 'cmake_target': None, 'cmake_target_skip_unavailable': False, 'install_base': '/home/ztl/ROS_humble_LIO/install/autorccar_interfaces', 'merge_install': False, 'path': '/home/ztl/ROS_humble_LIO/src/autorccar_interfaces', 'symlink_install': False, 'test_result_base': None}
[0.984s] Level 5:colcon.colcon_core.verb:set package 'lio_sam' build argument 'cmake_args' from command line to 'None'
[0.984s] Level 5:colcon.colcon_core.verb:set package 'lio_sam' build argument 'cmake_target' from command line to 'None'
[0.984s] Level 5:colcon.colcon_core.verb:set package 'lio_sam' build argument 'cmake_target_skip_unavailable' from command line to 'False'
[0.984s] Level 5:colcon.colcon_core.verb:set package 'lio_sam' build argument 'cmake_clean_cache' from command line to 'False'
[0.984s] Level 5:colcon.colcon_core.verb:set package 'lio_sam' build argument 'cmake_clean_first' from command line to 'False'
[0.984s] Level 5:colcon.colcon_core.verb:set package 'lio_sam' build argument 'cmake_force_configure' from command line to 'False'
[0.984s] Level 5:colcon.colcon_core.verb:set package 'lio_sam' build argument 'ament_cmake_args' from command line to 'None'
[0.984s] Level 5:colcon.colcon_core.verb:set package 'lio_sam' build argument 'catkin_cmake_args' from command line to 'None'
[0.984s] Level 5:colcon.colcon_core.verb:set package 'lio_sam' build argument 'catkin_skip_building_tests' from command line to 'False'
[0.984s] DEBUG:colcon.colcon_core.verb:Building package 'lio_sam' with the following arguments: {'ament_cmake_args': None, 'build_base': '/home/ztl/ROS_humble_LIO/build/lio_sam', 'catkin_cmake_args': None, 'catkin_skip_building_tests': False, 'cmake_args': None, 'cmake_clean_cache': False, 'cmake_clean_first': False, 'cmake_force_configure': False, 'cmake_target': None, 'cmake_target_skip_unavailable': False, 'install_base': '/home/ztl/ROS_humble_LIO/install/lio_sam', 'merge_install': False, 'path': '/home/ztl/ROS_humble_LIO/src/LiDAR_IMU_FUSION_ROS2', 'symlink_install': False, 'test_result_base': None}
[0.985s] INFO:colcon.colcon_core.executor:Executing jobs using 'parallel' executor
[0.987s] DEBUG:colcon.colcon_parallel_executor.executor.parallel:run_until_complete
[0.987s] INFO:colcon.colcon_ros.task.ament_cmake.build:Building ROS package in '/home/ztl/ROS_humble_LIO/src/autorccar_interfaces' with build type 'ament_cmake'
[0.989s] INFO:colcon.colcon_cmake.task.cmake.build:Building CMake package in '/home/ztl/ROS_humble_LIO/src/autorccar_interfaces'
[0.995s] INFO:colcon.colcon_core.plugin_system:Skipping extension 'colcon_core.shell.bat': Not used on non-Windows systems
[0.995s] INFO:colcon.colcon_core.shell:Skip shell extension 'powershell' for command environment: Not usable outside of PowerShell
[0.995s] DEBUG:colcon.colcon_core.shell:Skip shell extension 'dsv' for command environment
[1.021s] DEBUG:colcon.colcon_core.event_handler.log_command:Invoking command in '/home/ztl/ROS_humble_LIO/build/autorccar_interfaces': CMAKE_PREFIX_PATH=${CMAKE_PREFIX_PATH}:/opt/ros/humble /usr/bin/cmake /home/ztl/ROS_humble_LIO/src/autorccar_interfaces -DCMAKE_INSTALL_PREFIX=/home/ztl/ROS_humble_LIO/install/autorccar_interfaces
[7.169s] DEBUG:colcon.colcon_core.event_handler.log_command:Invoked command in '/home/ztl/ROS_humble_LIO/build/autorccar_interfaces' returned '0': CMAKE_PREFIX_PATH=${CMAKE_PREFIX_PATH}:/opt/ros/humble /usr/bin/cmake /home/ztl/ROS_humble_LIO/src/autorccar_interfaces -DCMAKE_INSTALL_PREFIX=/home/ztl/ROS_humble_LIO/install/autorccar_interfaces
[7.175s] DEBUG:colcon.colcon_core.event_handler.log_command:Invoking command in '/home/ztl/ROS_humble_LIO/build/autorccar_interfaces': CMAKE_PREFIX_PATH=${CMAKE_PREFIX_PATH}:/opt/ros/humble /usr/bin/cmake --build /home/ztl/ROS_humble_LIO/build/autorccar_interfaces -- -j8 -l8
[22.732s] DEBUG:colcon.colcon_core.event_handler.log_command:Invoked command in '/home/ztl/ROS_humble_LIO/build/autorccar_interfaces' returned '0': CMAKE_PREFIX_PATH=${CMAKE_PREFIX_PATH}:/opt/ros/humble /usr/bin/cmake --build /home/ztl/ROS_humble_LIO/build/autorccar_interfaces -- -j8 -l8
[22.755s] DEBUG:colcon.colcon_core.event_handler.log_command:Invoking command in '/home/ztl/ROS_humble_LIO/build/autorccar_interfaces': CMAKE_PREFIX_PATH=${CMAKE_PREFIX_PATH}:/opt/ros/humble /usr/bin/cmake --install /home/ztl/ROS_humble_LIO/build/autorccar_interfaces
[22.954s] Level 1:colcon.colcon_core.environment:create_environment_scripts_only(autorccar_interfaces)
[22.971s] DEBUG:colcon.colcon_core.event_handler.log_command:Invoked command in '/home/ztl/ROS_humble_LIO/build/autorccar_interfaces' returned '0': CMAKE_PREFIX_PATH=${CMAKE_PREFIX_PATH}:/opt/ros/humble /usr/bin/cmake --install /home/ztl/ROS_humble_LIO/build/autorccar_interfaces
[22.982s] Level 1:colcon.colcon_core.environment:checking '/home/ztl/ROS_humble_LIO/install/autorccar_interfaces' for CMake module files
[22.987s] Level 1:colcon.colcon_core.environment:checking '/home/ztl/ROS_humble_LIO/install/autorccar_interfaces' for CMake config files
[22.991s] Level 1:colcon.colcon_core.shell:create_environment_hook('autorccar_interfaces', 'cmake_prefix_path')
[22.993s] INFO:colcon.colcon_core.shell:Creating environment hook '/home/ztl/ROS_humble_LIO/install/autorccar_interfaces/share/autorccar_interfaces/hook/cmake_prefix_path.ps1'
[22.997s] INFO:colcon.colcon_core.shell:Creating environment descriptor '/home/ztl/ROS_humble_LIO/install/autorccar_interfaces/share/autorccar_interfaces/hook/cmake_prefix_path.dsv'
[23.000s] INFO:colcon.colcon_core.shell:Creating environment hook '/home/ztl/ROS_humble_LIO/install/autorccar_interfaces/share/autorccar_interfaces/hook/cmake_prefix_path.sh'
[23.007s] Level 1:colcon.colcon_core.environment:checking '/home/ztl/ROS_humble_LIO/install/autorccar_interfaces/lib'
[23.009s] Level 1:colcon.colcon_core.shell:create_environment_hook('autorccar_interfaces', 'ld_library_path_lib')
[23.011s] INFO:colcon.colcon_core.shell:Creating environment hook '/home/ztl/ROS_humble_LIO/install/autorccar_interfaces/share/autorccar_interfaces/hook/ld_library_path_lib.ps1'
[23.014s] INFO:colcon.colcon_core.shell:Creating environment descriptor '/home/ztl/ROS_humble_LIO/install/autorccar_interfaces/share/autorccar_interfaces/hook/ld_library_path_lib.dsv'
[23.016s] INFO:colcon.colcon_core.shell:Creating environment hook '/home/ztl/ROS_humble_LIO/install/autorccar_interfaces/share/autorccar_interfaces/hook/ld_library_path_lib.sh'
[23.017s] Level 1:colcon.colcon_core.environment:checking '/home/ztl/ROS_humble_LIO/install/autorccar_interfaces/bin'
[23.017s] Level 1:colcon.colcon_core.environment:checking '/home/ztl/ROS_humble_LIO/install/autorccar_interfaces/lib/pkgconfig/autorccar_interfaces.pc'
[23.018s] Level 1:colcon.colcon_core.environment:checking '/home/ztl/ROS_humble_LIO/install/autorccar_interfaces/lib/python3.10/site-packages'
[23.018s] Level 1:colcon.colcon_core.environment:checking '/home/ztl/ROS_humble_LIO/install/autorccar_interfaces/bin'
[23.019s] INFO:colcon.colcon_core.shell:Creating package script '/home/ztl/ROS_humble_LIO/install/autorccar_interfaces/share/autorccar_interfaces/package.ps1'
[23.021s] INFO:colcon.colcon_core.shell:Creating package descriptor '/home/ztl/ROS_humble_LIO/install/autorccar_interfaces/share/autorccar_interfaces/package.dsv'
[23.023s] INFO:colcon.colcon_core.shell:Creating package script '/home/ztl/ROS_humble_LIO/install/autorccar_interfaces/share/autorccar_interfaces/package.sh'
[23.025s] INFO:colcon.colcon_core.shell:Creating package script '/home/ztl/ROS_humble_LIO/install/autorccar_interfaces/share/autorccar_interfaces/package.bash'
[23.028s] INFO:colcon.colcon_core.shell:Creating package script '/home/ztl/ROS_humble_LIO/install/autorccar_interfaces/share/autorccar_interfaces/package.zsh'
[23.030s] Level 1:colcon.colcon_core.environment:create_file_with_runtime_dependencies(/home/ztl/ROS_humble_LIO/install/autorccar_interfaces/share/colcon-core/packages/autorccar_interfaces)
[23.032s] Level 1:colcon.colcon_core.environment:create_environment_scripts_only(autorccar_interfaces)
[23.033s] Level 1:colcon.colcon_core.environment:checking '/home/ztl/ROS_humble_LIO/install/autorccar_interfaces' for CMake module files
[23.034s] Level 1:colcon.colcon_core.environment:checking '/home/ztl/ROS_humble_LIO/install/autorccar_interfaces' for CMake config files
[23.036s] Level 1:colcon.colcon_core.shell:create_environment_hook('autorccar_interfaces', 'cmake_prefix_path')
[23.036s] INFO:colcon.colcon_core.shell:Creating environment hook '/home/ztl/ROS_humble_LIO/install/autorccar_interfaces/share/autorccar_interfaces/hook/cmake_prefix_path.ps1'
[23.037s] INFO:colcon.colcon_core.shell:Creating environment descriptor '/home/ztl/ROS_humble_LIO/install/autorccar_interfaces/share/autorccar_interfaces/hook/cmake_prefix_path.dsv'
[23.038s] INFO:colcon.colcon_core.shell:Creating environment hook '/home/ztl/ROS_humble_LIO/install/autorccar_interfaces/share/autorccar_interfaces/hook/cmake_prefix_path.sh'
[23.040s] Level 1:colcon.colcon_core.environment:checking '/home/ztl/ROS_humble_LIO/install/autorccar_interfaces/lib'
[23.040s] Level 1:colcon.colcon_core.shell:create_environment_hook('autorccar_interfaces', 'ld_library_path_lib')
[23.041s] INFO:colcon.colcon_core.shell:Creating environment hook '/home/ztl/ROS_humble_LIO/install/autorccar_interfaces/share/autorccar_interfaces/hook/ld_library_path_lib.ps1'
[23.042s] INFO:colcon.colcon_core.shell:Creating environment descriptor '/home/ztl/ROS_humble_LIO/install/autorccar_interfaces/share/autorccar_interfaces/hook/ld_library_path_lib.dsv'
[23.042s] INFO:colcon.colcon_core.shell:Creating environment hook '/home/ztl/ROS_humble_LIO/install/autorccar_interfaces/share/autorccar_interfaces/hook/ld_library_path_lib.sh'
[23.043s] Level 1:colcon.colcon_core.environment:checking '/home/ztl/ROS_humble_LIO/install/autorccar_interfaces/bin'
[23.043s] Level 1:colcon.colcon_core.environment:checking '/home/ztl/ROS_humble_LIO/install/autorccar_interfaces/lib/pkgconfig/autorccar_interfaces.pc'
[23.044s] Level 1:colcon.colcon_core.environment:checking '/home/ztl/ROS_humble_LIO/install/autorccar_interfaces/lib/python3.10/site-packages'
[23.045s] Level 1:colcon.colcon_core.environment:checking '/home/ztl/ROS_humble_LIO/install/autorccar_interfaces/bin'
[23.046s] INFO:colcon.colcon_core.shell:Creating package script '/home/ztl/ROS_humble_LIO/install/autorccar_interfaces/share/autorccar_interfaces/package.ps1'
[23.047s] INFO:colcon.colcon_core.shell:Creating package descriptor '/home/ztl/ROS_humble_LIO/install/autorccar_interfaces/share/autorccar_interfaces/package.dsv'
[23.048s] INFO:colcon.colcon_core.shell:Creating package script '/home/ztl/ROS_humble_LIO/install/autorccar_interfaces/share/autorccar_interfaces/package.sh'
[23.049s] INFO:colcon.colcon_core.shell:Creating package script '/home/ztl/ROS_humble_LIO/install/autorccar_interfaces/share/autorccar_interfaces/package.bash'
[23.050s] INFO:colcon.colcon_core.shell:Creating package script '/home/ztl/ROS_humble_LIO/install/autorccar_interfaces/share/autorccar_interfaces/package.zsh'
[23.051s] Level 1:colcon.colcon_core.environment:create_file_with_runtime_dependencies(/home/ztl/ROS_humble_LIO/install/autorccar_interfaces/share/colcon-core/packages/autorccar_interfaces)
[23.052s] INFO:colcon.colcon_ros.task.ament_cmake.build:Building ROS package in '/home/ztl/ROS_humble_LIO/src/LiDAR_IMU_FUSION_ROS2' with build type 'ament_cmake'
[23.053s] INFO:colcon.colcon_cmake.task.cmake.build:Building CMake package in '/home/ztl/ROS_humble_LIO/src/LiDAR_IMU_FUSION_ROS2'
[23.054s] INFO:colcon.colcon_core.shell:Skip shell extension 'powershell' for command environment: Not usable outside of PowerShell
[23.054s] DEBUG:colcon.colcon_core.shell:Skip shell extension 'dsv' for command environment
[23.079s] DEBUG:colcon.colcon_core.event_handler.log_command:Invoking command in '/home/ztl/ROS_humble_LIO/build/lio_sam': AMENT_PREFIX_PATH=/home/ztl/ROS_humble_LIO/install/autorccar_interfaces:${AMENT_PREFIX_PATH} CMAKE_PREFIX_PATH=/home/ztl/ROS_humble_LIO/install/autorccar_interfaces:/home/ztl/pointcloud2pcd/install/pointcloud2_to_pcd:/home/ztl/lio-sam/src/LIO/LIO-SAM_MID360_ROS2_PKG/ros2/install/lio_sam:/home/ztl/lio-sam/src/LIO/LIO-SAM_MID360_ROS2_PKG/ros2/install/autorccar_interfaces:/home/ztl/project/install/livox_ros_driver2:/opt/ros/humble LD_LIBRARY_PATH=/home/ztl/ROS_humble_LIO/install/autorccar_interfaces/lib:${LD_LIBRARY_PATH} PYTHONPATH=/home/ztl/ROS_humble_LIO/install/autorccar_interfaces/local/lib/python3.10/dist-packages:${PYTHONPATH} /usr/bin/cmake /home/ztl/ROS_humble_LIO/src/LiDAR_IMU_FUSION_ROS2 -DCMAKE_INSTALL_PREFIX=/home/ztl/ROS_humble_LIO/install/lio_sam
[38.496s] DEBUG:colcon.colcon_core.event_handler.log_command:Invoked command in '/home/ztl/ROS_humble_LIO/build/lio_sam' returned '0': AMENT_PREFIX_PATH=/home/ztl/ROS_humble_LIO/install/autorccar_interfaces:${AMENT_PREFIX_PATH} CMAKE_PREFIX_PATH=/home/ztl/ROS_humble_LIO/install/autorccar_interfaces:/home/ztl/pointcloud2pcd/install/pointcloud2_to_pcd:/home/ztl/lio-sam/src/LIO/LIO-SAM_MID360_ROS2_PKG/ros2/install/lio_sam:/home/ztl/lio-sam/src/LIO/LIO-SAM_MID360_ROS2_PKG/ros2/install/autorccar_interfaces:/home/ztl/project/install/livox_ros_driver2:/opt/ros/humble LD_LIBRARY_PATH=/home/ztl/ROS_humble_LIO/install/autorccar_interfaces/lib:${LD_LIBRARY_PATH} PYTHONPATH=/home/ztl/ROS_humble_LIO/install/autorccar_interfaces/local/lib/python3.10/dist-packages:${PYTHONPATH} /usr/bin/cmake /home/ztl/ROS_humble_LIO/src/LiDAR_IMU_FUSION_ROS2 -DCMAKE_INSTALL_PREFIX=/home/ztl/ROS_humble_LIO/install/lio_sam
[38.502s] DEBUG:colcon.colcon_core.event_handler.log_command:Invoking command in '/home/ztl/ROS_humble_LIO/build/lio_sam': AMENT_PREFIX_PATH=/home/ztl/ROS_humble_LIO/install/autorccar_interfaces:${AMENT_PREFIX_PATH} CMAKE_PREFIX_PATH=/home/ztl/ROS_humble_LIO/install/autorccar_interfaces:/home/ztl/pointcloud2pcd/install/pointcloud2_to_pcd:/home/ztl/lio-sam/src/LIO/LIO-SAM_MID360_ROS2_PKG/ros2/install/lio_sam:/home/ztl/lio-sam/src/LIO/LIO-SAM_MID360_ROS2_PKG/ros2/install/autorccar_interfaces:/home/ztl/project/install/livox_ros_driver2:/opt/ros/humble LD_LIBRARY_PATH=/home/ztl/ROS_humble_LIO/install/autorccar_interfaces/lib:${LD_LIBRARY_PATH} PYTHONPATH=/home/ztl/ROS_humble_LIO/install/autorccar_interfaces/local/lib/python3.10/dist-packages:${PYTHONPATH} /usr/bin/cmake --build /home/ztl/ROS_humble_LIO/build/lio_sam -- -j8 -l8
[181.571s] DEBUG:colcon.colcon_core.event_handler.log_command:Invoked command in '/home/ztl/ROS_humble_LIO/build/lio_sam' returned '2': AMENT_PREFIX_PATH=/home/ztl/ROS_humble_LIO/install/autorccar_interfaces:${AMENT_PREFIX_PATH} CMAKE_PREFIX_PATH=/home/ztl/ROS_humble_LIO/install/autorccar_interfaces:/home/ztl/pointcloud2pcd/install/pointcloud2_to_pcd:/home/ztl/lio-sam/src/LIO/LIO-SAM_MID360_ROS2_PKG/ros2/install/lio_sam:/home/ztl/lio-sam/src/LIO/LIO-SAM_MID360_ROS2_PKG/ros2/install/autorccar_interfaces:/home/ztl/project/install/livox_ros_driver2:/opt/ros/humble LD_LIBRARY_PATH=/home/ztl/ROS_humble_LIO/install/autorccar_interfaces/lib:${LD_LIBRARY_PATH} PYTHONPATH=/home/ztl/ROS_humble_LIO/install/autorccar_interfaces/local/lib/python3.10/dist-packages:${PYTHONPATH} /usr/bin/cmake --build /home/ztl/ROS_humble_LIO/build/lio_sam -- -j8 -l8
[181.641s] Level 1:colcon.colcon_core.environment:create_environment_scripts_only(lio_sam)
[181.649s] Level 1:colcon.colcon_core.environment:checking '/home/ztl/ROS_humble_LIO/install/lio_sam' for CMake module files
[181.653s] Level 1:colcon.colcon_core.environment:checking '/home/ztl/ROS_humble_LIO/install/lio_sam' for CMake config files
[181.667s] Level 1:colcon.colcon_core.environment:checking '/home/ztl/ROS_humble_LIO/install/lio_sam/bin'
[181.668s] Level 1:colcon.colcon_core.environment:checking '/home/ztl/ROS_humble_LIO/install/lio_sam/lib/pkgconfig/lio_sam.pc'
[181.684s] Level 1:colcon.colcon_core.environment:checking '/home/ztl/ROS_humble_LIO/install/lio_sam/lib/python3.10/site-packages'
[181.686s] Level 1:colcon.colcon_core.environment:checking '/home/ztl/ROS_humble_LIO/install/lio_sam/bin'
[181.688s] INFO:colcon.colcon_core.shell:Creating package script '/home/ztl/ROS_humble_LIO/install/lio_sam/share/lio_sam/package.ps1'
[181.722s] INFO:colcon.colcon_core.shell:Creating package descriptor '/home/ztl/ROS_humble_LIO/install/lio_sam/share/lio_sam/package.dsv'
[181.732s] INFO:colcon.colcon_core.shell:Creating package script '/home/ztl/ROS_humble_LIO/install/lio_sam/share/lio_sam/package.sh'
[181.735s] INFO:colcon.colcon_core.shell:Creating package script '/home/ztl/ROS_humble_LIO/install/lio_sam/share/lio_sam/package.bash'
[181.742s] INFO:colcon.colcon_core.shell:Creating package script '/home/ztl/ROS_humble_LIO/install/lio_sam/share/lio_sam/package.zsh'
[181.747s] Level 1:colcon.colcon_core.environment:create_file_with_runtime_dependencies(/home/ztl/ROS_humble_LIO/install/lio_sam/share/colcon-core/packages/lio_sam)
[181.767s] DEBUG:colcon.colcon_parallel_executor.executor.parallel:closing loop
[181.785s] DEBUG:colcon.colcon_parallel_executor.executor.parallel:loop closed
[181.786s] DEBUG:colcon.colcon_parallel_executor.executor.parallel:run_until_complete finished with '2'
[181.791s] DEBUG:colcon.colcon_core.event_reactor:joining thread
[182.011s] INFO:colcon.colcon_core.plugin_system:Skipping extension 'colcon_notification.desktop_notification.terminal_notifier': Not used on non-Darwin systems
[182.012s] INFO:colcon.colcon_core.plugin_system:Skipping extension 'colcon_notification.desktop_notification.win32': Not used on non-Windows systems
[182.012s] INFO:colcon.colcon_notification.desktop_notification:Sending desktop notification using 'notify2'
[182.469s] DEBUG:colcon.colcon_core.event_reactor:joined thread
[182.476s] INFO:colcon.colcon_core.shell:Creating prefix script '/home/ztl/ROS_humble_LIO/install/local_setup.ps1'
[182.484s] INFO:colcon.colcon_core.shell:Creating prefix util module '/home/ztl/ROS_humble_LIO/install/_local_setup_util_ps1.py'
[182.489s] INFO:colcon.colcon_core.shell:Creating prefix chain script '/home/ztl/ROS_humble_LIO/install/setup.ps1'
[182.502s] INFO:colcon.colcon_core.shell:Creating prefix script '/home/ztl/ROS_humble_LIO/install/local_setup.sh'
[182.506s] INFO:colcon.colcon_core.shell:Creating prefix util module '/home/ztl/ROS_humble_LIO/install/_local_setup_util_sh.py'
[182.508s] INFO:colcon.colcon_core.shell:Creating prefix chain script '/home/ztl/ROS_humble_LIO/install/setup.sh'
[182.511s] INFO:colcon.colcon_core.shell:Creating prefix script '/home/ztl/ROS_humble_LIO/install/local_setup.bash'
[182.516s] INFO:colcon.colcon_core.shell:Creating prefix chain script '/home/ztl/ROS_humble_LIO/install/setup.bash'
[182.523s] INFO:colcon.colcon_core.shell:Creating prefix script '/home/ztl/ROS_humble_LIO/install/local_setup.zsh'
[182.525s] INFO:colcon.colcon_core.shell:Creating prefix chain script '/home/ztl/ROS_humble_LIO/install/setup.zsh'
