[0.275s] DEBUG:colcon:Command line arguments: ['/usr/bin/colcon', 'build']
[0.275s] DEBUG:colcon:Parsed command line arguments: Namespace(log_base=None, log_level=None, verb_name='build', build_base='build', install_base='install', merge_install=False, symlink_install=False, test_result_base=None, continue_on_error=False, executor='parallel', parallel_workers=8, event_handlers=None, ignore_user_meta=False, metas=['./colcon.meta'], base_paths=['.'], packages_ignore=None, packages_ignore_regex=None, paths=None, packages_up_to=None, packages_up_to_regex=None, packages_above=None, packages_above_and_dependencies=None, packages_above_depth=None, packages_select_by_dep=None, packages_skip_by_dep=None, packages_skip_up_to=None, packages_select_build_failed=False, packages_skip_build_finished=False, packages_select_test_failures=False, packages_skip_test_passed=False, packages_select=None, packages_skip=None, packages_select_regex=None, packages_skip_regex=None, packages_start=None, packages_end=None, allow_overriding=[], cmake_args=None, cmake_target=None, cmake_target_skip_unavailable=False, cmake_clean_cache=False, cmake_clean_first=False, cmake_force_configure=False, ament_cmake_args=None, catkin_cmake_args=None, catkin_skip_building_tests=False, verb_parser=<colcon_defaults.argument_parser.defaults.DefaultArgumentsDecorator object at 0x7faf83ff70>, verb_extension=<colcon_core.verb.build.BuildVerb object at 0x7faf78d360>, main=<bound method BuildVerb.main of <colcon_core.verb.build.BuildVerb object at 0x7faf78d360>>)
[0.703s] Level 1:colcon.colcon_core.package_discovery:discover_packages(colcon_meta) check parameters
[0.703s] Level 1:colcon.colcon_core.package_discovery:discover_packages(recursive) check parameters
[0.703s] Level 1:colcon.colcon_core.package_discovery:discover_packages(ignore) check parameters
[0.703s] Level 1:colcon.colcon_core.package_discovery:discover_packages(path) check parameters
[0.703s] Level 1:colcon.colcon_core.package_discovery:discover_packages(colcon_meta) discover
[0.703s] Level 1:colcon.colcon_core.package_discovery:discover_packages(recursive) discover
[0.703s] INFO:colcon.colcon_core.package_discovery:Crawling recursively for packages in '/home/ztl/ROS_humble_LIO'
[0.704s] Level 1:colcon.colcon_core.package_identification:_identify(.) by extensions ['ignore', 'ignore_ament_install']
[0.704s] Level 1:colcon.colcon_core.package_identification:_identify(.) by extension 'ignore'
[0.704s] Level 1:colcon.colcon_core.package_identification:_identify(.) by extension 'ignore_ament_install'
[0.704s] Level 1:colcon.colcon_core.package_identification:_identify(.) by extensions ['colcon_pkg']
[0.705s] Level 1:colcon.colcon_core.package_identification:_identify(.) by extension 'colcon_pkg'
[0.705s] Level 1:colcon.colcon_core.package_identification:_identify(.) by extensions ['colcon_meta']
[0.705s] Level 1:colcon.colcon_core.package_identification:_identify(.) by extension 'colcon_meta'
[0.705s] Level 1:colcon.colcon_core.package_identification:_identify(.) by extensions ['ros']
[0.705s] Level 1:colcon.colcon_core.package_identification:_identify(.) by extension 'ros'
[0.738s] Level 1:colcon.colcon_core.package_identification:_identify(.) by extensions ['cmake', 'python']
[0.738s] Level 1:colcon.colcon_core.package_identification:_identify(.) by extension 'cmake'
[0.738s] Level 1:colcon.colcon_core.package_identification:_identify(.) by extension 'python'
[0.738s] Level 1:colcon.colcon_core.package_identification:_identify(.) by extensions ['python_setup_py']
[0.738s] Level 1:colcon.colcon_core.package_identification:_identify(.) by extension 'python_setup_py'
[0.739s] Level 1:colcon.colcon_core.package_identification:_identify(build) by extensions ['ignore', 'ignore_ament_install']
[0.739s] Level 1:colcon.colcon_core.package_identification:_identify(build) by extension 'ignore'
[0.739s] Level 1:colcon.colcon_core.package_identification:_identify(build) ignored
[0.739s] Level 1:colcon.colcon_core.package_identification:_identify(install) by extensions ['ignore', 'ignore_ament_install']
[0.739s] Level 1:colcon.colcon_core.package_identification:_identify(install) by extension 'ignore'
[0.740s] Level 1:colcon.colcon_core.package_identification:_identify(install) ignored
[0.740s] Level 1:colcon.colcon_core.package_identification:_identify(log) by extensions ['ignore', 'ignore_ament_install']
[0.740s] Level 1:colcon.colcon_core.package_identification:_identify(log) by extension 'ignore'
[0.740s] Level 1:colcon.colcon_core.package_identification:_identify(log) ignored
[0.740s] Level 1:colcon.colcon_core.package_identification:_identify(src) by extensions ['ignore', 'ignore_ament_install']
[0.740s] Level 1:colcon.colcon_core.package_identification:_identify(src) by extension 'ignore'
[0.741s] Level 1:colcon.colcon_core.package_identification:_identify(src) by extension 'ignore_ament_install'
[0.741s] Level 1:colcon.colcon_core.package_identification:_identify(src) by extensions ['colcon_pkg']
[0.741s] Level 1:colcon.colcon_core.package_identification:_identify(src) by extension 'colcon_pkg'
[0.741s] Level 1:colcon.colcon_core.package_identification:_identify(src) by extensions ['colcon_meta']
[0.741s] Level 1:colcon.colcon_core.package_identification:_identify(src) by extension 'colcon_meta'
[0.741s] Level 1:colcon.colcon_core.package_identification:_identify(src) by extensions ['ros']
[0.741s] Level 1:colcon.colcon_core.package_identification:_identify(src) by extension 'ros'
[0.741s] Level 1:colcon.colcon_core.package_identification:_identify(src) by extensions ['cmake', 'python']
[0.741s] Level 1:colcon.colcon_core.package_identification:_identify(src) by extension 'cmake'
[0.741s] Level 1:colcon.colcon_core.package_identification:_identify(src) by extension 'python'
[0.741s] Level 1:colcon.colcon_core.package_identification:_identify(src) by extensions ['python_setup_py']
[0.742s] Level 1:colcon.colcon_core.package_identification:_identify(src) by extension 'python_setup_py'
[0.742s] Level 1:colcon.colcon_core.package_identification:_identify(src/LiDAR_IMU_FUSION_ROS2) by extensions ['ignore', 'ignore_ament_install']
[0.742s] Level 1:colcon.colcon_core.package_identification:_identify(src/LiDAR_IMU_FUSION_ROS2) by extension 'ignore'
[0.742s] Level 1:colcon.colcon_core.package_identification:_identify(src/LiDAR_IMU_FUSION_ROS2) by extension 'ignore_ament_install'
[0.742s] Level 1:colcon.colcon_core.package_identification:_identify(src/LiDAR_IMU_FUSION_ROS2) by extensions ['colcon_pkg']
[0.742s] Level 1:colcon.colcon_core.package_identification:_identify(src/LiDAR_IMU_FUSION_ROS2) by extension 'colcon_pkg'
[0.742s] Level 1:colcon.colcon_core.package_identification:_identify(src/LiDAR_IMU_FUSION_ROS2) by extensions ['colcon_meta']
[0.742s] Level 1:colcon.colcon_core.package_identification:_identify(src/LiDAR_IMU_FUSION_ROS2) by extension 'colcon_meta'
[0.742s] Level 1:colcon.colcon_core.package_identification:_identify(src/LiDAR_IMU_FUSION_ROS2) by extensions ['ros']
[0.743s] Level 1:colcon.colcon_core.package_identification:_identify(src/LiDAR_IMU_FUSION_ROS2) by extension 'ros'
[0.751s] DEBUG:colcon.colcon_core.package_identification:Package 'src/LiDAR_IMU_FUSION_ROS2' with type 'ros.ament_cmake' and name 'lio_sam'
[0.751s] Level 1:colcon.colcon_core.package_identification:_identify(src/autorccar_interfaces) by extensions ['ignore', 'ignore_ament_install']
[0.751s] Level 1:colcon.colcon_core.package_identification:_identify(src/autorccar_interfaces) by extension 'ignore'
[0.752s] Level 1:colcon.colcon_core.package_identification:_identify(src/autorccar_interfaces) by extension 'ignore_ament_install'
[0.752s] Level 1:colcon.colcon_core.package_identification:_identify(src/autorccar_interfaces) by extensions ['colcon_pkg']
[0.752s] Level 1:colcon.colcon_core.package_identification:_identify(src/autorccar_interfaces) by extension 'colcon_pkg'
[0.752s] Level 1:colcon.colcon_core.package_identification:_identify(src/autorccar_interfaces) by extensions ['colcon_meta']
[0.752s] Level 1:colcon.colcon_core.package_identification:_identify(src/autorccar_interfaces) by extension 'colcon_meta'
[0.752s] Level 1:colcon.colcon_core.package_identification:_identify(src/autorccar_interfaces) by extensions ['ros']
[0.752s] Level 1:colcon.colcon_core.package_identification:_identify(src/autorccar_interfaces) by extension 'ros'
[0.755s] DEBUG:colcon.colcon_core.package_identification:Package 'src/autorccar_interfaces' with type 'ros.ament_cmake' and name 'autorccar_interfaces'
[0.755s] Level 1:colcon.colcon_core.package_discovery:discover_packages(recursive) using defaults
[0.755s] Level 1:colcon.colcon_core.package_discovery:discover_packages(ignore) discover
[0.755s] Level 1:colcon.colcon_core.package_discovery:discover_packages(ignore) using defaults
[0.755s] Level 1:colcon.colcon_core.package_discovery:discover_packages(path) discover
[0.755s] Level 1:colcon.colcon_core.package_discovery:discover_packages(path) using defaults
[0.808s] Level 1:colcon.colcon_core.package_discovery:discover_packages(prefix_path) check parameters
[0.808s] Level 1:colcon.colcon_core.package_discovery:discover_packages(prefix_path) discover
[0.812s] DEBUG:colcon.colcon_installed_package_information.package_discovery:Found 1 installed packages in /home/ztl/pointcloud2pcd/install
[0.813s] DEBUG:colcon.colcon_installed_package_information.package_discovery:Found 2 installed packages in /home/ztl/lio-sam/src/LIO/LIO-SAM_MID360_ROS2_PKG/ros2/install
[0.814s] DEBUG:colcon.colcon_installed_package_information.package_discovery:Found 1 installed packages in /home/ztl/project/install
[0.817s] DEBUG:colcon.colcon_installed_package_information.package_discovery:Found 276 installed packages in /opt/ros/humble
[0.852s] Level 1:colcon.colcon_core.package_discovery:discover_packages(prefix_path) using defaults
[0.959s] Level 5:colcon.colcon_core.verb:set package 'autorccar_interfaces' build argument 'cmake_args' from command line to 'None'
[0.959s] Level 5:colcon.colcon_core.verb:set package 'autorccar_interfaces' build argument 'cmake_target' from command line to 'None'
[0.959s] Level 5:colcon.colcon_core.verb:set package 'autorccar_interfaces' build argument 'cmake_target_skip_unavailable' from command line to 'False'
[0.959s] Level 5:colcon.colcon_core.verb:set package 'autorccar_interfaces' build argument 'cmake_clean_cache' from command line to 'False'
[0.959s] Level 5:colcon.colcon_core.verb:set package 'autorccar_interfaces' build argument 'cmake_clean_first' from command line to 'False'
[0.959s] Level 5:colcon.colcon_core.verb:set package 'autorccar_interfaces' build argument 'cmake_force_configure' from command line to 'False'
[0.959s] Level 5:colcon.colcon_core.verb:set package 'autorccar_interfaces' build argument 'ament_cmake_args' from command line to 'None'
[0.959s] Level 5:colcon.colcon_core.verb:set package 'autorccar_interfaces' build argument 'catkin_cmake_args' from command line to 'None'
[0.959s] Level 5:colcon.colcon_core.verb:set package 'autorccar_interfaces' build argument 'catkin_skip_building_tests' from command line to 'False'
[0.960s] DEBUG:colcon.colcon_core.verb:Building package 'autorccar_interfaces' with the following arguments: {'ament_cmake_args': None, 'build_base': '/home/ztl/ROS_humble_LIO/build/autorccar_interfaces', 'catkin_cmake_args': None, 'catkin_skip_building_tests': False, 'cmake_args': None, 'cmake_clean_cache': False, 'cmake_clean_first': False, 'cmake_force_configure': False, 'cmake_target': None, 'cmake_target_skip_unavailable': False, 'install_base': '/home/ztl/ROS_humble_LIO/install/autorccar_interfaces', 'merge_install': False, 'path': '/home/ztl/ROS_humble_LIO/src/autorccar_interfaces', 'symlink_install': False, 'test_result_base': None}
[0.961s] Level 5:colcon.colcon_core.verb:set package 'lio_sam' build argument 'cmake_args' from command line to 'None'
[0.961s] Level 5:colcon.colcon_core.verb:set package 'lio_sam' build argument 'cmake_target' from command line to 'None'
[0.961s] Level 5:colcon.colcon_core.verb:set package 'lio_sam' build argument 'cmake_target_skip_unavailable' from command line to 'False'
[0.961s] Level 5:colcon.colcon_core.verb:set package 'lio_sam' build argument 'cmake_clean_cache' from command line to 'False'
[0.961s] Level 5:colcon.colcon_core.verb:set package 'lio_sam' build argument 'cmake_clean_first' from command line to 'False'
[0.961s] Level 5:colcon.colcon_core.verb:set package 'lio_sam' build argument 'cmake_force_configure' from command line to 'False'
[0.961s] Level 5:colcon.colcon_core.verb:set package 'lio_sam' build argument 'ament_cmake_args' from command line to 'None'
[0.961s] Level 5:colcon.colcon_core.verb:set package 'lio_sam' build argument 'catkin_cmake_args' from command line to 'None'
[0.961s] Level 5:colcon.colcon_core.verb:set package 'lio_sam' build argument 'catkin_skip_building_tests' from command line to 'False'
[0.961s] DEBUG:colcon.colcon_core.verb:Building package 'lio_sam' with the following arguments: {'ament_cmake_args': None, 'build_base': '/home/ztl/ROS_humble_LIO/build/lio_sam', 'catkin_cmake_args': None, 'catkin_skip_building_tests': False, 'cmake_args': None, 'cmake_clean_cache': False, 'cmake_clean_first': False, 'cmake_force_configure': False, 'cmake_target': None, 'cmake_target_skip_unavailable': False, 'install_base': '/home/ztl/ROS_humble_LIO/install/lio_sam', 'merge_install': False, 'path': '/home/ztl/ROS_humble_LIO/src/LiDAR_IMU_FUSION_ROS2', 'symlink_install': False, 'test_result_base': None}
[0.961s] INFO:colcon.colcon_core.executor:Executing jobs using 'parallel' executor
[0.964s] DEBUG:colcon.colcon_parallel_executor.executor.parallel:run_until_complete
[0.964s] INFO:colcon.colcon_ros.task.ament_cmake.build:Building ROS package in '/home/ztl/ROS_humble_LIO/src/autorccar_interfaces' with build type 'ament_cmake'
[0.965s] INFO:colcon.colcon_cmake.task.cmake.build:Building CMake package in '/home/ztl/ROS_humble_LIO/src/autorccar_interfaces'
[0.970s] INFO:colcon.colcon_core.plugin_system:Skipping extension 'colcon_core.shell.bat': Not used on non-Windows systems
[0.970s] INFO:colcon.colcon_core.shell:Skip shell extension 'powershell' for command environment: Not usable outside of PowerShell
[0.970s] DEBUG:colcon.colcon_core.shell:Skip shell extension 'dsv' for command environment
[1.000s] DEBUG:colcon.colcon_core.event_handler.log_command:Invoking command in '/home/ztl/ROS_humble_LIO/build/autorccar_interfaces': CMAKE_PREFIX_PATH=${CMAKE_PREFIX_PATH}:/opt/ros/humble /usr/bin/cmake --build /home/ztl/ROS_humble_LIO/build/autorccar_interfaces -- -j8 -l8
[1.949s] DEBUG:colcon.colcon_core.event_handler.log_command:Invoked command in '/home/ztl/ROS_humble_LIO/build/autorccar_interfaces' returned '0': CMAKE_PREFIX_PATH=${CMAKE_PREFIX_PATH}:/opt/ros/humble /usr/bin/cmake --build /home/ztl/ROS_humble_LIO/build/autorccar_interfaces -- -j8 -l8
[1.968s] DEBUG:colcon.colcon_core.event_handler.log_command:Invoking command in '/home/ztl/ROS_humble_LIO/build/autorccar_interfaces': CMAKE_PREFIX_PATH=${CMAKE_PREFIX_PATH}:/opt/ros/humble /usr/bin/cmake --install /home/ztl/ROS_humble_LIO/build/autorccar_interfaces
[2.102s] Level 1:colcon.colcon_core.environment:create_environment_scripts_only(autorccar_interfaces)
[2.106s] DEBUG:colcon.colcon_core.event_handler.log_command:Invoked command in '/home/ztl/ROS_humble_LIO/build/autorccar_interfaces' returned '0': CMAKE_PREFIX_PATH=${CMAKE_PREFIX_PATH}:/opt/ros/humble /usr/bin/cmake --install /home/ztl/ROS_humble_LIO/build/autorccar_interfaces
[2.110s] Level 1:colcon.colcon_core.environment:checking '/home/ztl/ROS_humble_LIO/install/autorccar_interfaces' for CMake module files
[2.112s] Level 1:colcon.colcon_core.environment:checking '/home/ztl/ROS_humble_LIO/install/autorccar_interfaces' for CMake config files
[2.113s] Level 1:colcon.colcon_core.shell:create_environment_hook('autorccar_interfaces', 'cmake_prefix_path')
[2.114s] INFO:colcon.colcon_core.shell:Creating environment hook '/home/ztl/ROS_humble_LIO/install/autorccar_interfaces/share/autorccar_interfaces/hook/cmake_prefix_path.ps1'
[2.115s] INFO:colcon.colcon_core.shell:Creating environment descriptor '/home/ztl/ROS_humble_LIO/install/autorccar_interfaces/share/autorccar_interfaces/hook/cmake_prefix_path.dsv'
[2.117s] INFO:colcon.colcon_core.shell:Creating environment hook '/home/ztl/ROS_humble_LIO/install/autorccar_interfaces/share/autorccar_interfaces/hook/cmake_prefix_path.sh'
[2.119s] Level 1:colcon.colcon_core.environment:checking '/home/ztl/ROS_humble_LIO/install/autorccar_interfaces/lib'
[2.120s] Level 1:colcon.colcon_core.shell:create_environment_hook('autorccar_interfaces', 'ld_library_path_lib')
[2.120s] INFO:colcon.colcon_core.shell:Creating environment hook '/home/ztl/ROS_humble_LIO/install/autorccar_interfaces/share/autorccar_interfaces/hook/ld_library_path_lib.ps1'
[2.121s] INFO:colcon.colcon_core.shell:Creating environment descriptor '/home/ztl/ROS_humble_LIO/install/autorccar_interfaces/share/autorccar_interfaces/hook/ld_library_path_lib.dsv'
[2.122s] INFO:colcon.colcon_core.shell:Creating environment hook '/home/ztl/ROS_humble_LIO/install/autorccar_interfaces/share/autorccar_interfaces/hook/ld_library_path_lib.sh'
[2.123s] Level 1:colcon.colcon_core.environment:checking '/home/ztl/ROS_humble_LIO/install/autorccar_interfaces/bin'
[2.124s] Level 1:colcon.colcon_core.environment:checking '/home/ztl/ROS_humble_LIO/install/autorccar_interfaces/lib/pkgconfig/autorccar_interfaces.pc'
[2.124s] Level 1:colcon.colcon_core.environment:checking '/home/ztl/ROS_humble_LIO/install/autorccar_interfaces/lib/python3.10/site-packages'
[2.125s] Level 1:colcon.colcon_core.environment:checking '/home/ztl/ROS_humble_LIO/install/autorccar_interfaces/bin'
[2.126s] INFO:colcon.colcon_core.shell:Creating package script '/home/ztl/ROS_humble_LIO/install/autorccar_interfaces/share/autorccar_interfaces/package.ps1'
[2.128s] INFO:colcon.colcon_core.shell:Creating package descriptor '/home/ztl/ROS_humble_LIO/install/autorccar_interfaces/share/autorccar_interfaces/package.dsv'
[2.130s] INFO:colcon.colcon_core.shell:Creating package script '/home/ztl/ROS_humble_LIO/install/autorccar_interfaces/share/autorccar_interfaces/package.sh'
[2.132s] INFO:colcon.colcon_core.shell:Creating package script '/home/ztl/ROS_humble_LIO/install/autorccar_interfaces/share/autorccar_interfaces/package.bash'
[2.134s] INFO:colcon.colcon_core.shell:Creating package script '/home/ztl/ROS_humble_LIO/install/autorccar_interfaces/share/autorccar_interfaces/package.zsh'
[2.136s] Level 1:colcon.colcon_core.environment:create_file_with_runtime_dependencies(/home/ztl/ROS_humble_LIO/install/autorccar_interfaces/share/colcon-core/packages/autorccar_interfaces)
[2.138s] Level 1:colcon.colcon_core.environment:create_environment_scripts_only(autorccar_interfaces)
[2.139s] Level 1:colcon.colcon_core.environment:checking '/home/ztl/ROS_humble_LIO/install/autorccar_interfaces' for CMake module files
[2.140s] Level 1:colcon.colcon_core.environment:checking '/home/ztl/ROS_humble_LIO/install/autorccar_interfaces' for CMake config files
[2.142s] Level 1:colcon.colcon_core.shell:create_environment_hook('autorccar_interfaces', 'cmake_prefix_path')
[2.142s] INFO:colcon.colcon_core.shell:Creating environment hook '/home/ztl/ROS_humble_LIO/install/autorccar_interfaces/share/autorccar_interfaces/hook/cmake_prefix_path.ps1'
[2.143s] INFO:colcon.colcon_core.shell:Creating environment descriptor '/home/ztl/ROS_humble_LIO/install/autorccar_interfaces/share/autorccar_interfaces/hook/cmake_prefix_path.dsv'
[2.144s] INFO:colcon.colcon_core.shell:Creating environment hook '/home/ztl/ROS_humble_LIO/install/autorccar_interfaces/share/autorccar_interfaces/hook/cmake_prefix_path.sh'
[2.146s] Level 1:colcon.colcon_core.environment:checking '/home/ztl/ROS_humble_LIO/install/autorccar_interfaces/lib'
[2.146s] Level 1:colcon.colcon_core.shell:create_environment_hook('autorccar_interfaces', 'ld_library_path_lib')
[2.146s] INFO:colcon.colcon_core.shell:Creating environment hook '/home/ztl/ROS_humble_LIO/install/autorccar_interfaces/share/autorccar_interfaces/hook/ld_library_path_lib.ps1'
[2.147s] INFO:colcon.colcon_core.shell:Creating environment descriptor '/home/ztl/ROS_humble_LIO/install/autorccar_interfaces/share/autorccar_interfaces/hook/ld_library_path_lib.dsv'
[2.148s] INFO:colcon.colcon_core.shell:Creating environment hook '/home/ztl/ROS_humble_LIO/install/autorccar_interfaces/share/autorccar_interfaces/hook/ld_library_path_lib.sh'
[2.149s] Level 1:colcon.colcon_core.environment:checking '/home/ztl/ROS_humble_LIO/install/autorccar_interfaces/bin'
[2.149s] Level 1:colcon.colcon_core.environment:checking '/home/ztl/ROS_humble_LIO/install/autorccar_interfaces/lib/pkgconfig/autorccar_interfaces.pc'
[2.150s] Level 1:colcon.colcon_core.environment:checking '/home/ztl/ROS_humble_LIO/install/autorccar_interfaces/lib/python3.10/site-packages'
[2.150s] Level 1:colcon.colcon_core.environment:checking '/home/ztl/ROS_humble_LIO/install/autorccar_interfaces/bin'
[2.151s] INFO:colcon.colcon_core.shell:Creating package script '/home/ztl/ROS_humble_LIO/install/autorccar_interfaces/share/autorccar_interfaces/package.ps1'
[2.153s] INFO:colcon.colcon_core.shell:Creating package descriptor '/home/ztl/ROS_humble_LIO/install/autorccar_interfaces/share/autorccar_interfaces/package.dsv'
[2.154s] INFO:colcon.colcon_core.shell:Creating package script '/home/ztl/ROS_humble_LIO/install/autorccar_interfaces/share/autorccar_interfaces/package.sh'
[2.155s] INFO:colcon.colcon_core.shell:Creating package script '/home/ztl/ROS_humble_LIO/install/autorccar_interfaces/share/autorccar_interfaces/package.bash'
[2.156s] INFO:colcon.colcon_core.shell:Creating package script '/home/ztl/ROS_humble_LIO/install/autorccar_interfaces/share/autorccar_interfaces/package.zsh'
[2.157s] Level 1:colcon.colcon_core.environment:create_file_with_runtime_dependencies(/home/ztl/ROS_humble_LIO/install/autorccar_interfaces/share/colcon-core/packages/autorccar_interfaces)
[2.158s] INFO:colcon.colcon_ros.task.ament_cmake.build:Building ROS package in '/home/ztl/ROS_humble_LIO/src/LiDAR_IMU_FUSION_ROS2' with build type 'ament_cmake'
[2.158s] INFO:colcon.colcon_cmake.task.cmake.build:Building CMake package in '/home/ztl/ROS_humble_LIO/src/LiDAR_IMU_FUSION_ROS2'
[2.159s] INFO:colcon.colcon_core.shell:Skip shell extension 'powershell' for command environment: Not usable outside of PowerShell
[2.159s] DEBUG:colcon.colcon_core.shell:Skip shell extension 'dsv' for command environment
[2.191s] DEBUG:colcon.colcon_core.event_handler.log_command:Invoking command in '/home/ztl/ROS_humble_LIO/build/lio_sam': AMENT_PREFIX_PATH=/home/ztl/ROS_humble_LIO/install/autorccar_interfaces:${AMENT_PREFIX_PATH} CMAKE_PREFIX_PATH=/home/ztl/ROS_humble_LIO/install/autorccar_interfaces:/home/ztl/pointcloud2pcd/install/pointcloud2_to_pcd:/home/ztl/lio-sam/src/LIO/LIO-SAM_MID360_ROS2_PKG/ros2/install/lio_sam:/home/ztl/lio-sam/src/LIO/LIO-SAM_MID360_ROS2_PKG/ros2/install/autorccar_interfaces:/home/ztl/project/install/livox_ros_driver2:/opt/ros/humble LD_LIBRARY_PATH=/home/ztl/ROS_humble_LIO/install/autorccar_interfaces/lib:${LD_LIBRARY_PATH} PYTHONPATH=/home/ztl/ROS_humble_LIO/install/autorccar_interfaces/local/lib/python3.10/dist-packages:${PYTHONPATH} /usr/bin/cmake --build /home/ztl/ROS_humble_LIO/build/lio_sam -- -j8 -l8
[3.148s] DEBUG:colcon.colcon_core.event_handler.log_command:Invoked command in '/home/ztl/ROS_humble_LIO/build/lio_sam' returned '0': AMENT_PREFIX_PATH=/home/ztl/ROS_humble_LIO/install/autorccar_interfaces:${AMENT_PREFIX_PATH} CMAKE_PREFIX_PATH=/home/ztl/ROS_humble_LIO/install/autorccar_interfaces:/home/ztl/pointcloud2pcd/install/pointcloud2_to_pcd:/home/ztl/lio-sam/src/LIO/LIO-SAM_MID360_ROS2_PKG/ros2/install/lio_sam:/home/ztl/lio-sam/src/LIO/LIO-SAM_MID360_ROS2_PKG/ros2/install/autorccar_interfaces:/home/ztl/project/install/livox_ros_driver2:/opt/ros/humble LD_LIBRARY_PATH=/home/ztl/ROS_humble_LIO/install/autorccar_interfaces/lib:${LD_LIBRARY_PATH} PYTHONPATH=/home/ztl/ROS_humble_LIO/install/autorccar_interfaces/local/lib/python3.10/dist-packages:${PYTHONPATH} /usr/bin/cmake --build /home/ztl/ROS_humble_LIO/build/lio_sam -- -j8 -l8
[3.158s] DEBUG:colcon.colcon_core.event_handler.log_command:Invoking command in '/home/ztl/ROS_humble_LIO/build/lio_sam': AMENT_PREFIX_PATH=/home/ztl/ROS_humble_LIO/install/autorccar_interfaces:${AMENT_PREFIX_PATH} CMAKE_PREFIX_PATH=/home/ztl/ROS_humble_LIO/install/autorccar_interfaces:/home/ztl/pointcloud2pcd/install/pointcloud2_to_pcd:/home/ztl/lio-sam/src/LIO/LIO-SAM_MID360_ROS2_PKG/ros2/install/lio_sam:/home/ztl/lio-sam/src/LIO/LIO-SAM_MID360_ROS2_PKG/ros2/install/autorccar_interfaces:/home/ztl/project/install/livox_ros_driver2:/opt/ros/humble LD_LIBRARY_PATH=/home/ztl/ROS_humble_LIO/install/autorccar_interfaces/lib:${LD_LIBRARY_PATH} PYTHONPATH=/home/ztl/ROS_humble_LIO/install/autorccar_interfaces/local/lib/python3.10/dist-packages:${PYTHONPATH} /usr/bin/cmake --install /home/ztl/ROS_humble_LIO/build/lio_sam
[3.338s] Level 1:colcon.colcon_core.environment:create_environment_scripts_only(lio_sam)
[3.339s] Level 1:colcon.colcon_core.environment:checking '/home/ztl/ROS_humble_LIO/install/lio_sam' for CMake module files
[3.343s] Level 1:colcon.colcon_core.environment:checking '/home/ztl/ROS_humble_LIO/install/lio_sam' for CMake config files
[3.353s] DEBUG:colcon.colcon_core.event_handler.log_command:Invoked command in '/home/ztl/ROS_humble_LIO/build/lio_sam' returned '0': AMENT_PREFIX_PATH=/home/ztl/ROS_humble_LIO/install/autorccar_interfaces:${AMENT_PREFIX_PATH} CMAKE_PREFIX_PATH=/home/ztl/ROS_humble_LIO/install/autorccar_interfaces:/home/ztl/pointcloud2pcd/install/pointcloud2_to_pcd:/home/ztl/lio-sam/src/LIO/LIO-SAM_MID360_ROS2_PKG/ros2/install/lio_sam:/home/ztl/lio-sam/src/LIO/LIO-SAM_MID360_ROS2_PKG/ros2/install/autorccar_interfaces:/home/ztl/project/install/livox_ros_driver2:/opt/ros/humble LD_LIBRARY_PATH=/home/ztl/ROS_humble_LIO/install/autorccar_interfaces/lib:${LD_LIBRARY_PATH} PYTHONPATH=/home/ztl/ROS_humble_LIO/install/autorccar_interfaces/local/lib/python3.10/dist-packages:${PYTHONPATH} /usr/bin/cmake --install /home/ztl/ROS_humble_LIO/build/lio_sam
[3.353s] Level 1:colcon.colcon_core.shell:create_environment_hook('lio_sam', 'cmake_prefix_path')
[3.354s] INFO:colcon.colcon_core.shell:Creating environment hook '/home/ztl/ROS_humble_LIO/install/lio_sam/share/lio_sam/hook/cmake_prefix_path.ps1'
[3.355s] INFO:colcon.colcon_core.shell:Creating environment descriptor '/home/ztl/ROS_humble_LIO/install/lio_sam/share/lio_sam/hook/cmake_prefix_path.dsv'
[3.356s] INFO:colcon.colcon_core.shell:Creating environment hook '/home/ztl/ROS_humble_LIO/install/lio_sam/share/lio_sam/hook/cmake_prefix_path.sh'
[3.358s] Level 1:colcon.colcon_core.environment:checking '/home/ztl/ROS_humble_LIO/install/lio_sam/lib'
[3.358s] Level 1:colcon.colcon_core.shell:create_environment_hook('lio_sam', 'ld_library_path_lib')
[3.359s] INFO:colcon.colcon_core.shell:Creating environment hook '/home/ztl/ROS_humble_LIO/install/lio_sam/share/lio_sam/hook/ld_library_path_lib.ps1'
[3.360s] INFO:colcon.colcon_core.shell:Creating environment descriptor '/home/ztl/ROS_humble_LIO/install/lio_sam/share/lio_sam/hook/ld_library_path_lib.dsv'
[3.361s] INFO:colcon.colcon_core.shell:Creating environment hook '/home/ztl/ROS_humble_LIO/install/lio_sam/share/lio_sam/hook/ld_library_path_lib.sh'
[3.362s] Level 1:colcon.colcon_core.environment:checking '/home/ztl/ROS_humble_LIO/install/lio_sam/bin'
[3.362s] Level 1:colcon.colcon_core.environment:checking '/home/ztl/ROS_humble_LIO/install/lio_sam/lib/pkgconfig/lio_sam.pc'
[3.363s] Level 1:colcon.colcon_core.environment:checking '/home/ztl/ROS_humble_LIO/install/lio_sam/lib/python3.10/site-packages'
[3.363s] Level 1:colcon.colcon_core.environment:checking '/home/ztl/ROS_humble_LIO/install/lio_sam/bin'
[3.364s] INFO:colcon.colcon_core.shell:Creating package script '/home/ztl/ROS_humble_LIO/install/lio_sam/share/lio_sam/package.ps1'
[3.366s] INFO:colcon.colcon_core.shell:Creating package descriptor '/home/ztl/ROS_humble_LIO/install/lio_sam/share/lio_sam/package.dsv'
[3.367s] INFO:colcon.colcon_core.shell:Creating package script '/home/ztl/ROS_humble_LIO/install/lio_sam/share/lio_sam/package.sh'
[3.368s] INFO:colcon.colcon_core.shell:Creating package script '/home/ztl/ROS_humble_LIO/install/lio_sam/share/lio_sam/package.bash'
[3.369s] INFO:colcon.colcon_core.shell:Creating package script '/home/ztl/ROS_humble_LIO/install/lio_sam/share/lio_sam/package.zsh'
[3.370s] Level 1:colcon.colcon_core.environment:create_file_with_runtime_dependencies(/home/ztl/ROS_humble_LIO/install/lio_sam/share/colcon-core/packages/lio_sam)
[3.372s] Level 1:colcon.colcon_core.environment:create_environment_scripts_only(lio_sam)
[3.373s] Level 1:colcon.colcon_core.environment:checking '/home/ztl/ROS_humble_LIO/install/lio_sam' for CMake module files
[3.375s] Level 1:colcon.colcon_core.environment:checking '/home/ztl/ROS_humble_LIO/install/lio_sam' for CMake config files
[3.376s] Level 1:colcon.colcon_core.shell:create_environment_hook('lio_sam', 'cmake_prefix_path')
[3.376s] INFO:colcon.colcon_core.shell:Creating environment hook '/home/ztl/ROS_humble_LIO/install/lio_sam/share/lio_sam/hook/cmake_prefix_path.ps1'
[3.377s] INFO:colcon.colcon_core.shell:Creating environment descriptor '/home/ztl/ROS_humble_LIO/install/lio_sam/share/lio_sam/hook/cmake_prefix_path.dsv'
[3.378s] INFO:colcon.colcon_core.shell:Creating environment hook '/home/ztl/ROS_humble_LIO/install/lio_sam/share/lio_sam/hook/cmake_prefix_path.sh'
[3.380s] Level 1:colcon.colcon_core.environment:checking '/home/ztl/ROS_humble_LIO/install/lio_sam/lib'
[3.380s] Level 1:colcon.colcon_core.shell:create_environment_hook('lio_sam', 'ld_library_path_lib')
[3.381s] INFO:colcon.colcon_core.shell:Creating environment hook '/home/ztl/ROS_humble_LIO/install/lio_sam/share/lio_sam/hook/ld_library_path_lib.ps1'
[3.382s] INFO:colcon.colcon_core.shell:Creating environment descriptor '/home/ztl/ROS_humble_LIO/install/lio_sam/share/lio_sam/hook/ld_library_path_lib.dsv'
[3.383s] INFO:colcon.colcon_core.shell:Creating environment hook '/home/ztl/ROS_humble_LIO/install/lio_sam/share/lio_sam/hook/ld_library_path_lib.sh'
[3.384s] Level 1:colcon.colcon_core.environment:checking '/home/ztl/ROS_humble_LIO/install/lio_sam/bin'
[3.384s] Level 1:colcon.colcon_core.environment:checking '/home/ztl/ROS_humble_LIO/install/lio_sam/lib/pkgconfig/lio_sam.pc'
[3.384s] Level 1:colcon.colcon_core.environment:checking '/home/ztl/ROS_humble_LIO/install/lio_sam/lib/python3.10/site-packages'
[3.385s] Level 1:colcon.colcon_core.environment:checking '/home/ztl/ROS_humble_LIO/install/lio_sam/bin'
[3.386s] INFO:colcon.colcon_core.shell:Creating package script '/home/ztl/ROS_humble_LIO/install/lio_sam/share/lio_sam/package.ps1'
[3.387s] INFO:colcon.colcon_core.shell:Creating package descriptor '/home/ztl/ROS_humble_LIO/install/lio_sam/share/lio_sam/package.dsv'
[3.389s] INFO:colcon.colcon_core.shell:Creating package script '/home/ztl/ROS_humble_LIO/install/lio_sam/share/lio_sam/package.sh'
[3.390s] INFO:colcon.colcon_core.shell:Creating package script '/home/ztl/ROS_humble_LIO/install/lio_sam/share/lio_sam/package.bash'
[3.391s] INFO:colcon.colcon_core.shell:Creating package script '/home/ztl/ROS_humble_LIO/install/lio_sam/share/lio_sam/package.zsh'
[3.392s] Level 1:colcon.colcon_core.environment:create_file_with_runtime_dependencies(/home/ztl/ROS_humble_LIO/install/lio_sam/share/colcon-core/packages/lio_sam)
[3.392s] DEBUG:colcon.colcon_parallel_executor.executor.parallel:closing loop
[3.393s] DEBUG:colcon.colcon_parallel_executor.executor.parallel:loop closed
[3.393s] DEBUG:colcon.colcon_parallel_executor.executor.parallel:run_until_complete finished with '0'
[3.393s] DEBUG:colcon.colcon_core.event_reactor:joining thread
[3.428s] INFO:colcon.colcon_core.plugin_system:Skipping extension 'colcon_notification.desktop_notification.terminal_notifier': Not used on non-Darwin systems
[3.428s] INFO:colcon.colcon_core.plugin_system:Skipping extension 'colcon_notification.desktop_notification.win32': Not used on non-Windows systems
[3.429s] INFO:colcon.colcon_notification.desktop_notification:Sending desktop notification using 'notify2'
[3.474s] DEBUG:colcon.colcon_core.event_reactor:joined thread
[3.475s] INFO:colcon.colcon_core.shell:Creating prefix script '/home/ztl/ROS_humble_LIO/install/local_setup.ps1'
[3.478s] INFO:colcon.colcon_core.shell:Creating prefix util module '/home/ztl/ROS_humble_LIO/install/_local_setup_util_ps1.py'
[3.482s] INFO:colcon.colcon_core.shell:Creating prefix chain script '/home/ztl/ROS_humble_LIO/install/setup.ps1'
[3.485s] INFO:colcon.colcon_core.shell:Creating prefix script '/home/ztl/ROS_humble_LIO/install/local_setup.sh'
[3.486s] INFO:colcon.colcon_core.shell:Creating prefix util module '/home/ztl/ROS_humble_LIO/install/_local_setup_util_sh.py'
[3.488s] INFO:colcon.colcon_core.shell:Creating prefix chain script '/home/ztl/ROS_humble_LIO/install/setup.sh'
[3.491s] INFO:colcon.colcon_core.shell:Creating prefix script '/home/ztl/ROS_humble_LIO/install/local_setup.bash'
[3.493s] INFO:colcon.colcon_core.shell:Creating prefix chain script '/home/ztl/ROS_humble_LIO/install/setup.bash'
[3.495s] INFO:colcon.colcon_core.shell:Creating prefix script '/home/ztl/ROS_humble_LIO/install/local_setup.zsh'
[3.497s] INFO:colcon.colcon_core.shell:Creating prefix chain script '/home/ztl/ROS_humble_LIO/install/setup.zsh'
