[0.024s] Invoking command in '/home/ztl/ROS_humble_LIO/build/lio_sam': AMENT_PREFIX_PATH=/home/ztl/ROS_humble_LIO/install/autorccar_interfaces:${AMENT_PREFIX_PATH} CMAKE_PREFIX_PATH=/home/ztl/ROS_humble_LIO/install/autorccar_interfaces:/home/ztl/pointcloud2pcd/install/pointcloud2_to_pcd:/home/ztl/lio-sam/src/LIO/LIO-SAM_MID360_ROS2_PKG/ros2/install/lio_sam:/home/ztl/lio-sam/src/LIO/LIO-SAM_MID360_ROS2_PKG/ros2/install/autorccar_interfaces:/home/ztl/project/install/livox_ros_driver2:/opt/ros/humble LD_LIBRARY_PATH=/home/ztl/ROS_humble_LIO/install/autorccar_interfaces/lib:${LD_LIBRARY_PATH} PYTHONPATH=/home/ztl/ROS_humble_LIO/install/autorccar_interfaces/local/lib/python3.10/dist-packages:${PYTHONPATH} /usr/bin/cmake /home/ztl/ROS_humble_LIO/src/LiDAR_IMU_FUSION_ROS2 -DCMAKE_INSTALL_PREFIX=/home/ztl/ROS_humble_LIO/install/lio_sam
[0.215s] -- The C compiler identification is GNU 11.4.0
[0.351s] -- The CXX compiler identification is GNU 11.4.0
[0.368s] -- Detecting C compiler ABI info
[0.609s] -- Detecting C compiler ABI info - done
[0.633s] -- Check for working C compiler: /usr/bin/cc - skipped
[0.634s] -- Detecting C compile features
[0.635s] -- Detecting C compile features - done
[0.644s] -- Detecting CXX compiler ABI info
[0.821s] -- Detecting CXX compiler ABI info - done
[0.880s] -- Check for working CXX compiler: /usr/bin/c++ - skipped
[0.880s] -- Detecting CXX compile features
[0.882s] -- Detecting CXX compile features - done
[0.888s] -- Found ament_cmake: 1.3.11 (/opt/ros/humble/share/ament_cmake/cmake)
[1.335s] -- Found Python3: /usr/bin/python3 (found version "3.10.12") found components: Interpreter 
[1.574s] -- Found rosidl_default_generators: 1.2.0 (/opt/ros/humble/share/rosidl_default_generators/cmake)
[1.583s] -- Using all available rosidl_typesupport_c: rosidl_typesupport_fastrtps_c;rosidl_typesupport_introspection_c
[1.601s] -- Found rosidl_adapter: 3.1.6 (/opt/ros/humble/share/rosidl_adapter/cmake)
[1.716s] -- Using all available rosidl_typesupport_cpp: rosidl_typesupport_fastrtps_cpp;rosidl_typesupport_introspection_cpp
[1.817s] -- Found rclcpp: 16.0.11 (/opt/ros/humble/share/rclcpp/cmake)
[1.991s] -- Found rmw_implementation_cmake: 6.1.2 (/opt/ros/humble/share/rmw_implementation_cmake/cmake)
[2.000s] -- Found rmw_fastrtps_cpp: 6.2.7 (/opt/ros/humble/share/rmw_fastrtps_cpp/cmake)
[2.266s] -- Found OpenSSL: /usr/lib/aarch64-linux-gnu/libcrypto.so (found version "3.0.2")  
[2.345s] -- Found FastRTPS: /opt/ros/humble/include  
[2.457s] -- Using RMW implementation 'rmw_fastrtps_cpp' as default
[2.483s] -- Looking for pthread.h
[2.690s] -- Looking for pthread.h - found
[2.690s] -- Performing Test CMAKE_HAVE_LIBC_PTHREAD
[2.879s] -- Performing Test CMAKE_HAVE_LIBC_PTHREAD - Success
[2.881s] -- Found Threads: TRUE  
[3.072s] -- Found rclpy: 3.3.15 (/opt/ros/humble/share/rclpy/cmake)
[3.076s] -- Found cv_bridge: 3.2.1 (/opt/ros/humble/share/cv_bridge/cmake)
[3.226s] -- Found nav_msgs: 4.2.4 (/opt/ros/humble/share/nav_msgs/cmake)
[3.292s] -- Found visualization_msgs: 4.2.4 (/opt/ros/humble/share/visualization_msgs/cmake)
[3.369s] -- Found pcl_conversions: 2.4.5 (/opt/ros/humble/share/pcl_conversions/cmake)
[3.492s] -- Checking for module 'eigen3'
[3.525s] --   Found eigen3, version 3.4.0
[3.587s] -- Found Eigen: /usr/include/eigen3 (Required is at least version "3.1") 
[3.588s] -- Eigen found (include: /usr/include/eigen3, version: 3.4.0)
[3.692s] -- Checking for module 'flann'
[3.719s] --   Found flann, version 1.9.1
[3.809s] -- Found FLANN: /usr/lib/aarch64-linux-gnu/libflann_cpp.so  
[3.809s] -- FLANN found (include: /usr/include, lib: /usr/lib/aarch64-linux-gnu/libflann_cpp.so)
[6.776s] -- Checking for module 'libusb-1.0'
[6.806s] --   Found libusb-1.0, version 1.0.25
[6.935s] -- Found libusb: /usr/lib/aarch64-linux-gnu/libusb-1.0.so  
[6.943s] -- OpenNI found (version: 1.5.4.0, include: /usr/include/ni, lib: /usr/lib/libOpenNI.so;libusb::libusb)
[7.103s] -- OpenNI2 found (version: 2.2.0.33, include: /usr/include/openni2, lib: /usr/lib/aarch64-linux-gnu/libOpenNI2.so;libusb::libusb)
[7.610s] -- Eigen found (include: /usr/include/eigen3, version: 3.4.0)
[7.627s] -- OpenNI found (version: 1.5.4.0, include: /usr/include/ni, lib: /usr/lib/libOpenNI.so;libusb::libusb)
[7.647s] -- OpenNI2 found (version: 2.2.0.33, include: /usr/include/openni2, lib: /usr/lib/aarch64-linux-gnu/libOpenNI2.so;libusb::libusb)
[8.132s] -- Found Qhull version 8.0.2
[8.630s] -- OpenNI found (version: 1.5.4.0, include: /usr/include/ni, lib: /usr/lib/libOpenNI.so;libusb::libusb)
[9.110s] -- Found PCL_COMMON: /usr/lib/aarch64-linux-gnu/libpcl_common.so  
[9.113s] -- Found PCL_KDTREE: /usr/lib/aarch64-linux-gnu/libpcl_kdtree.so  
[9.116s] -- Found PCL_OCTREE: /usr/lib/aarch64-linux-gnu/libpcl_octree.so  
[9.119s] -- Found PCL_SEARCH: /usr/lib/aarch64-linux-gnu/libpcl_search.so  
[9.123s] -- Found PCL_SAMPLE_CONSENSUS: /usr/lib/aarch64-linux-gnu/libpcl_sample_consensus.so  
[9.127s] -- Found PCL_FILTERS: /usr/lib/aarch64-linux-gnu/libpcl_filters.so  
[9.128s] -- Found PCL_2D: /usr/include/pcl-1.12  
[9.129s] -- Found PCL_GEOMETRY: /usr/include/pcl-1.12  
[9.133s] -- Found PCL_IO: /usr/lib/aarch64-linux-gnu/libpcl_io.so  
[9.137s] -- Found PCL_FEATURES: /usr/lib/aarch64-linux-gnu/libpcl_features.so  
[9.140s] -- Found PCL_ML: /usr/lib/aarch64-linux-gnu/libpcl_ml.so  
[9.143s] -- Found PCL_SEGMENTATION: /usr/lib/aarch64-linux-gnu/libpcl_segmentation.so  
[9.147s] -- Found PCL_VISUALIZATION: /usr/lib/aarch64-linux-gnu/libpcl_visualization.so  
[9.151s] -- Found PCL_SURFACE: /usr/lib/aarch64-linux-gnu/libpcl_surface.so  
[9.155s] -- Found PCL_REGISTRATION: /usr/lib/aarch64-linux-gnu/libpcl_registration.so  
[9.158s] -- Found PCL_KEYPOINTS: /usr/lib/aarch64-linux-gnu/libpcl_keypoints.so  
[9.162s] -- Found PCL_TRACKING: /usr/lib/aarch64-linux-gnu/libpcl_tracking.so  
[9.165s] -- Found PCL_RECOGNITION: /usr/lib/aarch64-linux-gnu/libpcl_recognition.so  
[9.170s] -- Found PCL_STEREO: /usr/lib/aarch64-linux-gnu/libpcl_stereo.so  
[9.174s] -- Found PCL_APPS: /usr/lib/aarch64-linux-gnu/libpcl_apps.so  
[9.176s] -- Found PCL_IN_HAND_SCANNER: /usr/include/pcl-1.12  
[9.177s] -- Found PCL_MODELER: /usr/include/pcl-1.12  
[9.179s] -- Found PCL_POINT_CLOUD_EDITOR: /usr/include/pcl-1.12  
[9.182s] -- Found PCL_OUTOFCORE: /usr/lib/aarch64-linux-gnu/libpcl_outofcore.so  
[9.186s] -- Found PCL_PEOPLE: /usr/lib/aarch64-linux-gnu/libpcl_people.so  
[9.198s] -- Found tf2: 0.25.12 (/opt/ros/humble/share/tf2/cmake)
[9.230s] -- Found tf2_geometry_msgs: 0.25.12 (/opt/ros/humble/share/tf2_geometry_msgs/cmake)
[9.272s] -- Found eigen3_cmake_module: 0.1.1 (/opt/ros/humble/share/eigen3_cmake_module/cmake)
[9.276s] -- Found Eigen3: TRUE (found version "3.4.0") 
[9.277s] -- Ensuring Eigen3 include directory is part of orocos-kdl CMake target
[9.605s] -- Found tf2_sensor_msgs: 0.25.12 (/opt/ros/humble/share/tf2_sensor_msgs/cmake)
[9.622s] -- Found tf2_eigen: 0.25.12 (/opt/ros/humble/share/tf2_eigen/cmake)
[9.644s] -- Found OpenCV: /usr (found version "4.5.4") 
[9.731s] -- Found Boost: /usr/lib/aarch64-linux-gnu/cmake/Boost-1.74.0/BoostConfig.cmake (found suitable version "1.74.0", minimum required is "1.65") found components: serialization system filesystem thread program_options date_time timer chrono regex 
[9.741s] -- GTSAM include directory:  /opt/ros/humble/lib/cmake/GTSAM/../../../include
[9.757s] -- Found Eigen: /usr/include/eigen3  
[9.757s] -- Eigen found (include: /usr/include/eigen3, version: 3.4.0)
[10.454s] -- Found OpenMP_C: -fopenmp (found version "4.5") 
[10.714s] -- Found OpenMP_CXX: -fopenmp (found version "4.5") 
[10.716s] -- Found OpenMP: TRUE (found version "4.5")  
[10.725s] -- Found livox_ros_driver2: 1.0.0 (/home/ztl/project/install/livox_ros_driver2/share/livox_ros_driver2/cmake)
[10.824s] -- Found autorccar_interfaces: 0.0.0 (/home/ztl/ROS_humble_LIO/install/autorccar_interfaces/share/autorccar_interfaces/cmake)
[11.883s] -- Found ament_cmake_ros: 0.10.0 (/opt/ros/humble/share/ament_cmake_ros/cmake)
[12.776s] -- Using all available rosidl_typesupport_c: rosidl_typesupport_fastrtps_c;rosidl_typesupport_introspection_c
[13.933s] -- Using all available rosidl_typesupport_cpp: rosidl_typesupport_fastrtps_cpp;rosidl_typesupport_introspection_cpp
[14.011s] -- Found PythonInterp: /usr/bin/python3 (found suitable version "3.10.12", minimum required is "3.6") 
[14.014s] -- Found python_cmake_module: 0.10.0 (/opt/ros/humble/share/python_cmake_module/cmake)
[14.106s] -- Found PythonLibs: /usr/lib/aarch64-linux-gnu/libpython3.10.so (found suitable version "3.10.12", minimum required is "3.5") 
[14.107s] -- Using PYTHON_EXECUTABLE: /usr/bin/python3
[14.108s] -- Using PYTHON_INCLUDE_DIRS: /usr/include/python3.10
[14.109s] -- Using PYTHON_LIBRARIES: /usr/lib/aarch64-linux-gnu/libpython3.10.so
[14.168s] -- Found PythonExtra: .so  
[14.648s] -- Found ament_lint_auto: 0.12.11 (/opt/ros/humble/share/ament_lint_auto/cmake)
[14.702s] -- Added test 'copyright' to check source files copyright and LICENSE
[14.705s] -- Added test 'cppcheck' to perform static code analysis on C / C++ code
[14.712s] -- Configured cppcheck include dirs: /home/ztl/ROS_humble_LIO/src/LiDAR_IMU_FUSION_ROS2/include/lio_sam
[14.712s] -- Configured cppcheck exclude dirs and/or files: 
[14.714s] -- Added test 'cpplint' to check C / C++ code against the Google style
[14.715s] -- Configured cpplint exclude dirs and/or files: 
[14.716s] -- Added test 'flake8' to check Python code syntax and style conventions
[14.718s] -- Added test 'lint_cmake' to check CMake code style
[14.719s] -- Added test 'pep257' to check Python code against some of the docstring style conventions in PEP 257
[14.722s] -- Added test 'uncrustify' to check C / C++ code style
[14.722s] -- Configured uncrustify additional arguments: 
[14.723s] -- Added test 'xmllint' to check XML markup files
[14.729s] -- Configuring done
[15.225s] -- Generating done
[15.375s] -- Build files have been written to: /home/ztl/ROS_humble_LIO/build/lio_sam
[15.441s] Invoked command in '/home/ztl/ROS_humble_LIO/build/lio_sam' returned '0': AMENT_PREFIX_PATH=/home/ztl/ROS_humble_LIO/install/autorccar_interfaces:${AMENT_PREFIX_PATH} CMAKE_PREFIX_PATH=/home/ztl/ROS_humble_LIO/install/autorccar_interfaces:/home/ztl/pointcloud2pcd/install/pointcloud2_to_pcd:/home/ztl/lio-sam/src/LIO/LIO-SAM_MID360_ROS2_PKG/ros2/install/lio_sam:/home/ztl/lio-sam/src/LIO/LIO-SAM_MID360_ROS2_PKG/ros2/install/autorccar_interfaces:/home/ztl/project/install/livox_ros_driver2:/opt/ros/humble LD_LIBRARY_PATH=/home/ztl/ROS_humble_LIO/install/autorccar_interfaces/lib:${LD_LIBRARY_PATH} PYTHONPATH=/home/ztl/ROS_humble_LIO/install/autorccar_interfaces/local/lib/python3.10/dist-packages:${PYTHONPATH} /usr/bin/cmake /home/ztl/ROS_humble_LIO/src/LiDAR_IMU_FUSION_ROS2 -DCMAKE_INSTALL_PREFIX=/home/ztl/ROS_humble_LIO/install/lio_sam
[15.446s] Invoking command in '/home/ztl/ROS_humble_LIO/build/lio_sam': AMENT_PREFIX_PATH=/home/ztl/ROS_humble_LIO/install/autorccar_interfaces:${AMENT_PREFIX_PATH} CMAKE_PREFIX_PATH=/home/ztl/ROS_humble_LIO/install/autorccar_interfaces:/home/ztl/pointcloud2pcd/install/pointcloud2_to_pcd:/home/ztl/lio-sam/src/LIO/LIO-SAM_MID360_ROS2_PKG/ros2/install/lio_sam:/home/ztl/lio-sam/src/LIO/LIO-SAM_MID360_ROS2_PKG/ros2/install/autorccar_interfaces:/home/ztl/project/install/livox_ros_driver2:/opt/ros/humble LD_LIBRARY_PATH=/home/ztl/ROS_humble_LIO/install/autorccar_interfaces/lib:${LD_LIBRARY_PATH} PYTHONPATH=/home/ztl/ROS_humble_LIO/install/autorccar_interfaces/local/lib/python3.10/dist-packages:${PYTHONPATH} /usr/bin/cmake --build /home/ztl/ROS_humble_LIO/build/lio_sam -- -j8 -l8
[15.598s] [  2%] [34m[1mGenerating C code for ROS interfaces[0m
[15.614s] [  4%] [34m[1mGenerating C++ code for ROS interfaces[0m
[15.671s] [  4%] Built target ament_cmake_python_copy_lio_sam
[16.319s] running egg_info
[16.321s] creating lio_sam.egg-info
[16.322s] writing lio_sam.egg-info/PKG-INFO
[16.323s] writing dependency_links to lio_sam.egg-info/dependency_links.txt
[16.324s] writing top-level names to lio_sam.egg-info/top_level.txt
[16.324s] writing manifest file 'lio_sam.egg-info/SOURCES.txt'
[16.329s] reading manifest file 'lio_sam.egg-info/SOURCES.txt'
[16.330s] writing manifest file 'lio_sam.egg-info/SOURCES.txt'
[16.411s] [  4%] Built target ament_cmake_python_build_lio_sam_egg
[16.954s] [  6%] [32mBuilding C object CMakeFiles/lio_sam__rosidl_generator_c.dir/rosidl_generator_c/lio_sam/msg/detail/cloud_info__functions.c.o[0m
[16.958s] [  8%] [32mBuilding C object CMakeFiles/lio_sam__rosidl_generator_c.dir/rosidl_generator_c/lio_sam/srv/detail/save_map__functions.c.o[0m
[16.992s] [  8%] Built target lio_sam__cpp
[17.016s] [ 10%] [34m[1mGenerating C++ introspection for ROS interfaces[0m
[17.028s] [ 12%] [34m[1mGenerating C++ type support for eProsima Fast-RTPS[0m
[17.037s] [ 14%] [34m[1mGenerating C++ type support dispatch for ROS interfaces[0m
[17.544s] [ 17%] [32m[1mLinking C shared library liblio_sam__rosidl_generator_c.so[0m
[17.675s] [ 17%] Built target lio_sam__rosidl_generator_c
[17.708s] [ 19%] [34m[1mGenerating C type support for eProsima Fast-RTPS[0m
[17.729s] [ 21%] [34m[1mGenerating C introspection for ROS interfaces[0m
[17.761s] [ 23%] [34m[1mGenerating C type support dispatch for ROS interfaces[0m
[18.227s] [ 25%] [32mBuilding CXX object CMakeFiles/lio_sam__rosidl_typesupport_cpp.dir/rosidl_typesupport_cpp/lio_sam/msg/cloud_info__type_support.cpp.o[0m
[18.234s] [ 27%] [32mBuilding CXX object CMakeFiles/lio_sam__rosidl_typesupport_cpp.dir/rosidl_typesupport_cpp/lio_sam/srv/save_map__type_support.cpp.o[0m
[18.853s] [ 29%] [32mBuilding CXX object CMakeFiles/lio_sam__rosidl_typesupport_introspection_cpp.dir/rosidl_typesupport_introspection_cpp/lio_sam/srv/detail/save_map__type_support.cpp.o[0m
[18.854s] [ 31%] [32mBuilding CXX object CMakeFiles/lio_sam__rosidl_typesupport_introspection_cpp.dir/rosidl_typesupport_introspection_cpp/lio_sam/msg/detail/cloud_info__type_support.cpp.o[0m
[19.127s] [ 34%] [32mBuilding CXX object CMakeFiles/lio_sam__rosidl_typesupport_fastrtps_cpp.dir/rosidl_typesupport_fastrtps_cpp/lio_sam/msg/detail/dds_fastrtps/cloud_info__type_support.cpp.o[0m
[19.152s] [ 36%] [32mBuilding CXX object CMakeFiles/lio_sam__rosidl_typesupport_c.dir/rosidl_typesupport_c/lio_sam/msg/cloud_info__type_support.cpp.o[0m
[19.292s] [ 38%] [32mBuilding CXX object CMakeFiles/lio_sam__rosidl_typesupport_fastrtps_c.dir/rosidl_typesupport_fastrtps_c/lio_sam/msg/detail/cloud_info__type_support_c.cpp.o[0m
[19.335s] [ 40%] [32mBuilding CXX object CMakeFiles/lio_sam__rosidl_typesupport_c.dir/rosidl_typesupport_c/lio_sam/srv/save_map__type_support.cpp.o[0m
[19.394s] [ 42%] [32mBuilding CXX object CMakeFiles/lio_sam__rosidl_typesupport_fastrtps_c.dir/rosidl_typesupport_fastrtps_c/lio_sam/srv/detail/save_map__type_support_c.cpp.o[0m
[19.460s] [ 44%] [32m[1mLinking CXX shared library liblio_sam__rosidl_typesupport_c.so[0m
[19.707s] [ 44%] Built target lio_sam__rosidl_typesupport_c
[19.783s] [ 46%] [32mBuilding CXX object CMakeFiles/lio_sam__rosidl_typesupport_fastrtps_cpp.dir/rosidl_typesupport_fastrtps_cpp/lio_sam/srv/detail/dds_fastrtps/save_map__type_support.cpp.o[0m
[19.829s] [ 48%] [32mBuilding C object CMakeFiles/lio_sam__rosidl_typesupport_introspection_c.dir/rosidl_typesupport_introspection_c/lio_sam/msg/detail/cloud_info__type_support.c.o[0m
[20.168s] [ 51%] [32mBuilding C object CMakeFiles/lio_sam__rosidl_typesupport_introspection_c.dir/rosidl_typesupport_introspection_c/lio_sam/srv/detail/save_map__type_support.c.o[0m
[20.429s] [ 53%] [32m[1mLinking C shared library liblio_sam__rosidl_typesupport_introspection_c.so[0m
[20.635s] [ 53%] Built target lio_sam__rosidl_typesupport_introspection_c
[20.667s] [ 55%] [32m[1mLinking CXX shared library liblio_sam__rosidl_typesupport_cpp.so[0m
[20.776s] [ 55%] Built target lio_sam__rosidl_typesupport_cpp
[20.852s] [ 57%] [32mBuilding CXX object CMakeFiles/lio_sam_imageProjection.dir/src/imageProjection.cpp.o[0m
[20.943s] [ 59%] [32mBuilding CXX object CMakeFiles/lio_sam_featureExtraction.dir/src/featureExtraction.cpp.o[0m
[21.129s] [ 61%] [32mBuilding CXX object CMakeFiles/lio_sam_imuPreintegration.dir/src/imuPreintegration.cpp.o[0m
[21.159s] [ 63%] [32m[1mLinking CXX shared library liblio_sam__rosidl_typesupport_fastrtps_c.so[0m
[21.418s] [ 63%] Built target lio_sam__rosidl_typesupport_fastrtps_c
[21.594s] [ 65%] [32mBuilding CXX object CMakeFiles/lio_sam_mapOptimization.dir/src/mapOptmization.cpp.o[0m
[21.772s] [ 68%] [32m[1mLinking CXX shared library liblio_sam__rosidl_typesupport_fastrtps_cpp.so[0m
[22.037s] [ 68%] Built target lio_sam__rosidl_typesupport_fastrtps_cpp
[23.177s] [ 70%] [32m[1mLinking CXX shared library liblio_sam__rosidl_typesupport_introspection_cpp.so[0m
[23.426s] [ 70%] Built target lio_sam__rosidl_typesupport_introspection_cpp
[23.491s] [ 70%] Built target lio_sam
[23.561s] [ 72%] [34m[1mGenerating Python code for ROS interfaces[0m
[26.394s] [ 72%] Built target lio_sam__py
[26.467s] [ 76%] [32mBuilding C object CMakeFiles/lio_sam__rosidl_generator_py.dir/rosidl_generator_py/lio_sam/msg/_cloud_info_s.c.o[0m
[26.467s] [ 76%] [32mBuilding C object CMakeFiles/lio_sam__rosidl_generator_py.dir/rosidl_generator_py/lio_sam/srv/_save_map_s.c.o[0m
[27.374s] [ 78%] [32m[1mLinking C shared library rosidl_generator_py/lio_sam/liblio_sam__rosidl_generator_py.so[0m
[27.494s] [ 78%] Built target lio_sam__rosidl_generator_py
[27.537s] [ 80%] [32mBuilding C object CMakeFiles/lio_sam__rosidl_typesupport_c__pyext.dir/rosidl_generator_py/lio_sam/_lio_sam_s.ep.rosidl_typesupport_c.c.o[0m
[27.564s] [ 82%] [32mBuilding C object CMakeFiles/lio_sam__rosidl_typesupport_fastrtps_c__pyext.dir/rosidl_generator_py/lio_sam/_lio_sam_s.ep.rosidl_typesupport_fastrtps_c.c.o[0m
[27.623s] [ 85%] [32mBuilding C object CMakeFiles/lio_sam__rosidl_typesupport_introspection_c__pyext.dir/rosidl_generator_py/lio_sam/_lio_sam_s.ep.rosidl_typesupport_introspection_c.c.o[0m
[27.969s] [ 87%] [32m[1mLinking C shared library rosidl_generator_py/lio_sam/lio_sam_s__rosidl_typesupport_c.cpython-310-aarch64-linux-gnu.so[0m
[28.094s] [ 87%] Built target lio_sam__rosidl_typesupport_c__pyext
[28.113s] [ 89%] [32m[1mLinking C shared library rosidl_generator_py/lio_sam/lio_sam_s__rosidl_typesupport_introspection_c.cpython-310-aarch64-linux-gnu.so[0m
[28.231s] [ 89%] Built target lio_sam__rosidl_typesupport_introspection_c__pyext
[28.346s] [ 91%] [32m[1mLinking C shared library rosidl_generator_py/lio_sam/lio_sam_s__rosidl_typesupport_fastrtps_c.cpython-310-aarch64-linux-gnu.so[0m
[28.454s] [ 91%] Built target lio_sam__rosidl_typesupport_fastrtps_c__pyext
[57.877s] [01m[K/home/ztl/ROS_humble_LIO/src/LiDAR_IMU_FUSION_ROS2/src/mapOptmization.cpp:422:25:[m[K [01;31m[Kerror: [m[K‘[01m[Klio_sam::save_mapRequest[m[K’ has not been declared
[57.878s]   422 |     bool saveMapService([01;31m[Klio_sam[m[K::save_mapRequest& req, lio_sam::save_mapResponse& res)
[57.879s]       |                         [01;31m[K^~~~~~~[m[K
[57.880s] [01m[K/home/ztl/ROS_humble_LIO/src/LiDAR_IMU_FUSION_ROS2/src/mapOptmization.cpp:422:56:[m[K [01;31m[Kerror: [m[K‘[01m[Klio_sam::save_mapResponse[m[K’ has not been declared
[57.881s]   422 |     bool saveMapService(lio_sam::save_mapRequest& req, [01;31m[Klio_sam[m[K::save_mapResponse& res)
[57.882s]       |                                                        [01;31m[K^~~~~~~[m[K
[57.939s] [01m[K/home/ztl/ROS_humble_LIO/src/LiDAR_IMU_FUSION_ROS2/src/mapOptmization.cpp:[m[K In constructor ‘[01m[KmapOptimization::mapOptimization(const rclcpp::NodeOptions&)[m[K’:
[57.940s] [01m[K/home/ztl/ROS_humble_LIO/src/LiDAR_IMU_FUSION_ROS2/src/mapOptmization.cpp:238:80:[m[K [01;31m[Kerror: [m[Kinvalid use of non-static member function ‘[01m[Kbool mapOptimization::saveMapService(int&, int&)[m[K’
[57.940s]   238 |         srvSaveMap = create_service<lio_sam::srv::SaveMap>("lio_sam/save_map", [01;31m[KsaveMapService[m[K);
[57.941s]       |                                                                                [01;31m[K^~~~~~~~~~~~~~[m[K
[57.942s] [01m[K/home/ztl/ROS_humble_LIO/src/LiDAR_IMU_FUSION_ROS2/src/mapOptmization.cpp:422:10:[m[K [01;36m[Knote: [m[Kdeclared here
[57.942s]   422 |     bool [01;36m[KsaveMapService[m[K(lio_sam::save_mapRequest& req, lio_sam::save_mapResponse& res)
[57.943s]       |          [01;36m[K^~~~~~~~~~~~~~[m[K
[57.985s] [01m[K/home/ztl/ROS_humble_LIO/src/LiDAR_IMU_FUSION_ROS2/src/mapOptmization.cpp:[m[K In member function ‘[01m[Kbool mapOptimization::saveMapService(int&, int&)[m[K’:
[57.986s] [01m[K/home/ztl/ROS_humble_LIO/src/LiDAR_IMU_FUSION_ROS2/src/mapOptmization.cpp:428:20:[m[K [01;31m[Kerror: [m[Krequest for member ‘[01m[Kdestination[m[K’ in ‘[01m[Kreq[m[K’, which is of non-class type ‘[01m[Kint[m[K’
[57.987s]   428 |             if(req.[01;31m[Kdestination[m[K.empty()) saveMapDirectory = std::getenv("HOME") + savePCDDirectory;
[57.988s]       |                    [01;31m[K^~~~~~~~~~~[m[K
[57.990s] [01m[K/home/ztl/ROS_humble_LIO/src/LiDAR_IMU_FUSION_ROS2/src/mapOptmization.cpp:429:63:[m[K [01;31m[Kerror: [m[Krequest for member ‘[01m[Kdestination[m[K’ in ‘[01m[Kreq[m[K’, which is of non-class type ‘[01m[Kint[m[K’
[57.991s]   429 |             else saveMapDirectory = std::getenv("HOME") + req.[01;31m[Kdestination[m[K;
[57.992s]       |                                                               [01;31m[K^~~~~~~~~~~[m[K
[57.996s] [01m[K/home/ztl/ROS_humble_LIO/src/LiDAR_IMU_FUSION_ROS2/src/mapOptmization.cpp:469:20:[m[K [01;31m[Kerror: [m[Krequest for member ‘[01m[Kresolution[m[K’ in ‘[01m[Kreq[m[K’, which is of non-class type ‘[01m[Kint[m[K’
[57.997s]   469 |             if(req.[01;31m[Kresolution[m[K != 0)
[57.998s]       |                    [01;31m[K^~~~~~~~~~[m[K
[58.005s] [01m[K/home/ztl/ROS_humble_LIO/src/LiDAR_IMU_FUSION_ROS2/src/mapOptmization.cpp:492:17:[m[K [01;31m[Kerror: [m[Krequest for member ‘[01m[Ksuccess[m[K’ in ‘[01m[Kres[m[K’, which is of non-class type ‘[01m[Kint[m[K’
[58.006s]   492 |             res.[01;31m[Ksuccess[m[K = ret == 0;
[58.007s]       |                 [01;31m[K^~~~~~~[m[K
[58.014s] [01m[K/home/ztl/ROS_humble_LIO/src/LiDAR_IMU_FUSION_ROS2/src/mapOptmization.cpp:[m[K In member function ‘[01m[Kvoid mapOptimization::visualizeGlobalMapThread()[m[K’:
[58.015s] [01m[K/home/ztl/ROS_humble_LIO/src/LiDAR_IMU_FUSION_ROS2/src/mapOptmization.cpp:507:22:[m[K [01;31m[Kerror: [m[K‘[01m[Ksave_mapRequest[m[K’ is not a member of ‘[01m[Klio_sam[m[K’
[58.016s]   507 |             lio_sam::[01;31m[Ksave_mapRequest[m[K  req;
[58.017s]       |                      [01;31m[K^~~~~~~~~~~~~~~[m[K
[58.019s] [01m[K/home/ztl/ROS_humble_LIO/src/LiDAR_IMU_FUSION_ROS2/src/mapOptmization.cpp:508:22:[m[K [01;31m[Kerror: [m[K‘[01m[Ksave_mapResponse[m[K’ is not a member of ‘[01m[Klio_sam[m[K’
[58.020s]   508 |             lio_sam::[01;31m[Ksave_mapResponse[m[K res;
[58.021s]       |                      [01;31m[K^~~~~~~~~~~~~~~~[m[K
[58.069s] [01m[K/home/ztl/ROS_humble_LIO/src/LiDAR_IMU_FUSION_ROS2/src/mapOptmization.cpp:510:32:[m[K [01;31m[Kerror: [m[K‘[01m[Kreq[m[K’ was not declared in this scope
[58.070s]   510 |             if(!saveMapService([01;31m[Kreq[m[K, res)){
[58.071s]       |                                [01;31m[K^~~[m[K
[58.091s] [01m[K/home/ztl/ROS_humble_LIO/src/LiDAR_IMU_FUSION_ROS2/src/mapOptmization.cpp:510:37:[m[K [01;31m[Kerror: [m[K‘[01m[Kres[m[K’ was not declared in this scope
[58.091s]   510 |             if(!saveMapService(req, [01;31m[Kres[m[K)){
[58.092s]       |                                     [01;31m[K^~~[m[K
[116.539s] [ 93%] [32m[1mLinking CXX executable lio_sam_featureExtraction[0m
[118.902s] [ 93%] Built target lio_sam_featureExtraction
[129.122s] [ 95%] [32m[1mLinking CXX executable lio_sam_imageProjection[0m
[130.820s] [ 95%] Built target lio_sam_imageProjection
[139.456s] gmake[2]: *** [CMakeFiles/lio_sam_mapOptimization.dir/build.make:76：CMakeFiles/lio_sam_mapOptimization.dir/src/mapOptmization.cpp.o] 错误 1
[139.457s] gmake[1]: *** [CMakeFiles/Makefile2:680：CMakeFiles/lio_sam_mapOptimization.dir/all] 错误 2
[139.458s] gmake[1]: *** 正在等待未完成的任务....
[156.450s] [ 97%] [32m[1mLinking CXX executable lio_sam_imuPreintegration[0m
[158.359s] [ 97%] Built target lio_sam_imuPreintegration
[158.370s] gmake: *** [Makefile:146：all] 错误 2
[158.508s] Invoked command in '/home/ztl/ROS_humble_LIO/build/lio_sam' returned '2': AMENT_PREFIX_PATH=/home/ztl/ROS_humble_LIO/install/autorccar_interfaces:${AMENT_PREFIX_PATH} CMAKE_PREFIX_PATH=/home/ztl/ROS_humble_LIO/install/autorccar_interfaces:/home/ztl/pointcloud2pcd/install/pointcloud2_to_pcd:/home/ztl/lio-sam/src/LIO/LIO-SAM_MID360_ROS2_PKG/ros2/install/lio_sam:/home/ztl/lio-sam/src/LIO/LIO-SAM_MID360_ROS2_PKG/ros2/install/autorccar_interfaces:/home/ztl/project/install/livox_ros_driver2:/opt/ros/humble LD_LIBRARY_PATH=/home/ztl/ROS_humble_LIO/install/autorccar_interfaces/lib:${LD_LIBRARY_PATH} PYTHONPATH=/home/ztl/ROS_humble_LIO/install/autorccar_interfaces/local/lib/python3.10/dist-packages:${PYTHONPATH} /usr/bin/cmake --build /home/ztl/ROS_humble_LIO/build/lio_sam -- -j8 -l8
