[0.282s] DEBUG:colcon:Command line arguments: ['/usr/bin/colcon', 'build']
[0.283s] DEBUG:colcon:Parsed command line arguments: Namespace(log_base=None, log_level=None, verb_name='build', build_base='build', install_base='install', merge_install=False, symlink_install=False, test_result_base=None, continue_on_error=False, executor='parallel', parallel_workers=8, event_handlers=None, ignore_user_meta=False, metas=['./colcon.meta'], base_paths=['.'], packages_ignore=None, packages_ignore_regex=None, paths=None, packages_up_to=None, packages_up_to_regex=None, packages_above=None, packages_above_and_dependencies=None, packages_above_depth=None, packages_select_by_dep=None, packages_skip_by_dep=None, packages_skip_up_to=None, packages_select_build_failed=False, packages_skip_build_finished=False, packages_select_test_failures=False, packages_skip_test_passed=False, packages_select=None, packages_skip=None, packages_select_regex=None, packages_skip_regex=None, packages_start=None, packages_end=None, allow_overriding=[], cmake_args=None, cmake_target=None, cmake_target_skip_unavailable=False, cmake_clean_cache=False, cmake_clean_first=False, cmake_force_configure=False, ament_cmake_args=None, catkin_cmake_args=None, catkin_skip_building_tests=False, verb_parser=<colcon_defaults.argument_parser.defaults.DefaultArgumentsDecorator object at 0x7f8271ff70>, verb_extension=<colcon_core.verb.build.BuildVerb object at 0x7f8266d360>, main=<bound method BuildVerb.main of <colcon_core.verb.build.BuildVerb object at 0x7f8266d360>>)
[0.716s] Level 1:colcon.colcon_core.package_discovery:discover_packages(colcon_meta) check parameters
[0.716s] Level 1:colcon.colcon_core.package_discovery:discover_packages(recursive) check parameters
[0.716s] Level 1:colcon.colcon_core.package_discovery:discover_packages(ignore) check parameters
[0.716s] Level 1:colcon.colcon_core.package_discovery:discover_packages(path) check parameters
[0.717s] Level 1:colcon.colcon_core.package_discovery:discover_packages(colcon_meta) discover
[0.717s] Level 1:colcon.colcon_core.package_discovery:discover_packages(recursive) discover
[0.717s] INFO:colcon.colcon_core.package_discovery:Crawling recursively for packages in '/home/ztl/ROS_humble_LIO'
[0.717s] Level 1:colcon.colcon_core.package_identification:_identify(.) by extensions ['ignore', 'ignore_ament_install']
[0.718s] Level 1:colcon.colcon_core.package_identification:_identify(.) by extension 'ignore'
[0.718s] Level 1:colcon.colcon_core.package_identification:_identify(.) by extension 'ignore_ament_install'
[0.718s] Level 1:colcon.colcon_core.package_identification:_identify(.) by extensions ['colcon_pkg']
[0.718s] Level 1:colcon.colcon_core.package_identification:_identify(.) by extension 'colcon_pkg'
[0.718s] Level 1:colcon.colcon_core.package_identification:_identify(.) by extensions ['colcon_meta']
[0.718s] Level 1:colcon.colcon_core.package_identification:_identify(.) by extension 'colcon_meta'
[0.718s] Level 1:colcon.colcon_core.package_identification:_identify(.) by extensions ['ros']
[0.718s] Level 1:colcon.colcon_core.package_identification:_identify(.) by extension 'ros'
[0.751s] Level 1:colcon.colcon_core.package_identification:_identify(.) by extensions ['cmake', 'python']
[0.751s] Level 1:colcon.colcon_core.package_identification:_identify(.) by extension 'cmake'
[0.751s] Level 1:colcon.colcon_core.package_identification:_identify(.) by extension 'python'
[0.752s] Level 1:colcon.colcon_core.package_identification:_identify(.) by extensions ['python_setup_py']
[0.752s] Level 1:colcon.colcon_core.package_identification:_identify(.) by extension 'python_setup_py'
[0.752s] Level 1:colcon.colcon_core.package_identification:_identify(build) by extensions ['ignore', 'ignore_ament_install']
[0.752s] Level 1:colcon.colcon_core.package_identification:_identify(build) by extension 'ignore'
[0.752s] Level 1:colcon.colcon_core.package_identification:_identify(build) ignored
[0.753s] Level 1:colcon.colcon_core.package_identification:_identify(install) by extensions ['ignore', 'ignore_ament_install']
[0.753s] Level 1:colcon.colcon_core.package_identification:_identify(install) by extension 'ignore'
[0.753s] Level 1:colcon.colcon_core.package_identification:_identify(install) ignored
[0.753s] Level 1:colcon.colcon_core.package_identification:_identify(log) by extensions ['ignore', 'ignore_ament_install']
[0.753s] Level 1:colcon.colcon_core.package_identification:_identify(log) by extension 'ignore'
[0.753s] Level 1:colcon.colcon_core.package_identification:_identify(log) ignored
[0.754s] Level 1:colcon.colcon_core.package_identification:_identify(src) by extensions ['ignore', 'ignore_ament_install']
[0.754s] Level 1:colcon.colcon_core.package_identification:_identify(src) by extension 'ignore'
[0.754s] Level 1:colcon.colcon_core.package_identification:_identify(src) by extension 'ignore_ament_install'
[0.754s] Level 1:colcon.colcon_core.package_identification:_identify(src) by extensions ['colcon_pkg']
[0.754s] Level 1:colcon.colcon_core.package_identification:_identify(src) by extension 'colcon_pkg'
[0.754s] Level 1:colcon.colcon_core.package_identification:_identify(src) by extensions ['colcon_meta']
[0.754s] Level 1:colcon.colcon_core.package_identification:_identify(src) by extension 'colcon_meta'
[0.754s] Level 1:colcon.colcon_core.package_identification:_identify(src) by extensions ['ros']
[0.754s] Level 1:colcon.colcon_core.package_identification:_identify(src) by extension 'ros'
[0.755s] Level 1:colcon.colcon_core.package_identification:_identify(src) by extensions ['cmake', 'python']
[0.755s] Level 1:colcon.colcon_core.package_identification:_identify(src) by extension 'cmake'
[0.755s] Level 1:colcon.colcon_core.package_identification:_identify(src) by extension 'python'
[0.755s] Level 1:colcon.colcon_core.package_identification:_identify(src) by extensions ['python_setup_py']
[0.755s] Level 1:colcon.colcon_core.package_identification:_identify(src) by extension 'python_setup_py'
[0.755s] Level 1:colcon.colcon_core.package_identification:_identify(src/LiDAR_IMU_FUSION_ROS2) by extensions ['ignore', 'ignore_ament_install']
[0.755s] Level 1:colcon.colcon_core.package_identification:_identify(src/LiDAR_IMU_FUSION_ROS2) by extension 'ignore'
[0.756s] Level 1:colcon.colcon_core.package_identification:_identify(src/LiDAR_IMU_FUSION_ROS2) by extension 'ignore_ament_install'
[0.756s] Level 1:colcon.colcon_core.package_identification:_identify(src/LiDAR_IMU_FUSION_ROS2) by extensions ['colcon_pkg']
[0.756s] Level 1:colcon.colcon_core.package_identification:_identify(src/LiDAR_IMU_FUSION_ROS2) by extension 'colcon_pkg'
[0.756s] Level 1:colcon.colcon_core.package_identification:_identify(src/LiDAR_IMU_FUSION_ROS2) by extensions ['colcon_meta']
[0.756s] Level 1:colcon.colcon_core.package_identification:_identify(src/LiDAR_IMU_FUSION_ROS2) by extension 'colcon_meta'
[0.756s] Level 1:colcon.colcon_core.package_identification:_identify(src/LiDAR_IMU_FUSION_ROS2) by extensions ['ros']
[0.756s] Level 1:colcon.colcon_core.package_identification:_identify(src/LiDAR_IMU_FUSION_ROS2) by extension 'ros'
[0.764s] DEBUG:colcon.colcon_core.package_identification:Package 'src/LiDAR_IMU_FUSION_ROS2' with type 'ros.ament_cmake' and name 'lio_sam'
[0.765s] Level 1:colcon.colcon_core.package_identification:_identify(src/autorccar_interfaces) by extensions ['ignore', 'ignore_ament_install']
[0.765s] Level 1:colcon.colcon_core.package_identification:_identify(src/autorccar_interfaces) by extension 'ignore'
[0.765s] Level 1:colcon.colcon_core.package_identification:_identify(src/autorccar_interfaces) by extension 'ignore_ament_install'
[0.765s] Level 1:colcon.colcon_core.package_identification:_identify(src/autorccar_interfaces) by extensions ['colcon_pkg']
[0.765s] Level 1:colcon.colcon_core.package_identification:_identify(src/autorccar_interfaces) by extension 'colcon_pkg'
[0.765s] Level 1:colcon.colcon_core.package_identification:_identify(src/autorccar_interfaces) by extensions ['colcon_meta']
[0.766s] Level 1:colcon.colcon_core.package_identification:_identify(src/autorccar_interfaces) by extension 'colcon_meta'
[0.766s] Level 1:colcon.colcon_core.package_identification:_identify(src/autorccar_interfaces) by extensions ['ros']
[0.766s] Level 1:colcon.colcon_core.package_identification:_identify(src/autorccar_interfaces) by extension 'ros'
[0.768s] DEBUG:colcon.colcon_core.package_identification:Package 'src/autorccar_interfaces' with type 'ros.ament_cmake' and name 'autorccar_interfaces'
[0.768s] Level 1:colcon.colcon_core.package_discovery:discover_packages(recursive) using defaults
[0.769s] Level 1:colcon.colcon_core.package_discovery:discover_packages(ignore) discover
[0.769s] Level 1:colcon.colcon_core.package_discovery:discover_packages(ignore) using defaults
[0.769s] Level 1:colcon.colcon_core.package_discovery:discover_packages(path) discover
[0.769s] Level 1:colcon.colcon_core.package_discovery:discover_packages(path) using defaults
[0.822s] Level 1:colcon.colcon_core.package_discovery:discover_packages(prefix_path) check parameters
[0.823s] Level 1:colcon.colcon_core.package_discovery:discover_packages(prefix_path) discover
[0.827s] DEBUG:colcon.colcon_installed_package_information.package_discovery:Found 1 installed packages in /home/ztl/pointcloud2pcd/install
[0.829s] DEBUG:colcon.colcon_installed_package_information.package_discovery:Found 2 installed packages in /home/ztl/lio-sam/src/LIO/LIO-SAM_MID360_ROS2_PKG/ros2/install
[0.830s] DEBUG:colcon.colcon_installed_package_information.package_discovery:Found 1 installed packages in /home/ztl/project/install
[0.833s] DEBUG:colcon.colcon_installed_package_information.package_discovery:Found 276 installed packages in /opt/ros/humble
[0.867s] Level 1:colcon.colcon_core.package_discovery:discover_packages(prefix_path) using defaults
[0.974s] Level 5:colcon.colcon_core.verb:set package 'autorccar_interfaces' build argument 'cmake_args' from command line to 'None'
[0.975s] Level 5:colcon.colcon_core.verb:set package 'autorccar_interfaces' build argument 'cmake_target' from command line to 'None'
[0.975s] Level 5:colcon.colcon_core.verb:set package 'autorccar_interfaces' build argument 'cmake_target_skip_unavailable' from command line to 'False'
[0.975s] Level 5:colcon.colcon_core.verb:set package 'autorccar_interfaces' build argument 'cmake_clean_cache' from command line to 'False'
[0.975s] Level 5:colcon.colcon_core.verb:set package 'autorccar_interfaces' build argument 'cmake_clean_first' from command line to 'False'
[0.975s] Level 5:colcon.colcon_core.verb:set package 'autorccar_interfaces' build argument 'cmake_force_configure' from command line to 'False'
[0.975s] Level 5:colcon.colcon_core.verb:set package 'autorccar_interfaces' build argument 'ament_cmake_args' from command line to 'None'
[0.975s] Level 5:colcon.colcon_core.verb:set package 'autorccar_interfaces' build argument 'catkin_cmake_args' from command line to 'None'
[0.975s] Level 5:colcon.colcon_core.verb:set package 'autorccar_interfaces' build argument 'catkin_skip_building_tests' from command line to 'False'
[0.975s] DEBUG:colcon.colcon_core.verb:Building package 'autorccar_interfaces' with the following arguments: {'ament_cmake_args': None, 'build_base': '/home/ztl/ROS_humble_LIO/build/autorccar_interfaces', 'catkin_cmake_args': None, 'catkin_skip_building_tests': False, 'cmake_args': None, 'cmake_clean_cache': False, 'cmake_clean_first': False, 'cmake_force_configure': False, 'cmake_target': None, 'cmake_target_skip_unavailable': False, 'install_base': '/home/ztl/ROS_humble_LIO/install/autorccar_interfaces', 'merge_install': False, 'path': '/home/ztl/ROS_humble_LIO/src/autorccar_interfaces', 'symlink_install': False, 'test_result_base': None}
[0.976s] Level 5:colcon.colcon_core.verb:set package 'lio_sam' build argument 'cmake_args' from command line to 'None'
[0.976s] Level 5:colcon.colcon_core.verb:set package 'lio_sam' build argument 'cmake_target' from command line to 'None'
[0.976s] Level 5:colcon.colcon_core.verb:set package 'lio_sam' build argument 'cmake_target_skip_unavailable' from command line to 'False'
[0.976s] Level 5:colcon.colcon_core.verb:set package 'lio_sam' build argument 'cmake_clean_cache' from command line to 'False'
[0.976s] Level 5:colcon.colcon_core.verb:set package 'lio_sam' build argument 'cmake_clean_first' from command line to 'False'
[0.976s] Level 5:colcon.colcon_core.verb:set package 'lio_sam' build argument 'cmake_force_configure' from command line to 'False'
[0.977s] Level 5:colcon.colcon_core.verb:set package 'lio_sam' build argument 'ament_cmake_args' from command line to 'None'
[0.977s] Level 5:colcon.colcon_core.verb:set package 'lio_sam' build argument 'catkin_cmake_args' from command line to 'None'
[0.977s] Level 5:colcon.colcon_core.verb:set package 'lio_sam' build argument 'catkin_skip_building_tests' from command line to 'False'
[0.977s] DEBUG:colcon.colcon_core.verb:Building package 'lio_sam' with the following arguments: {'ament_cmake_args': None, 'build_base': '/home/ztl/ROS_humble_LIO/build/lio_sam', 'catkin_cmake_args': None, 'catkin_skip_building_tests': False, 'cmake_args': None, 'cmake_clean_cache': False, 'cmake_clean_first': False, 'cmake_force_configure': False, 'cmake_target': None, 'cmake_target_skip_unavailable': False, 'install_base': '/home/ztl/ROS_humble_LIO/install/lio_sam', 'merge_install': False, 'path': '/home/ztl/ROS_humble_LIO/src/LiDAR_IMU_FUSION_ROS2', 'symlink_install': False, 'test_result_base': None}
[0.977s] INFO:colcon.colcon_core.executor:Executing jobs using 'parallel' executor
[0.980s] DEBUG:colcon.colcon_parallel_executor.executor.parallel:run_until_complete
[0.980s] INFO:colcon.colcon_ros.task.ament_cmake.build:Building ROS package in '/home/ztl/ROS_humble_LIO/src/autorccar_interfaces' with build type 'ament_cmake'
[0.981s] INFO:colcon.colcon_cmake.task.cmake.build:Building CMake package in '/home/ztl/ROS_humble_LIO/src/autorccar_interfaces'
[0.986s] INFO:colcon.colcon_core.plugin_system:Skipping extension 'colcon_core.shell.bat': Not used on non-Windows systems
[0.986s] INFO:colcon.colcon_core.shell:Skip shell extension 'powershell' for command environment: Not usable outside of PowerShell
[0.986s] DEBUG:colcon.colcon_core.shell:Skip shell extension 'dsv' for command environment
[1.008s] DEBUG:colcon.colcon_core.event_handler.log_command:Invoking command in '/home/ztl/ROS_humble_LIO/build/autorccar_interfaces': CMAKE_PREFIX_PATH=${CMAKE_PREFIX_PATH}:/opt/ros/humble /usr/bin/cmake --build /home/ztl/ROS_humble_LIO/build/autorccar_interfaces -- -j8 -l8
[1.959s] DEBUG:colcon.colcon_core.event_handler.log_command:Invoked command in '/home/ztl/ROS_humble_LIO/build/autorccar_interfaces' returned '0': CMAKE_PREFIX_PATH=${CMAKE_PREFIX_PATH}:/opt/ros/humble /usr/bin/cmake --build /home/ztl/ROS_humble_LIO/build/autorccar_interfaces -- -j8 -l8
[1.981s] DEBUG:colcon.colcon_core.event_handler.log_command:Invoking command in '/home/ztl/ROS_humble_LIO/build/autorccar_interfaces': CMAKE_PREFIX_PATH=${CMAKE_PREFIX_PATH}:/opt/ros/humble /usr/bin/cmake --install /home/ztl/ROS_humble_LIO/build/autorccar_interfaces
[2.132s] Level 1:colcon.colcon_core.environment:create_environment_scripts_only(autorccar_interfaces)
[2.151s] Level 1:colcon.colcon_core.environment:checking '/home/ztl/ROS_humble_LIO/install/autorccar_interfaces' for CMake module files
[2.152s] DEBUG:colcon.colcon_core.event_handler.log_command:Invoked command in '/home/ztl/ROS_humble_LIO/build/autorccar_interfaces' returned '0': CMAKE_PREFIX_PATH=${CMAKE_PREFIX_PATH}:/opt/ros/humble /usr/bin/cmake --install /home/ztl/ROS_humble_LIO/build/autorccar_interfaces
[2.153s] Level 1:colcon.colcon_core.environment:checking '/home/ztl/ROS_humble_LIO/install/autorccar_interfaces' for CMake config files
[2.155s] Level 1:colcon.colcon_core.shell:create_environment_hook('autorccar_interfaces', 'cmake_prefix_path')
[2.155s] INFO:colcon.colcon_core.shell:Creating environment hook '/home/ztl/ROS_humble_LIO/install/autorccar_interfaces/share/autorccar_interfaces/hook/cmake_prefix_path.ps1'
[2.157s] INFO:colcon.colcon_core.shell:Creating environment descriptor '/home/ztl/ROS_humble_LIO/install/autorccar_interfaces/share/autorccar_interfaces/hook/cmake_prefix_path.dsv'
[2.158s] INFO:colcon.colcon_core.shell:Creating environment hook '/home/ztl/ROS_humble_LIO/install/autorccar_interfaces/share/autorccar_interfaces/hook/cmake_prefix_path.sh'
[2.160s] Level 1:colcon.colcon_core.environment:checking '/home/ztl/ROS_humble_LIO/install/autorccar_interfaces/lib'
[2.161s] Level 1:colcon.colcon_core.shell:create_environment_hook('autorccar_interfaces', 'ld_library_path_lib')
[2.161s] INFO:colcon.colcon_core.shell:Creating environment hook '/home/ztl/ROS_humble_LIO/install/autorccar_interfaces/share/autorccar_interfaces/hook/ld_library_path_lib.ps1'
[2.162s] INFO:colcon.colcon_core.shell:Creating environment descriptor '/home/ztl/ROS_humble_LIO/install/autorccar_interfaces/share/autorccar_interfaces/hook/ld_library_path_lib.dsv'
[2.163s] INFO:colcon.colcon_core.shell:Creating environment hook '/home/ztl/ROS_humble_LIO/install/autorccar_interfaces/share/autorccar_interfaces/hook/ld_library_path_lib.sh'
[2.164s] Level 1:colcon.colcon_core.environment:checking '/home/ztl/ROS_humble_LIO/install/autorccar_interfaces/bin'
[2.164s] Level 1:colcon.colcon_core.environment:checking '/home/ztl/ROS_humble_LIO/install/autorccar_interfaces/lib/pkgconfig/autorccar_interfaces.pc'
[2.165s] Level 1:colcon.colcon_core.environment:checking '/home/ztl/ROS_humble_LIO/install/autorccar_interfaces/lib/python3.10/site-packages'
[2.165s] Level 1:colcon.colcon_core.environment:checking '/home/ztl/ROS_humble_LIO/install/autorccar_interfaces/bin'
[2.166s] INFO:colcon.colcon_core.shell:Creating package script '/home/ztl/ROS_humble_LIO/install/autorccar_interfaces/share/autorccar_interfaces/package.ps1'
[2.168s] INFO:colcon.colcon_core.shell:Creating package descriptor '/home/ztl/ROS_humble_LIO/install/autorccar_interfaces/share/autorccar_interfaces/package.dsv'
[2.170s] INFO:colcon.colcon_core.shell:Creating package script '/home/ztl/ROS_humble_LIO/install/autorccar_interfaces/share/autorccar_interfaces/package.sh'
[2.172s] INFO:colcon.colcon_core.shell:Creating package script '/home/ztl/ROS_humble_LIO/install/autorccar_interfaces/share/autorccar_interfaces/package.bash'
[2.174s] INFO:colcon.colcon_core.shell:Creating package script '/home/ztl/ROS_humble_LIO/install/autorccar_interfaces/share/autorccar_interfaces/package.zsh'
[2.176s] Level 1:colcon.colcon_core.environment:create_file_with_runtime_dependencies(/home/ztl/ROS_humble_LIO/install/autorccar_interfaces/share/colcon-core/packages/autorccar_interfaces)
[2.178s] Level 1:colcon.colcon_core.environment:create_environment_scripts_only(autorccar_interfaces)
[2.179s] Level 1:colcon.colcon_core.environment:checking '/home/ztl/ROS_humble_LIO/install/autorccar_interfaces' for CMake module files
[2.180s] Level 1:colcon.colcon_core.environment:checking '/home/ztl/ROS_humble_LIO/install/autorccar_interfaces' for CMake config files
[2.181s] Level 1:colcon.colcon_core.shell:create_environment_hook('autorccar_interfaces', 'cmake_prefix_path')
[2.182s] INFO:colcon.colcon_core.shell:Creating environment hook '/home/ztl/ROS_humble_LIO/install/autorccar_interfaces/share/autorccar_interfaces/hook/cmake_prefix_path.ps1'
[2.184s] INFO:colcon.colcon_core.shell:Creating environment descriptor '/home/ztl/ROS_humble_LIO/install/autorccar_interfaces/share/autorccar_interfaces/hook/cmake_prefix_path.dsv'
[2.185s] INFO:colcon.colcon_core.shell:Creating environment hook '/home/ztl/ROS_humble_LIO/install/autorccar_interfaces/share/autorccar_interfaces/hook/cmake_prefix_path.sh'
[2.186s] Level 1:colcon.colcon_core.environment:checking '/home/ztl/ROS_humble_LIO/install/autorccar_interfaces/lib'
[2.187s] Level 1:colcon.colcon_core.shell:create_environment_hook('autorccar_interfaces', 'ld_library_path_lib')
[2.187s] INFO:colcon.colcon_core.shell:Creating environment hook '/home/ztl/ROS_humble_LIO/install/autorccar_interfaces/share/autorccar_interfaces/hook/ld_library_path_lib.ps1'
[2.188s] INFO:colcon.colcon_core.shell:Creating environment descriptor '/home/ztl/ROS_humble_LIO/install/autorccar_interfaces/share/autorccar_interfaces/hook/ld_library_path_lib.dsv'
[2.189s] INFO:colcon.colcon_core.shell:Creating environment hook '/home/ztl/ROS_humble_LIO/install/autorccar_interfaces/share/autorccar_interfaces/hook/ld_library_path_lib.sh'
[2.190s] Level 1:colcon.colcon_core.environment:checking '/home/ztl/ROS_humble_LIO/install/autorccar_interfaces/bin'
[2.190s] Level 1:colcon.colcon_core.environment:checking '/home/ztl/ROS_humble_LIO/install/autorccar_interfaces/lib/pkgconfig/autorccar_interfaces.pc'
[2.191s] Level 1:colcon.colcon_core.environment:checking '/home/ztl/ROS_humble_LIO/install/autorccar_interfaces/lib/python3.10/site-packages'
[2.192s] Level 1:colcon.colcon_core.environment:checking '/home/ztl/ROS_humble_LIO/install/autorccar_interfaces/bin'
[2.193s] INFO:colcon.colcon_core.shell:Creating package script '/home/ztl/ROS_humble_LIO/install/autorccar_interfaces/share/autorccar_interfaces/package.ps1'
[2.194s] INFO:colcon.colcon_core.shell:Creating package descriptor '/home/ztl/ROS_humble_LIO/install/autorccar_interfaces/share/autorccar_interfaces/package.dsv'
[2.196s] INFO:colcon.colcon_core.shell:Creating package script '/home/ztl/ROS_humble_LIO/install/autorccar_interfaces/share/autorccar_interfaces/package.sh'
[2.197s] INFO:colcon.colcon_core.shell:Creating package script '/home/ztl/ROS_humble_LIO/install/autorccar_interfaces/share/autorccar_interfaces/package.bash'
[2.198s] INFO:colcon.colcon_core.shell:Creating package script '/home/ztl/ROS_humble_LIO/install/autorccar_interfaces/share/autorccar_interfaces/package.zsh'
[2.199s] Level 1:colcon.colcon_core.environment:create_file_with_runtime_dependencies(/home/ztl/ROS_humble_LIO/install/autorccar_interfaces/share/colcon-core/packages/autorccar_interfaces)
[2.200s] INFO:colcon.colcon_ros.task.ament_cmake.build:Building ROS package in '/home/ztl/ROS_humble_LIO/src/LiDAR_IMU_FUSION_ROS2' with build type 'ament_cmake'
[2.200s] INFO:colcon.colcon_cmake.task.cmake.build:Building CMake package in '/home/ztl/ROS_humble_LIO/src/LiDAR_IMU_FUSION_ROS2'
[2.201s] INFO:colcon.colcon_core.shell:Skip shell extension 'powershell' for command environment: Not usable outside of PowerShell
[2.201s] DEBUG:colcon.colcon_core.shell:Skip shell extension 'dsv' for command environment
[2.228s] DEBUG:colcon.colcon_core.event_handler.log_command:Invoking command in '/home/ztl/ROS_humble_LIO/build/lio_sam': AMENT_PREFIX_PATH=/home/ztl/ROS_humble_LIO/install/autorccar_interfaces:${AMENT_PREFIX_PATH} CMAKE_PREFIX_PATH=/home/ztl/ROS_humble_LIO/install/autorccar_interfaces:/home/ztl/pointcloud2pcd/install/pointcloud2_to_pcd:/home/ztl/lio-sam/src/LIO/LIO-SAM_MID360_ROS2_PKG/ros2/install/lio_sam:/home/ztl/lio-sam/src/LIO/LIO-SAM_MID360_ROS2_PKG/ros2/install/autorccar_interfaces:/home/ztl/project/install/livox_ros_driver2:/opt/ros/humble LD_LIBRARY_PATH=/home/ztl/ROS_humble_LIO/install/autorccar_interfaces/lib:${LD_LIBRARY_PATH} PYTHONPATH=/home/ztl/ROS_humble_LIO/install/autorccar_interfaces/local/lib/python3.10/dist-packages:${PYTHONPATH} /usr/bin/cmake --build /home/ztl/ROS_humble_LIO/build/lio_sam -- -j8 -l8
[96.592s] DEBUG:colcon.colcon_core.event_handler.log_command:Invoked command in '/home/ztl/ROS_humble_LIO/build/lio_sam' returned '2': AMENT_PREFIX_PATH=/home/ztl/ROS_humble_LIO/install/autorccar_interfaces:${AMENT_PREFIX_PATH} CMAKE_PREFIX_PATH=/home/ztl/ROS_humble_LIO/install/autorccar_interfaces:/home/ztl/pointcloud2pcd/install/pointcloud2_to_pcd:/home/ztl/lio-sam/src/LIO/LIO-SAM_MID360_ROS2_PKG/ros2/install/lio_sam:/home/ztl/lio-sam/src/LIO/LIO-SAM_MID360_ROS2_PKG/ros2/install/autorccar_interfaces:/home/ztl/project/install/livox_ros_driver2:/opt/ros/humble LD_LIBRARY_PATH=/home/ztl/ROS_humble_LIO/install/autorccar_interfaces/lib:${LD_LIBRARY_PATH} PYTHONPATH=/home/ztl/ROS_humble_LIO/install/autorccar_interfaces/local/lib/python3.10/dist-packages:${PYTHONPATH} /usr/bin/cmake --build /home/ztl/ROS_humble_LIO/build/lio_sam -- -j8 -l8
[96.593s] Level 1:colcon.colcon_core.environment:create_environment_scripts_only(lio_sam)
[96.594s] Level 1:colcon.colcon_core.environment:checking '/home/ztl/ROS_humble_LIO/install/lio_sam' for CMake module files
[96.595s] Level 1:colcon.colcon_core.environment:checking '/home/ztl/ROS_humble_LIO/install/lio_sam' for CMake config files
[96.596s] Level 1:colcon.colcon_core.environment:checking '/home/ztl/ROS_humble_LIO/install/lio_sam/bin'
[96.596s] Level 1:colcon.colcon_core.environment:checking '/home/ztl/ROS_humble_LIO/install/lio_sam/lib/pkgconfig/lio_sam.pc'
[96.597s] Level 1:colcon.colcon_core.environment:checking '/home/ztl/ROS_humble_LIO/install/lio_sam/lib/python3.10/site-packages'
[96.597s] Level 1:colcon.colcon_core.environment:checking '/home/ztl/ROS_humble_LIO/install/lio_sam/bin'
[96.598s] INFO:colcon.colcon_core.shell:Creating package script '/home/ztl/ROS_humble_LIO/install/lio_sam/share/lio_sam/package.ps1'
[96.599s] INFO:colcon.colcon_core.shell:Creating package descriptor '/home/ztl/ROS_humble_LIO/install/lio_sam/share/lio_sam/package.dsv'
[96.600s] INFO:colcon.colcon_core.shell:Creating package script '/home/ztl/ROS_humble_LIO/install/lio_sam/share/lio_sam/package.sh'
[96.601s] INFO:colcon.colcon_core.shell:Creating package script '/home/ztl/ROS_humble_LIO/install/lio_sam/share/lio_sam/package.bash'
[96.602s] INFO:colcon.colcon_core.shell:Creating package script '/home/ztl/ROS_humble_LIO/install/lio_sam/share/lio_sam/package.zsh'
[96.603s] Level 1:colcon.colcon_core.environment:create_file_with_runtime_dependencies(/home/ztl/ROS_humble_LIO/install/lio_sam/share/colcon-core/packages/lio_sam)
[96.614s] DEBUG:colcon.colcon_parallel_executor.executor.parallel:closing loop
[96.615s] DEBUG:colcon.colcon_parallel_executor.executor.parallel:loop closed
[96.615s] DEBUG:colcon.colcon_parallel_executor.executor.parallel:run_until_complete finished with '2'
[96.615s] DEBUG:colcon.colcon_core.event_reactor:joining thread
[96.651s] INFO:colcon.colcon_core.plugin_system:Skipping extension 'colcon_notification.desktop_notification.terminal_notifier': Not used on non-Darwin systems
[96.652s] INFO:colcon.colcon_core.plugin_system:Skipping extension 'colcon_notification.desktop_notification.win32': Not used on non-Windows systems
[96.652s] INFO:colcon.colcon_notification.desktop_notification:Sending desktop notification using 'notify2'
[96.686s] DEBUG:colcon.colcon_core.event_reactor:joined thread
[96.687s] INFO:colcon.colcon_core.shell:Creating prefix script '/home/ztl/ROS_humble_LIO/install/local_setup.ps1'
[96.690s] INFO:colcon.colcon_core.shell:Creating prefix util module '/home/ztl/ROS_humble_LIO/install/_local_setup_util_ps1.py'
[96.695s] INFO:colcon.colcon_core.shell:Creating prefix chain script '/home/ztl/ROS_humble_LIO/install/setup.ps1'
[96.698s] INFO:colcon.colcon_core.shell:Creating prefix script '/home/ztl/ROS_humble_LIO/install/local_setup.sh'
[96.699s] INFO:colcon.colcon_core.shell:Creating prefix util module '/home/ztl/ROS_humble_LIO/install/_local_setup_util_sh.py'
[96.701s] INFO:colcon.colcon_core.shell:Creating prefix chain script '/home/ztl/ROS_humble_LIO/install/setup.sh'
[96.704s] INFO:colcon.colcon_core.shell:Creating prefix script '/home/ztl/ROS_humble_LIO/install/local_setup.bash'
[96.706s] INFO:colcon.colcon_core.shell:Creating prefix chain script '/home/ztl/ROS_humble_LIO/install/setup.bash'
[96.708s] INFO:colcon.colcon_core.shell:Creating prefix script '/home/ztl/ROS_humble_LIO/install/local_setup.zsh'
[96.710s] INFO:colcon.colcon_core.shell:Creating prefix chain script '/home/ztl/ROS_humble_LIO/install/setup.zsh'
