[0.031s] Invoking command in '/home/ztl/ROS_humble_LIO/build/autorccar_interfaces': CMAKE_PREFIX_PATH=${CMAKE_PREFIX_PATH}:/opt/ros/humble /usr/bin/cmake /home/ztl/ROS_humble_LIO/src/autorccar_interfaces -DCMAKE_INSTALL_PREFIX=/home/ztl/ROS_humble_LIO/install/autorccar_interfaces
[0.316s] -- The C compiler identification is GNU 11.4.0
[0.630s] -- The CXX compiler identification is GNU 11.4.0
[0.655s] -- Detecting C compiler ABI info
[0.827s] -- Detecting C compiler ABI info - done
[0.850s] -- Check for working C compiler: /usr/bin/cc - skipped
[0.851s] -- Detecting C compile features
[0.853s] -- Detecting C compile features - done
[0.864s] -- Detecting CXX compiler ABI info
[1.076s] -- Detecting CXX compiler ABI info - done
[1.099s] -- Check for working CXX compiler: /usr/bin/c++ - skipped
[1.100s] -- Detecting CXX compile features
[1.101s] -- Detecting CXX compile features - done
[1.114s] -- Found ament_cmake: 1.3.11 (/opt/ros/humble/share/ament_cmake/cmake)
[1.574s] -- Found Python3: /usr/bin/python3 (found version "3.10.12") found components: Interpreter 
[1.872s] -- Found std_msgs: 4.2.4 (/opt/ros/humble/share/std_msgs/cmake)
[2.000s] -- Found rosidl_generator_c: 3.1.6 (/opt/ros/humble/share/rosidl_generator_c/cmake)
[2.024s] -- Found rosidl_adapter: 3.1.6 (/opt/ros/humble/share/rosidl_adapter/cmake)
[2.051s] -- Found rosidl_generator_cpp: 3.1.6 (/opt/ros/humble/share/rosidl_generator_cpp/cmake)
[2.095s] -- Using all available rosidl_typesupport_c: rosidl_typesupport_fastrtps_c;rosidl_typesupport_introspection_c
[2.154s] -- Using all available rosidl_typesupport_cpp: rosidl_typesupport_fastrtps_cpp;rosidl_typesupport_introspection_cpp
[2.245s] -- Found geometry_msgs: 4.2.4 (/opt/ros/humble/share/geometry_msgs/cmake)
[2.295s] -- Found sensor_msgs: 4.2.4 (/opt/ros/humble/share/sensor_msgs/cmake)
[2.362s] -- Found vision_msgs: 4.1.1 (/opt/ros/humble/share/vision_msgs/cmake)
[2.422s] -- Found rosidl_default_generators: 1.2.0 (/opt/ros/humble/share/rosidl_default_generators/cmake)
[2.451s] -- Found ament_lint_auto: 0.12.11 (/opt/ros/humble/share/ament_lint_auto/cmake)
[3.570s] -- Found ament_cmake_ros: 0.10.0 (/opt/ros/humble/share/ament_cmake_ros/cmake)
[4.991s] -- Using all available rosidl_typesupport_c: rosidl_typesupport_fastrtps_c;rosidl_typesupport_introspection_c
[5.512s] -- Using all available rosidl_typesupport_cpp: rosidl_typesupport_fastrtps_cpp;rosidl_typesupport_introspection_cpp
[5.572s] -- Found PythonInterp: /usr/bin/python3 (found suitable version "3.10.12", minimum required is "3.6") 
[5.576s] -- Found python_cmake_module: 0.10.0 (/opt/ros/humble/share/python_cmake_module/cmake)
[5.669s] -- Found PythonLibs: /usr/lib/aarch64-linux-gnu/libpython3.10.so (found suitable version "3.10.12", minimum required is "3.5") 
[5.669s] -- Using PYTHON_EXECUTABLE: /usr/bin/python3
[5.669s] -- Using PYTHON_INCLUDE_DIRS: /usr/include/python3.10
[5.670s] -- Using PYTHON_LIBRARIES: /usr/lib/aarch64-linux-gnu/libpython3.10.so
[5.726s] -- Found PythonExtra: .so  
[5.964s] -- Added test 'copyright' to check source files copyright and LICENSE
[5.969s] -- Added test 'lint_cmake' to check CMake code style
[5.972s] -- Added test 'xmllint' to check XML markup files
[5.986s] -- Configuring done
[6.113s] -- Generating done
[6.151s] -- Build files have been written to: /home/ztl/ROS_humble_LIO/build/autorccar_interfaces
[6.178s] Invoked command in '/home/ztl/ROS_humble_LIO/build/autorccar_interfaces' returned '0': CMAKE_PREFIX_PATH=${CMAKE_PREFIX_PATH}:/opt/ros/humble /usr/bin/cmake /home/ztl/ROS_humble_LIO/src/autorccar_interfaces -DCMAKE_INSTALL_PREFIX=/home/ztl/ROS_humble_LIO/install/autorccar_interfaces
[6.184s] Invoking command in '/home/ztl/ROS_humble_LIO/build/autorccar_interfaces': CMAKE_PREFIX_PATH=${CMAKE_PREFIX_PATH}:/opt/ros/humble /usr/bin/cmake --build /home/ztl/ROS_humble_LIO/build/autorccar_interfaces -- -j8 -l8
[6.328s] [  1%] [34m[1mGenerating C++ code for ROS interfaces[0m
[6.333s] [  2%] [34m[1mGenerating C code for ROS interfaces[0m
[6.342s] [  2%] Built target ament_cmake_python_copy_autorccar_interfaces
[6.959s] running egg_info
[6.963s] creating autorccar_interfaces.egg-info
[6.964s] writing autorccar_interfaces.egg-info/PKG-INFO
[6.964s] writing dependency_links to autorccar_interfaces.egg-info/dependency_links.txt
[6.964s] writing top-level names to autorccar_interfaces.egg-info/top_level.txt
[6.964s] writing manifest file 'autorccar_interfaces.egg-info/SOURCES.txt'
[6.971s] reading manifest file 'autorccar_interfaces.egg-info/SOURCES.txt'
[6.972s] writing manifest file 'autorccar_interfaces.egg-info/SOURCES.txt'
[7.051s] [  2%] Built target ament_cmake_python_build_autorccar_interfaces_egg
[8.102s] [  2%] Built target autorccar_interfaces__cpp
[8.145s] [  3%] [34m[1mGenerating C++ type support dispatch for ROS interfaces[0m
[8.148s] [  5%] [34m[1mGenerating C++ introspection for ROS interfaces[0m
[8.154s] [  6%] [34m[1mGenerating C++ type support for eProsima Fast-RTPS[0m
[8.299s] [  7%] [32mBuilding C object CMakeFiles/autorccar_interfaces__rosidl_generator_c.dir/rosidl_generator_c/autorccar_interfaces/msg/detail/imu__functions.c.o[0m
[8.301s] [  8%] [32mBuilding C object CMakeFiles/autorccar_interfaces__rosidl_generator_c.dir/rosidl_generator_c/autorccar_interfaces/msg/detail/control_command__functions.c.o[0m
[8.310s] [ 10%] [32mBuilding C object CMakeFiles/autorccar_interfaces__rosidl_generator_c.dir/rosidl_generator_c/autorccar_interfaces/msg/detail/gnss__functions.c.o[0m
[8.310s] [ 11%] [32mBuilding C object CMakeFiles/autorccar_interfaces__rosidl_generator_c.dir/rosidl_generator_c/autorccar_interfaces/msg/detail/nav_state__functions.c.o[0m
[8.326s] [ 12%] [32mBuilding C object CMakeFiles/autorccar_interfaces__rosidl_generator_c.dir/rosidl_generator_c/autorccar_interfaces/msg/detail/path__functions.c.o[0m
[8.619s] [ 13%] [32mBuilding C object CMakeFiles/autorccar_interfaces__rosidl_generator_c.dir/rosidl_generator_c/autorccar_interfaces/msg/detail/path_point__functions.c.o[0m
[8.725s] [ 15%] [32mBuilding C object CMakeFiles/autorccar_interfaces__rosidl_generator_c.dir/rosidl_generator_c/autorccar_interfaces/msg/detail/bounding_boxes__functions.c.o[0m
[8.957s] [ 16%] [32m[1mLinking C shared library libautorccar_interfaces__rosidl_generator_c.so[0m
[9.154s] [ 16%] Built target autorccar_interfaces__rosidl_generator_c
[9.197s] [ 17%] [34m[1mGenerating C introspection for ROS interfaces[0m
[9.209s] [ 18%] [34m[1mGenerating C type support dispatch for ROS interfaces[0m
[9.228s] [ 20%] [34m[1mGenerating C type support for eProsima Fast-RTPS[0m
[9.471s] [ 21%] [32mBuilding CXX object CMakeFiles/autorccar_interfaces__rosidl_typesupport_cpp.dir/rosidl_typesupport_cpp/autorccar_interfaces/msg/imu__type_support.cpp.o[0m
[9.490s] [ 22%] [32mBuilding CXX object CMakeFiles/autorccar_interfaces__rosidl_typesupport_cpp.dir/rosidl_typesupport_cpp/autorccar_interfaces/msg/gnss__type_support.cpp.o[0m
[9.517s] [ 24%] [32mBuilding CXX object CMakeFiles/autorccar_interfaces__rosidl_typesupport_cpp.dir/rosidl_typesupport_cpp/autorccar_interfaces/msg/nav_state__type_support.cpp.o[0m
[9.774s] [ 25%] [32mBuilding CXX object CMakeFiles/autorccar_interfaces__rosidl_typesupport_introspection_cpp.dir/rosidl_typesupport_introspection_cpp/autorccar_interfaces/msg/detail/imu__type_support.cpp.o[0m
[10.147s] [ 26%] [32mBuilding CXX object CMakeFiles/autorccar_interfaces__rosidl_typesupport_fastrtps_cpp.dir/rosidl_typesupport_fastrtps_cpp/autorccar_interfaces/msg/detail/dds_fastrtps/imu__type_support.cpp.o[0m
[10.731s] [ 27%] [32mBuilding CXX object CMakeFiles/autorccar_interfaces__rosidl_typesupport_fastrtps_cpp.dir/rosidl_typesupport_fastrtps_cpp/autorccar_interfaces/msg/detail/dds_fastrtps/gnss__type_support.cpp.o[0m
[11.058s] [ 29%] [32mBuilding CXX object CMakeFiles/autorccar_interfaces__rosidl_typesupport_introspection_cpp.dir/rosidl_typesupport_introspection_cpp/autorccar_interfaces/msg/detail/gnss__type_support.cpp.o[0m
[11.165s] [ 30%] [32mBuilding CXX object CMakeFiles/autorccar_interfaces__rosidl_typesupport_c.dir/rosidl_typesupport_c/autorccar_interfaces/msg/imu__type_support.cpp.o[0m
[11.337s] [ 31%] [32mBuilding CXX object CMakeFiles/autorccar_interfaces__rosidl_typesupport_c.dir/rosidl_typesupport_c/autorccar_interfaces/msg/gnss__type_support.cpp.o[0m
[11.606s] [ 32%] [32mBuilding CXX object CMakeFiles/autorccar_interfaces__rosidl_typesupport_c.dir/rosidl_typesupport_c/autorccar_interfaces/msg/nav_state__type_support.cpp.o[0m
[11.649s] [ 34%] [32mBuilding CXX object CMakeFiles/autorccar_interfaces__rosidl_typesupport_fastrtps_c.dir/rosidl_typesupport_fastrtps_c/autorccar_interfaces/msg/detail/imu__type_support_c.cpp.o[0m
[11.711s] [ 35%] [32mBuilding CXX object CMakeFiles/autorccar_interfaces__rosidl_typesupport_cpp.dir/rosidl_typesupport_cpp/autorccar_interfaces/msg/control_command__type_support.cpp.o[0m
[11.741s] [ 36%] [32mBuilding CXX object CMakeFiles/autorccar_interfaces__rosidl_typesupport_cpp.dir/rosidl_typesupport_cpp/autorccar_interfaces/msg/path__type_support.cpp.o[0m
[11.760s] [ 37%] [32mBuilding CXX object CMakeFiles/autorccar_interfaces__rosidl_typesupport_cpp.dir/rosidl_typesupport_cpp/autorccar_interfaces/msg/path_point__type_support.cpp.o[0m
[11.775s] [ 39%] [32mBuilding CXX object CMakeFiles/autorccar_interfaces__rosidl_typesupport_c.dir/rosidl_typesupport_c/autorccar_interfaces/msg/control_command__type_support.cpp.o[0m
[11.970s] [ 40%] [32mBuilding CXX object CMakeFiles/autorccar_interfaces__rosidl_typesupport_c.dir/rosidl_typesupport_c/autorccar_interfaces/msg/path__type_support.cpp.o[0m
[12.189s] [ 41%] [32mBuilding CXX object CMakeFiles/autorccar_interfaces__rosidl_typesupport_c.dir/rosidl_typesupport_c/autorccar_interfaces/msg/path_point__type_support.cpp.o[0m
[12.406s] [ 43%] [32mBuilding CXX object CMakeFiles/autorccar_interfaces__rosidl_typesupport_c.dir/rosidl_typesupport_c/autorccar_interfaces/msg/bounding_boxes__type_support.cpp.o[0m
[12.423s] [ 44%] [32mBuilding CXX object CMakeFiles/autorccar_interfaces__rosidl_typesupport_introspection_cpp.dir/rosidl_typesupport_introspection_cpp/autorccar_interfaces/msg/detail/nav_state__type_support.cpp.o[0m
[12.573s] [ 45%] [32m[1mLinking CXX shared library libautorccar_interfaces__rosidl_typesupport_c.so[0m
[12.615s] [ 46%] [32mBuilding CXX object CMakeFiles/autorccar_interfaces__rosidl_typesupport_introspection_cpp.dir/rosidl_typesupport_introspection_cpp/autorccar_interfaces/msg/detail/control_command__type_support.cpp.o[0m
[12.753s] [ 48%] [32mBuilding CXX object CMakeFiles/autorccar_interfaces__rosidl_typesupport_cpp.dir/rosidl_typesupport_cpp/autorccar_interfaces/msg/bounding_boxes__type_support.cpp.o[0m
[12.807s] [ 48%] Built target autorccar_interfaces__rosidl_typesupport_c
[12.826s] [ 49%] [32mBuilding CXX object CMakeFiles/autorccar_interfaces__rosidl_typesupport_fastrtps_cpp.dir/rosidl_typesupport_fastrtps_cpp/autorccar_interfaces/msg/detail/dds_fastrtps/control_command__type_support.cpp.o[0m
[12.833s] [ 50%] [32mBuilding CXX object CMakeFiles/autorccar_interfaces__rosidl_typesupport_fastrtps_cpp.dir/rosidl_typesupport_fastrtps_cpp/autorccar_interfaces/msg/detail/dds_fastrtps/nav_state__type_support.cpp.o[0m
[13.178s] [ 51%] [32mBuilding C object CMakeFiles/autorccar_interfaces__rosidl_typesupport_introspection_c.dir/rosidl_typesupport_introspection_c/autorccar_interfaces/msg/detail/imu__type_support.c.o[0m
[13.516s] [ 53%] [32mBuilding C object CMakeFiles/autorccar_interfaces__rosidl_typesupport_introspection_c.dir/rosidl_typesupport_introspection_c/autorccar_interfaces/msg/detail/gnss__type_support.c.o[0m
[13.635s] [ 54%] [32mBuilding C object CMakeFiles/autorccar_interfaces__rosidl_typesupport_introspection_c.dir/rosidl_typesupport_introspection_c/autorccar_interfaces/msg/detail/nav_state__type_support.c.o[0m
[13.785s] [ 55%] [32mBuilding CXX object CMakeFiles/autorccar_interfaces__rosidl_typesupport_introspection_cpp.dir/rosidl_typesupport_introspection_cpp/autorccar_interfaces/msg/detail/path__type_support.cpp.o[0m
[13.813s] [ 56%] [32mBuilding C object CMakeFiles/autorccar_interfaces__rosidl_typesupport_introspection_c.dir/rosidl_typesupport_introspection_c/autorccar_interfaces/msg/detail/control_command__type_support.c.o[0m
[13.879s] [ 58%] [32mBuilding CXX object CMakeFiles/autorccar_interfaces__rosidl_typesupport_fastrtps_cpp.dir/rosidl_typesupport_fastrtps_cpp/autorccar_interfaces/msg/detail/dds_fastrtps/path__type_support.cpp.o[0m
[13.974s] [ 59%] [32mBuilding C object CMakeFiles/autorccar_interfaces__rosidl_typesupport_introspection_c.dir/rosidl_typesupport_introspection_c/autorccar_interfaces/msg/detail/path__type_support.c.o[0m
[14.009s] [ 60%] [32m[1mLinking CXX shared library libautorccar_interfaces__rosidl_typesupport_cpp.so[0m
[14.022s] [ 62%] [32mBuilding C object CMakeFiles/autorccar_interfaces__rosidl_typesupport_introspection_c.dir/rosidl_typesupport_introspection_c/autorccar_interfaces/msg/detail/path_point__type_support.c.o[0m
[14.067s] [ 63%] [32mBuilding C object CMakeFiles/autorccar_interfaces__rosidl_typesupport_introspection_c.dir/rosidl_typesupport_introspection_c/autorccar_interfaces/msg/detail/bounding_boxes__type_support.c.o[0m
[14.254s] [ 64%] [32mBuilding CXX object CMakeFiles/autorccar_interfaces__rosidl_typesupport_fastrtps_cpp.dir/rosidl_typesupport_fastrtps_cpp/autorccar_interfaces/msg/detail/dds_fastrtps/path_point__type_support.cpp.o[0m
[14.266s] [ 65%] [32m[1mLinking C shared library libautorccar_interfaces__rosidl_typesupport_introspection_c.so[0m
[14.273s] [ 67%] [32mBuilding CXX object CMakeFiles/autorccar_interfaces__rosidl_typesupport_introspection_cpp.dir/rosidl_typesupport_introspection_cpp/autorccar_interfaces/msg/detail/path_point__type_support.cpp.o[0m
[14.295s] [ 67%] Built target autorccar_interfaces__rosidl_typesupport_cpp
[14.368s] [ 68%] [32mBuilding CXX object CMakeFiles/autorccar_interfaces__rosidl_typesupport_introspection_cpp.dir/rosidl_typesupport_introspection_cpp/autorccar_interfaces/msg/detail/bounding_boxes__type_support.cpp.o[0m
[14.462s] [ 68%] Built target autorccar_interfaces__rosidl_typesupport_introspection_c
[14.521s] [ 69%] [32mBuilding CXX object CMakeFiles/autorccar_interfaces__rosidl_typesupport_fastrtps_cpp.dir/rosidl_typesupport_fastrtps_cpp/autorccar_interfaces/msg/detail/dds_fastrtps/bounding_boxes__type_support.cpp.o[0m
[14.685s] [ 70%] [32mBuilding CXX object CMakeFiles/autorccar_interfaces__rosidl_typesupport_fastrtps_c.dir/rosidl_typesupport_fastrtps_c/autorccar_interfaces/msg/detail/gnss__type_support_c.cpp.o[0m
[14.720s] [ 72%] [32mBuilding CXX object CMakeFiles/autorccar_interfaces__rosidl_typesupport_fastrtps_c.dir/rosidl_typesupport_fastrtps_c/autorccar_interfaces/msg/detail/nav_state__type_support_c.cpp.o[0m
[15.510s] [ 73%] [32mBuilding CXX object CMakeFiles/autorccar_interfaces__rosidl_typesupport_fastrtps_c.dir/rosidl_typesupport_fastrtps_c/autorccar_interfaces/msg/detail/path__type_support_c.cpp.o[0m
[15.525s] [ 74%] [32mBuilding CXX object CMakeFiles/autorccar_interfaces__rosidl_typesupport_fastrtps_c.dir/rosidl_typesupport_fastrtps_c/autorccar_interfaces/msg/detail/control_command__type_support_c.cpp.o[0m
[15.856s] [ 75%] [32mBuilding CXX object CMakeFiles/autorccar_interfaces__rosidl_typesupport_fastrtps_c.dir/rosidl_typesupport_fastrtps_c/autorccar_interfaces/msg/detail/path_point__type_support_c.cpp.o[0m
[16.251s] [ 77%] [32mBuilding CXX object CMakeFiles/autorccar_interfaces__rosidl_typesupport_fastrtps_c.dir/rosidl_typesupport_fastrtps_c/autorccar_interfaces/msg/detail/bounding_boxes__type_support_c.cpp.o[0m
[16.639s] [ 78%] [32m[1mLinking CXX shared library libautorccar_interfaces__rosidl_typesupport_introspection_cpp.so[0m
[16.841s] [ 79%] [32m[1mLinking CXX shared library libautorccar_interfaces__rosidl_typesupport_fastrtps_cpp.so[0m
[17.018s] [ 79%] Built target autorccar_interfaces__rosidl_typesupport_introspection_cpp
[17.129s] [ 79%] Built target autorccar_interfaces__rosidl_typesupport_fastrtps_cpp
[17.471s] [ 81%] [32m[1mLinking CXX shared library libautorccar_interfaces__rosidl_typesupport_fastrtps_c.so[0m
[17.675s] [ 81%] Built target autorccar_interfaces__rosidl_typesupport_fastrtps_c
[17.759s] [ 81%] Built target autorccar_interfaces
[17.826s] [ 82%] [34m[1mGenerating Python code for ROS interfaces[0m
[20.374s] [ 82%] Built target autorccar_interfaces__py
[20.424s] [ 84%] [32mBuilding C object CMakeFiles/autorccar_interfaces__rosidl_generator_py.dir/rosidl_generator_py/autorccar_interfaces/msg/_nav_state_s.c.o[0m
[20.424s] [ 84%] [32mBuilding C object CMakeFiles/autorccar_interfaces__rosidl_generator_py.dir/rosidl_generator_py/autorccar_interfaces/msg/_gnss_s.c.o[0m
[20.435s] [ 86%] [32mBuilding C object CMakeFiles/autorccar_interfaces__rosidl_generator_py.dir/rosidl_generator_py/autorccar_interfaces/msg/_control_command_s.c.o[0m
[20.441s] [ 87%] [32mBuilding C object CMakeFiles/autorccar_interfaces__rosidl_generator_py.dir/rosidl_generator_py/autorccar_interfaces/msg/_imu_s.c.o[0m
[20.448s] [ 88%] [32mBuilding C object CMakeFiles/autorccar_interfaces__rosidl_generator_py.dir/rosidl_generator_py/autorccar_interfaces/msg/_bounding_boxes_s.c.o[0m
[20.449s] [ 89%] [32mBuilding C object CMakeFiles/autorccar_interfaces__rosidl_generator_py.dir/rosidl_generator_py/autorccar_interfaces/msg/_path_point_s.c.o[0m
[20.455s] [ 91%] [32mBuilding C object CMakeFiles/autorccar_interfaces__rosidl_generator_py.dir/rosidl_generator_py/autorccar_interfaces/msg/_path_s.c.o[0m
[21.015s] [ 92%] [32m[1mLinking C shared library rosidl_generator_py/autorccar_interfaces/libautorccar_interfaces__rosidl_generator_py.so[0m
[21.137s] [ 92%] Built target autorccar_interfaces__rosidl_generator_py
[21.177s] [ 93%] [32mBuilding C object CMakeFiles/autorccar_interfaces__rosidl_typesupport_fastrtps_c__pyext.dir/rosidl_generator_py/autorccar_interfaces/_autorccar_interfaces_s.ep.rosidl_typesupport_fastrtps_c.c.o[0m
[21.196s] [ 94%] [32mBuilding C object CMakeFiles/autorccar_interfaces__rosidl_typesupport_c__pyext.dir/rosidl_generator_py/autorccar_interfaces/_autorccar_interfaces_s.ep.rosidl_typesupport_c.c.o[0m
[21.205s] [ 96%] [32mBuilding C object CMakeFiles/autorccar_interfaces__rosidl_typesupport_introspection_c__pyext.dir/rosidl_generator_py/autorccar_interfaces/_autorccar_interfaces_s.ep.rosidl_typesupport_introspection_c.c.o[0m
[21.513s] [ 97%] [32m[1mLinking C shared library rosidl_generator_py/autorccar_interfaces/autorccar_interfaces_s__rosidl_typesupport_fastrtps_c.cpython-310-aarch64-linux-gnu.so[0m
[21.536s] [ 98%] [32m[1mLinking C shared library rosidl_generator_py/autorccar_interfaces/autorccar_interfaces_s__rosidl_typesupport_c.cpython-310-aarch64-linux-gnu.so[0m
[21.570s] [100%] [32m[1mLinking C shared library rosidl_generator_py/autorccar_interfaces/autorccar_interfaces_s__rosidl_typesupport_introspection_c.cpython-310-aarch64-linux-gnu.so[0m
[21.617s] [100%] Built target autorccar_interfaces__rosidl_typesupport_fastrtps_c__pyext
[21.682s] [100%] Built target autorccar_interfaces__rosidl_typesupport_c__pyext
[21.686s] [100%] Built target autorccar_interfaces__rosidl_typesupport_introspection_c__pyext
[21.741s] Invoked command in '/home/ztl/ROS_humble_LIO/build/autorccar_interfaces' returned '0': CMAKE_PREFIX_PATH=${CMAKE_PREFIX_PATH}:/opt/ros/humble /usr/bin/cmake --build /home/ztl/ROS_humble_LIO/build/autorccar_interfaces -- -j8 -l8
[21.764s] Invoking command in '/home/ztl/ROS_humble_LIO/build/autorccar_interfaces': CMAKE_PREFIX_PATH=${CMAKE_PREFIX_PATH}:/opt/ros/humble /usr/bin/cmake --install /home/ztl/ROS_humble_LIO/build/autorccar_interfaces
[21.780s] -- Install configuration: ""
[21.781s] -- Installing: /home/ztl/ROS_humble_LIO/install/autorccar_interfaces/share/ament_index/resource_index/rosidl_interfaces/autorccar_interfaces
[21.781s] -- Installing: /home/ztl/ROS_humble_LIO/install/autorccar_interfaces/include/autorccar_interfaces/autorccar_interfaces
[21.781s] -- Installing: /home/ztl/ROS_humble_LIO/install/autorccar_interfaces/include/autorccar_interfaces/autorccar_interfaces/msg
[21.781s] -- Installing: /home/ztl/ROS_humble_LIO/install/autorccar_interfaces/include/autorccar_interfaces/autorccar_interfaces/msg/bounding_boxes.h
[21.782s] -- Installing: /home/ztl/ROS_humble_LIO/install/autorccar_interfaces/include/autorccar_interfaces/autorccar_interfaces/msg/detail
[21.782s] -- Installing: /home/ztl/ROS_humble_LIO/install/autorccar_interfaces/include/autorccar_interfaces/autorccar_interfaces/msg/detail/control_command__struct.h
[21.782s] -- Installing: /home/ztl/ROS_humble_LIO/install/autorccar_interfaces/include/autorccar_interfaces/autorccar_interfaces/msg/detail/control_command__functions.h
[21.783s] -- Installing: /home/ztl/ROS_humble_LIO/install/autorccar_interfaces/include/autorccar_interfaces/autorccar_interfaces/msg/detail/bounding_boxes__functions.c
[21.785s] -- Installing: /home/ztl/ROS_humble_LIO/install/autorccar_interfaces/include/autorccar_interfaces/autorccar_interfaces/msg/detail/nav_state__functions.h
[21.785s] -- Installing: /home/ztl/ROS_humble_LIO/install/autorccar_interfaces/include/autorccar_interfaces/autorccar_interfaces/msg/detail/bounding_boxes__functions.h
[21.786s] -- Installing: /home/ztl/ROS_humble_LIO/install/autorccar_interfaces/include/autorccar_interfaces/autorccar_interfaces/msg/detail/nav_state__type_support.h
[21.787s] -- Installing: /home/ztl/ROS_humble_LIO/install/autorccar_interfaces/include/autorccar_interfaces/autorccar_interfaces/msg/detail/bounding_boxes__struct.h
[21.788s] -- Installing: /home/ztl/ROS_humble_LIO/install/autorccar_interfaces/include/autorccar_interfaces/autorccar_interfaces/msg/detail/control_command__type_support.h
[21.789s] -- Installing: /home/ztl/ROS_humble_LIO/install/autorccar_interfaces/include/autorccar_interfaces/autorccar_interfaces/msg/detail/imu__functions.h
[21.790s] -- Installing: /home/ztl/ROS_humble_LIO/install/autorccar_interfaces/include/autorccar_interfaces/autorccar_interfaces/msg/detail/gnss__functions.h
[21.791s] -- Installing: /home/ztl/ROS_humble_LIO/install/autorccar_interfaces/include/autorccar_interfaces/autorccar_interfaces/msg/detail/path__functions.c
[21.792s] -- Installing: /home/ztl/ROS_humble_LIO/install/autorccar_interfaces/include/autorccar_interfaces/autorccar_interfaces/msg/detail/path_point__struct.h
[21.792s] -- Installing: /home/ztl/ROS_humble_LIO/install/autorccar_interfaces/include/autorccar_interfaces/autorccar_interfaces/msg/detail/imu__type_support.h
[21.794s] -- Installing: /home/ztl/ROS_humble_LIO/install/autorccar_interfaces/include/autorccar_interfaces/autorccar_interfaces/msg/detail/path__functions.h
[21.795s] -- Installing: /home/ztl/ROS_humble_LIO/install/autorccar_interfaces/include/autorccar_interfaces/autorccar_interfaces/msg/detail/path_point__type_support.h
[21.796s] -- Installing: /home/ztl/ROS_humble_LIO/install/autorccar_interfaces/include/autorccar_interfaces/autorccar_interfaces/msg/detail/path_point__functions.c
[21.797s] -- Installing: /home/ztl/ROS_humble_LIO/install/autorccar_interfaces/include/autorccar_interfaces/autorccar_interfaces/msg/detail/gnss__struct.h
[21.798s] -- Installing: /home/ztl/ROS_humble_LIO/install/autorccar_interfaces/include/autorccar_interfaces/autorccar_interfaces/msg/detail/control_command__functions.c
[21.798s] -- Installing: /home/ztl/ROS_humble_LIO/install/autorccar_interfaces/include/autorccar_interfaces/autorccar_interfaces/msg/detail/gnss__type_support.h
[21.798s] -- Installing: /home/ztl/ROS_humble_LIO/install/autorccar_interfaces/include/autorccar_interfaces/autorccar_interfaces/msg/detail/bounding_boxes__type_support.h
[21.798s] -- Installing: /home/ztl/ROS_humble_LIO/install/autorccar_interfaces/include/autorccar_interfaces/autorccar_interfaces/msg/detail/path__struct.h
[21.799s] -- Installing: /home/ztl/ROS_humble_LIO/install/autorccar_interfaces/include/autorccar_interfaces/autorccar_interfaces/msg/detail/nav_state__struct.h
[21.799s] -- Installing: /home/ztl/ROS_humble_LIO/install/autorccar_interfaces/include/autorccar_interfaces/autorccar_interfaces/msg/detail/imu__functions.c
[21.799s] -- Installing: /home/ztl/ROS_humble_LIO/install/autorccar_interfaces/include/autorccar_interfaces/autorccar_interfaces/msg/detail/imu__struct.h
[21.799s] -- Installing: /home/ztl/ROS_humble_LIO/install/autorccar_interfaces/include/autorccar_interfaces/autorccar_interfaces/msg/detail/gnss__functions.c
[21.799s] -- Installing: /home/ztl/ROS_humble_LIO/install/autorccar_interfaces/include/autorccar_interfaces/autorccar_interfaces/msg/detail/nav_state__functions.c
[21.800s] -- Installing: /home/ztl/ROS_humble_LIO/install/autorccar_interfaces/include/autorccar_interfaces/autorccar_interfaces/msg/detail/path_point__functions.h
[21.800s] -- Installing: /home/ztl/ROS_humble_LIO/install/autorccar_interfaces/include/autorccar_interfaces/autorccar_interfaces/msg/detail/path__type_support.h
[21.800s] -- Installing: /home/ztl/ROS_humble_LIO/install/autorccar_interfaces/include/autorccar_interfaces/autorccar_interfaces/msg/gnss.h
[21.800s] -- Installing: /home/ztl/ROS_humble_LIO/install/autorccar_interfaces/include/autorccar_interfaces/autorccar_interfaces/msg/path.h
[21.801s] -- Installing: /home/ztl/ROS_humble_LIO/install/autorccar_interfaces/include/autorccar_interfaces/autorccar_interfaces/msg/path_point.h
[21.801s] -- Installing: /home/ztl/ROS_humble_LIO/install/autorccar_interfaces/include/autorccar_interfaces/autorccar_interfaces/msg/control_command.h
[21.801s] -- Installing: /home/ztl/ROS_humble_LIO/install/autorccar_interfaces/include/autorccar_interfaces/autorccar_interfaces/msg/rosidl_generator_c__visibility_control.h
[21.801s] -- Installing: /home/ztl/ROS_humble_LIO/install/autorccar_interfaces/include/autorccar_interfaces/autorccar_interfaces/msg/imu.h
[21.801s] -- Installing: /home/ztl/ROS_humble_LIO/install/autorccar_interfaces/include/autorccar_interfaces/autorccar_interfaces/msg/nav_state.h
[21.802s] -- Installing: /home/ztl/ROS_humble_LIO/install/autorccar_interfaces/share/autorccar_interfaces/environment/library_path.sh
[21.802s] -- Installing: /home/ztl/ROS_humble_LIO/install/autorccar_interfaces/share/autorccar_interfaces/environment/library_path.dsv
[21.802s] -- Installing: /home/ztl/ROS_humble_LIO/install/autorccar_interfaces/lib/libautorccar_interfaces__rosidl_generator_c.so
[21.802s] -- Set runtime path of "/home/ztl/ROS_humble_LIO/install/autorccar_interfaces/lib/libautorccar_interfaces__rosidl_generator_c.so" to ""
[21.803s] -- Up-to-date: /home/ztl/ROS_humble_LIO/install/autorccar_interfaces/include/autorccar_interfaces/autorccar_interfaces
[21.803s] -- Up-to-date: /home/ztl/ROS_humble_LIO/install/autorccar_interfaces/include/autorccar_interfaces/autorccar_interfaces/msg
[21.803s] -- Up-to-date: /home/ztl/ROS_humble_LIO/install/autorccar_interfaces/include/autorccar_interfaces/autorccar_interfaces/msg/detail
[21.803s] -- Installing: /home/ztl/ROS_humble_LIO/install/autorccar_interfaces/include/autorccar_interfaces/autorccar_interfaces/msg/detail/nav_state__rosidl_typesupport_fastrtps_c.h
[21.803s] -- Installing: /home/ztl/ROS_humble_LIO/install/autorccar_interfaces/include/autorccar_interfaces/autorccar_interfaces/msg/detail/bounding_boxes__rosidl_typesupport_fastrtps_c.h
[21.804s] -- Installing: /home/ztl/ROS_humble_LIO/install/autorccar_interfaces/include/autorccar_interfaces/autorccar_interfaces/msg/detail/path_point__rosidl_typesupport_fastrtps_c.h
[21.804s] -- Installing: /home/ztl/ROS_humble_LIO/install/autorccar_interfaces/include/autorccar_interfaces/autorccar_interfaces/msg/detail/imu__rosidl_typesupport_fastrtps_c.h
[21.804s] -- Installing: /home/ztl/ROS_humble_LIO/install/autorccar_interfaces/include/autorccar_interfaces/autorccar_interfaces/msg/detail/control_command__rosidl_typesupport_fastrtps_c.h
[21.804s] -- Installing: /home/ztl/ROS_humble_LIO/install/autorccar_interfaces/include/autorccar_interfaces/autorccar_interfaces/msg/detail/gnss__rosidl_typesupport_fastrtps_c.h
[21.804s] -- Installing: /home/ztl/ROS_humble_LIO/install/autorccar_interfaces/include/autorccar_interfaces/autorccar_interfaces/msg/detail/path__rosidl_typesupport_fastrtps_c.h
[21.804s] -- Installing: /home/ztl/ROS_humble_LIO/install/autorccar_interfaces/include/autorccar_interfaces/autorccar_interfaces/msg/rosidl_typesupport_fastrtps_c__visibility_control.h
[21.805s] -- Installing: /home/ztl/ROS_humble_LIO/install/autorccar_interfaces/lib/libautorccar_interfaces__rosidl_typesupport_fastrtps_c.so
[21.805s] -- Set runtime path of "/home/ztl/ROS_humble_LIO/install/autorccar_interfaces/lib/libautorccar_interfaces__rosidl_typesupport_fastrtps_c.so" to ""
[21.805s] -- Up-to-date: /home/ztl/ROS_humble_LIO/install/autorccar_interfaces/include/autorccar_interfaces/autorccar_interfaces
[21.805s] -- Up-to-date: /home/ztl/ROS_humble_LIO/install/autorccar_interfaces/include/autorccar_interfaces/autorccar_interfaces/msg
[21.805s] -- Up-to-date: /home/ztl/ROS_humble_LIO/install/autorccar_interfaces/include/autorccar_interfaces/autorccar_interfaces/msg/detail
[21.806s] -- Installing: /home/ztl/ROS_humble_LIO/install/autorccar_interfaces/include/autorccar_interfaces/autorccar_interfaces/msg/detail/path__struct.hpp
[21.806s] -- Installing: /home/ztl/ROS_humble_LIO/install/autorccar_interfaces/include/autorccar_interfaces/autorccar_interfaces/msg/detail/nav_state__traits.hpp
[21.806s] -- Installing: /home/ztl/ROS_humble_LIO/install/autorccar_interfaces/include/autorccar_interfaces/autorccar_interfaces/msg/detail/path_point__struct.hpp
[21.806s] -- Installing: /home/ztl/ROS_humble_LIO/install/autorccar_interfaces/include/autorccar_interfaces/autorccar_interfaces/msg/detail/control_command__type_support.hpp
[21.807s] -- Installing: /home/ztl/ROS_humble_LIO/install/autorccar_interfaces/include/autorccar_interfaces/autorccar_interfaces/msg/detail/gnss__traits.hpp
[21.807s] -- Installing: /home/ztl/ROS_humble_LIO/install/autorccar_interfaces/include/autorccar_interfaces/autorccar_interfaces/msg/detail/path__traits.hpp
[21.807s] -- Installing: /home/ztl/ROS_humble_LIO/install/autorccar_interfaces/include/autorccar_interfaces/autorccar_interfaces/msg/detail/bounding_boxes__struct.hpp
[21.807s] -- Installing: /home/ztl/ROS_humble_LIO/install/autorccar_interfaces/include/autorccar_interfaces/autorccar_interfaces/msg/detail/nav_state__builder.hpp
[21.807s] -- Installing: /home/ztl/ROS_humble_LIO/install/autorccar_interfaces/include/autorccar_interfaces/autorccar_interfaces/msg/detail/bounding_boxes__traits.hpp
[21.808s] -- Installing: /home/ztl/ROS_humble_LIO/install/autorccar_interfaces/include/autorccar_interfaces/autorccar_interfaces/msg/detail/path__type_support.hpp
[21.808s] -- Installing: /home/ztl/ROS_humble_LIO/install/autorccar_interfaces/include/autorccar_interfaces/autorccar_interfaces/msg/detail/imu__builder.hpp
[21.808s] -- Installing: /home/ztl/ROS_humble_LIO/install/autorccar_interfaces/include/autorccar_interfaces/autorccar_interfaces/msg/detail/gnss__struct.hpp
[21.808s] -- Installing: /home/ztl/ROS_humble_LIO/install/autorccar_interfaces/include/autorccar_interfaces/autorccar_interfaces/msg/detail/nav_state__type_support.hpp
[21.808s] -- Installing: /home/ztl/ROS_humble_LIO/install/autorccar_interfaces/include/autorccar_interfaces/autorccar_interfaces/msg/detail/control_command__builder.hpp
[21.809s] -- Installing: /home/ztl/ROS_humble_LIO/install/autorccar_interfaces/include/autorccar_interfaces/autorccar_interfaces/msg/detail/path__builder.hpp
[21.809s] -- Installing: /home/ztl/ROS_humble_LIO/install/autorccar_interfaces/include/autorccar_interfaces/autorccar_interfaces/msg/detail/path_point__traits.hpp
[21.809s] -- Installing: /home/ztl/ROS_humble_LIO/install/autorccar_interfaces/include/autorccar_interfaces/autorccar_interfaces/msg/detail/control_command__struct.hpp
[21.809s] -- Installing: /home/ztl/ROS_humble_LIO/install/autorccar_interfaces/include/autorccar_interfaces/autorccar_interfaces/msg/detail/gnss__type_support.hpp
[21.809s] -- Installing: /home/ztl/ROS_humble_LIO/install/autorccar_interfaces/include/autorccar_interfaces/autorccar_interfaces/msg/detail/imu__struct.hpp
[21.809s] -- Installing: /home/ztl/ROS_humble_LIO/install/autorccar_interfaces/include/autorccar_interfaces/autorccar_interfaces/msg/detail/nav_state__struct.hpp
[21.810s] -- Installing: /home/ztl/ROS_humble_LIO/install/autorccar_interfaces/include/autorccar_interfaces/autorccar_interfaces/msg/detail/path_point__type_support.hpp
[21.810s] -- Installing: /home/ztl/ROS_humble_LIO/install/autorccar_interfaces/include/autorccar_interfaces/autorccar_interfaces/msg/detail/control_command__traits.hpp
[21.810s] -- Installing: /home/ztl/ROS_humble_LIO/install/autorccar_interfaces/include/autorccar_interfaces/autorccar_interfaces/msg/detail/path_point__builder.hpp
[21.810s] -- Installing: /home/ztl/ROS_humble_LIO/install/autorccar_interfaces/include/autorccar_interfaces/autorccar_interfaces/msg/detail/imu__traits.hpp
[21.810s] -- Installing: /home/ztl/ROS_humble_LIO/install/autorccar_interfaces/include/autorccar_interfaces/autorccar_interfaces/msg/detail/imu__type_support.hpp
[21.810s] -- Installing: /home/ztl/ROS_humble_LIO/install/autorccar_interfaces/include/autorccar_interfaces/autorccar_interfaces/msg/detail/bounding_boxes__type_support.hpp
[21.811s] -- Installing: /home/ztl/ROS_humble_LIO/install/autorccar_interfaces/include/autorccar_interfaces/autorccar_interfaces/msg/detail/bounding_boxes__builder.hpp
[21.811s] -- Installing: /home/ztl/ROS_humble_LIO/install/autorccar_interfaces/include/autorccar_interfaces/autorccar_interfaces/msg/detail/gnss__builder.hpp
[21.811s] -- Installing: /home/ztl/ROS_humble_LIO/install/autorccar_interfaces/include/autorccar_interfaces/autorccar_interfaces/msg/bounding_boxes.hpp
[21.811s] -- Installing: /home/ztl/ROS_humble_LIO/install/autorccar_interfaces/include/autorccar_interfaces/autorccar_interfaces/msg/imu.hpp
[21.812s] -- Installing: /home/ztl/ROS_humble_LIO/install/autorccar_interfaces/include/autorccar_interfaces/autorccar_interfaces/msg/rosidl_generator_cpp__visibility_control.hpp
[21.812s] -- Installing: /home/ztl/ROS_humble_LIO/install/autorccar_interfaces/include/autorccar_interfaces/autorccar_interfaces/msg/gnss.hpp
[21.812s] -- Installing: /home/ztl/ROS_humble_LIO/install/autorccar_interfaces/include/autorccar_interfaces/autorccar_interfaces/msg/control_command.hpp
[21.812s] -- Installing: /home/ztl/ROS_humble_LIO/install/autorccar_interfaces/include/autorccar_interfaces/autorccar_interfaces/msg/path.hpp
[21.813s] -- Installing: /home/ztl/ROS_humble_LIO/install/autorccar_interfaces/include/autorccar_interfaces/autorccar_interfaces/msg/nav_state.hpp
[21.813s] -- Installing: /home/ztl/ROS_humble_LIO/install/autorccar_interfaces/include/autorccar_interfaces/autorccar_interfaces/msg/path_point.hpp
[21.813s] -- Up-to-date: /home/ztl/ROS_humble_LIO/install/autorccar_interfaces/include/autorccar_interfaces/autorccar_interfaces
[21.813s] -- Up-to-date: /home/ztl/ROS_humble_LIO/install/autorccar_interfaces/include/autorccar_interfaces/autorccar_interfaces/msg
[21.814s] -- Up-to-date: /home/ztl/ROS_humble_LIO/install/autorccar_interfaces/include/autorccar_interfaces/autorccar_interfaces/msg/detail
[21.814s] -- Installing: /home/ztl/ROS_humble_LIO/install/autorccar_interfaces/include/autorccar_interfaces/autorccar_interfaces/msg/detail/nav_state__rosidl_typesupport_fastrtps_cpp.hpp
[21.814s] -- Installing: /home/ztl/ROS_humble_LIO/install/autorccar_interfaces/include/autorccar_interfaces/autorccar_interfaces/msg/detail/control_command__rosidl_typesupport_fastrtps_cpp.hpp
[21.814s] -- Installing: /home/ztl/ROS_humble_LIO/install/autorccar_interfaces/include/autorccar_interfaces/autorccar_interfaces/msg/detail/gnss__rosidl_typesupport_fastrtps_cpp.hpp
[21.815s] -- Installing: /home/ztl/ROS_humble_LIO/install/autorccar_interfaces/include/autorccar_interfaces/autorccar_interfaces/msg/detail/path__rosidl_typesupport_fastrtps_cpp.hpp
[21.815s] -- Installing: /home/ztl/ROS_humble_LIO/install/autorccar_interfaces/include/autorccar_interfaces/autorccar_interfaces/msg/detail/dds_fastrtps
[21.816s] -- Installing: /home/ztl/ROS_humble_LIO/install/autorccar_interfaces/include/autorccar_interfaces/autorccar_interfaces/msg/detail/imu__rosidl_typesupport_fastrtps_cpp.hpp
[21.816s] -- Installing: /home/ztl/ROS_humble_LIO/install/autorccar_interfaces/include/autorccar_interfaces/autorccar_interfaces/msg/detail/bounding_boxes__rosidl_typesupport_fastrtps_cpp.hpp
[21.816s] -- Installing: /home/ztl/ROS_humble_LIO/install/autorccar_interfaces/include/autorccar_interfaces/autorccar_interfaces/msg/detail/path_point__rosidl_typesupport_fastrtps_cpp.hpp
[21.816s] -- Installing: /home/ztl/ROS_humble_LIO/install/autorccar_interfaces/include/autorccar_interfaces/autorccar_interfaces/msg/rosidl_typesupport_fastrtps_cpp__visibility_control.h
[21.816s] -- Installing: /home/ztl/ROS_humble_LIO/install/autorccar_interfaces/lib/libautorccar_interfaces__rosidl_typesupport_fastrtps_cpp.so
[21.817s] -- Set runtime path of "/home/ztl/ROS_humble_LIO/install/autorccar_interfaces/lib/libautorccar_interfaces__rosidl_typesupport_fastrtps_cpp.so" to ""
[21.817s] -- Up-to-date: /home/ztl/ROS_humble_LIO/install/autorccar_interfaces/include/autorccar_interfaces/autorccar_interfaces
[21.817s] -- Up-to-date: /home/ztl/ROS_humble_LIO/install/autorccar_interfaces/include/autorccar_interfaces/autorccar_interfaces/msg
[21.817s] -- Up-to-date: /home/ztl/ROS_humble_LIO/install/autorccar_interfaces/include/autorccar_interfaces/autorccar_interfaces/msg/detail
[21.817s] -- Installing: /home/ztl/ROS_humble_LIO/install/autorccar_interfaces/include/autorccar_interfaces/autorccar_interfaces/msg/detail/bounding_boxes__rosidl_typesupport_introspection_c.h
[21.818s] -- Installing: /home/ztl/ROS_humble_LIO/install/autorccar_interfaces/include/autorccar_interfaces/autorccar_interfaces/msg/detail/path_point__rosidl_typesupport_introspection_c.h
[21.818s] -- Installing: /home/ztl/ROS_humble_LIO/install/autorccar_interfaces/include/autorccar_interfaces/autorccar_interfaces/msg/detail/gnss__type_support.c
[21.818s] -- Installing: /home/ztl/ROS_humble_LIO/install/autorccar_interfaces/include/autorccar_interfaces/autorccar_interfaces/msg/detail/control_command__type_support.c
[21.818s] -- Installing: /home/ztl/ROS_humble_LIO/install/autorccar_interfaces/include/autorccar_interfaces/autorccar_interfaces/msg/detail/control_command__rosidl_typesupport_introspection_c.h
[21.818s] -- Installing: /home/ztl/ROS_humble_LIO/install/autorccar_interfaces/include/autorccar_interfaces/autorccar_interfaces/msg/detail/path_point__type_support.c
[21.818s] -- Installing: /home/ztl/ROS_humble_LIO/install/autorccar_interfaces/include/autorccar_interfaces/autorccar_interfaces/msg/detail/nav_state__type_support.c
[21.819s] -- Installing: /home/ztl/ROS_humble_LIO/install/autorccar_interfaces/include/autorccar_interfaces/autorccar_interfaces/msg/detail/bounding_boxes__type_support.c
[21.819s] -- Installing: /home/ztl/ROS_humble_LIO/install/autorccar_interfaces/include/autorccar_interfaces/autorccar_interfaces/msg/detail/imu__type_support.c
[21.819s] -- Installing: /home/ztl/ROS_humble_LIO/install/autorccar_interfaces/include/autorccar_interfaces/autorccar_interfaces/msg/detail/imu__rosidl_typesupport_introspection_c.h
[21.819s] -- Installing: /home/ztl/ROS_humble_LIO/install/autorccar_interfaces/include/autorccar_interfaces/autorccar_interfaces/msg/detail/nav_state__rosidl_typesupport_introspection_c.h
[21.819s] -- Installing: /home/ztl/ROS_humble_LIO/install/autorccar_interfaces/include/autorccar_interfaces/autorccar_interfaces/msg/detail/path__rosidl_typesupport_introspection_c.h
[21.819s] -- Installing: /home/ztl/ROS_humble_LIO/install/autorccar_interfaces/include/autorccar_interfaces/autorccar_interfaces/msg/detail/gnss__rosidl_typesupport_introspection_c.h
[21.819s] -- Installing: /home/ztl/ROS_humble_LIO/install/autorccar_interfaces/include/autorccar_interfaces/autorccar_interfaces/msg/detail/path__type_support.c
[21.820s] -- Installing: /home/ztl/ROS_humble_LIO/install/autorccar_interfaces/include/autorccar_interfaces/autorccar_interfaces/msg/rosidl_typesupport_introspection_c__visibility_control.h
[21.820s] -- Installing: /home/ztl/ROS_humble_LIO/install/autorccar_interfaces/lib/libautorccar_interfaces__rosidl_typesupport_introspection_c.so
[21.820s] -- Set runtime path of "/home/ztl/ROS_humble_LIO/install/autorccar_interfaces/lib/libautorccar_interfaces__rosidl_typesupport_introspection_c.so" to ""
[21.820s] -- Installing: /home/ztl/ROS_humble_LIO/install/autorccar_interfaces/lib/libautorccar_interfaces__rosidl_typesupport_c.so
[21.820s] -- Set runtime path of "/home/ztl/ROS_humble_LIO/install/autorccar_interfaces/lib/libautorccar_interfaces__rosidl_typesupport_c.so" to ""
[21.820s] -- Up-to-date: /home/ztl/ROS_humble_LIO/install/autorccar_interfaces/include/autorccar_interfaces/autorccar_interfaces
[21.821s] -- Up-to-date: /home/ztl/ROS_humble_LIO/install/autorccar_interfaces/include/autorccar_interfaces/autorccar_interfaces/msg
[21.821s] -- Up-to-date: /home/ztl/ROS_humble_LIO/install/autorccar_interfaces/include/autorccar_interfaces/autorccar_interfaces/msg/detail
[21.821s] -- Installing: /home/ztl/ROS_humble_LIO/install/autorccar_interfaces/include/autorccar_interfaces/autorccar_interfaces/msg/detail/control_command__type_support.cpp
[21.821s] -- Installing: /home/ztl/ROS_humble_LIO/install/autorccar_interfaces/include/autorccar_interfaces/autorccar_interfaces/msg/detail/path__rosidl_typesupport_introspection_cpp.hpp
[21.821s] -- Installing: /home/ztl/ROS_humble_LIO/install/autorccar_interfaces/include/autorccar_interfaces/autorccar_interfaces/msg/detail/bounding_boxes__type_support.cpp
[21.821s] -- Installing: /home/ztl/ROS_humble_LIO/install/autorccar_interfaces/include/autorccar_interfaces/autorccar_interfaces/msg/detail/path_point__type_support.cpp
[21.821s] -- Installing: /home/ztl/ROS_humble_LIO/install/autorccar_interfaces/include/autorccar_interfaces/autorccar_interfaces/msg/detail/bounding_boxes__rosidl_typesupport_introspection_cpp.hpp
[21.822s] -- Installing: /home/ztl/ROS_humble_LIO/install/autorccar_interfaces/include/autorccar_interfaces/autorccar_interfaces/msg/detail/nav_state__type_support.cpp
[21.822s] -- Installing: /home/ztl/ROS_humble_LIO/install/autorccar_interfaces/include/autorccar_interfaces/autorccar_interfaces/msg/detail/gnss__rosidl_typesupport_introspection_cpp.hpp
[21.822s] -- Installing: /home/ztl/ROS_humble_LIO/install/autorccar_interfaces/include/autorccar_interfaces/autorccar_interfaces/msg/detail/path__type_support.cpp
[21.822s] -- Installing: /home/ztl/ROS_humble_LIO/install/autorccar_interfaces/include/autorccar_interfaces/autorccar_interfaces/msg/detail/gnss__type_support.cpp
[21.822s] -- Installing: /home/ztl/ROS_humble_LIO/install/autorccar_interfaces/include/autorccar_interfaces/autorccar_interfaces/msg/detail/imu__type_support.cpp
[21.822s] -- Installing: /home/ztl/ROS_humble_LIO/install/autorccar_interfaces/include/autorccar_interfaces/autorccar_interfaces/msg/detail/control_command__rosidl_typesupport_introspection_cpp.hpp
[21.822s] -- Installing: /home/ztl/ROS_humble_LIO/install/autorccar_interfaces/include/autorccar_interfaces/autorccar_interfaces/msg/detail/path_point__rosidl_typesupport_introspection_cpp.hpp
[21.823s] -- Installing: /home/ztl/ROS_humble_LIO/install/autorccar_interfaces/include/autorccar_interfaces/autorccar_interfaces/msg/detail/nav_state__rosidl_typesupport_introspection_cpp.hpp
[21.823s] -- Installing: /home/ztl/ROS_humble_LIO/install/autorccar_interfaces/include/autorccar_interfaces/autorccar_interfaces/msg/detail/imu__rosidl_typesupport_introspection_cpp.hpp
[21.823s] -- Installing: /home/ztl/ROS_humble_LIO/install/autorccar_interfaces/lib/libautorccar_interfaces__rosidl_typesupport_introspection_cpp.so
[21.823s] -- Set runtime path of "/home/ztl/ROS_humble_LIO/install/autorccar_interfaces/lib/libautorccar_interfaces__rosidl_typesupport_introspection_cpp.so" to ""
[21.823s] -- Installing: /home/ztl/ROS_humble_LIO/install/autorccar_interfaces/lib/libautorccar_interfaces__rosidl_typesupport_cpp.so
[21.823s] -- Set runtime path of "/home/ztl/ROS_humble_LIO/install/autorccar_interfaces/lib/libautorccar_interfaces__rosidl_typesupport_cpp.so" to ""
[21.823s] -- Installing: /home/ztl/ROS_humble_LIO/install/autorccar_interfaces/share/autorccar_interfaces/environment/pythonpath.sh
[21.824s] -- Installing: /home/ztl/ROS_humble_LIO/install/autorccar_interfaces/share/autorccar_interfaces/environment/pythonpath.dsv
[21.824s] -- Installing: /home/ztl/ROS_humble_LIO/install/autorccar_interfaces/local/lib/python3.10/dist-packages/autorccar_interfaces-0.0.0-py3.10.egg-info
[21.824s] -- Installing: /home/ztl/ROS_humble_LIO/install/autorccar_interfaces/local/lib/python3.10/dist-packages/autorccar_interfaces-0.0.0-py3.10.egg-info/top_level.txt
[21.824s] -- Installing: /home/ztl/ROS_humble_LIO/install/autorccar_interfaces/local/lib/python3.10/dist-packages/autorccar_interfaces-0.0.0-py3.10.egg-info/PKG-INFO
[21.824s] -- Installing: /home/ztl/ROS_humble_LIO/install/autorccar_interfaces/local/lib/python3.10/dist-packages/autorccar_interfaces-0.0.0-py3.10.egg-info/SOURCES.txt
[21.824s] -- Installing: /home/ztl/ROS_humble_LIO/install/autorccar_interfaces/local/lib/python3.10/dist-packages/autorccar_interfaces-0.0.0-py3.10.egg-info/dependency_links.txt
[21.825s] -- Installing: /home/ztl/ROS_humble_LIO/install/autorccar_interfaces/local/lib/python3.10/dist-packages/autorccar_interfaces
[21.825s] -- Installing: /home/ztl/ROS_humble_LIO/install/autorccar_interfaces/local/lib/python3.10/dist-packages/autorccar_interfaces/__init__.py
[21.825s] -- Installing: /home/ztl/ROS_humble_LIO/install/autorccar_interfaces/local/lib/python3.10/dist-packages/autorccar_interfaces/autorccar_interfaces_s__rosidl_typesupport_fastrtps_c.cpython-310-aarch64-linux-gnu.so
[21.825s] -- Installing: /home/ztl/ROS_humble_LIO/install/autorccar_interfaces/local/lib/python3.10/dist-packages/autorccar_interfaces/msg
[21.825s] -- Installing: /home/ztl/ROS_humble_LIO/install/autorccar_interfaces/local/lib/python3.10/dist-packages/autorccar_interfaces/msg/__init__.py
[21.825s] -- Installing: /home/ztl/ROS_humble_LIO/install/autorccar_interfaces/local/lib/python3.10/dist-packages/autorccar_interfaces/msg/_nav_state.py
[21.825s] -- Installing: /home/ztl/ROS_humble_LIO/install/autorccar_interfaces/local/lib/python3.10/dist-packages/autorccar_interfaces/msg/_bounding_boxes_s.c
[21.826s] -- Installing: /home/ztl/ROS_humble_LIO/install/autorccar_interfaces/local/lib/python3.10/dist-packages/autorccar_interfaces/msg/_control_command_s.c
[21.826s] -- Installing: /home/ztl/ROS_humble_LIO/install/autorccar_interfaces/local/lib/python3.10/dist-packages/autorccar_interfaces/msg/_path_point_s.c
[21.826s] -- Installing: /home/ztl/ROS_humble_LIO/install/autorccar_interfaces/local/lib/python3.10/dist-packages/autorccar_interfaces/msg/_path_s.c
[21.826s] -- Installing: /home/ztl/ROS_humble_LIO/install/autorccar_interfaces/local/lib/python3.10/dist-packages/autorccar_interfaces/msg/_path.py
[21.826s] -- Installing: /home/ztl/ROS_humble_LIO/install/autorccar_interfaces/local/lib/python3.10/dist-packages/autorccar_interfaces/msg/_imu_s.c
[21.826s] -- Installing: /home/ztl/ROS_humble_LIO/install/autorccar_interfaces/local/lib/python3.10/dist-packages/autorccar_interfaces/msg/_gnss_s.c
[21.826s] -- Installing: /home/ztl/ROS_humble_LIO/install/autorccar_interfaces/local/lib/python3.10/dist-packages/autorccar_interfaces/msg/_bounding_boxes.py
[21.827s] -- Installing: /home/ztl/ROS_humble_LIO/install/autorccar_interfaces/local/lib/python3.10/dist-packages/autorccar_interfaces/msg/_gnss.py
[21.827s] -- Installing: /home/ztl/ROS_humble_LIO/install/autorccar_interfaces/local/lib/python3.10/dist-packages/autorccar_interfaces/msg/_nav_state_s.c
[21.827s] -- Installing: /home/ztl/ROS_humble_LIO/install/autorccar_interfaces/local/lib/python3.10/dist-packages/autorccar_interfaces/msg/_imu.py
[21.827s] -- Installing: /home/ztl/ROS_humble_LIO/install/autorccar_interfaces/local/lib/python3.10/dist-packages/autorccar_interfaces/msg/_path_point.py
[21.827s] -- Installing: /home/ztl/ROS_humble_LIO/install/autorccar_interfaces/local/lib/python3.10/dist-packages/autorccar_interfaces/msg/_control_command.py
[21.827s] -- Installing: /home/ztl/ROS_humble_LIO/install/autorccar_interfaces/local/lib/python3.10/dist-packages/autorccar_interfaces/_autorccar_interfaces_s.ep.rosidl_typesupport_c.c
[21.827s] -- Installing: /home/ztl/ROS_humble_LIO/install/autorccar_interfaces/local/lib/python3.10/dist-packages/autorccar_interfaces/autorccar_interfaces_s__rosidl_typesupport_introspection_c.cpython-310-aarch64-linux-gnu.so
[21.828s] -- Installing: /home/ztl/ROS_humble_LIO/install/autorccar_interfaces/local/lib/python3.10/dist-packages/autorccar_interfaces/libautorccar_interfaces__rosidl_generator_py.so
[21.828s] -- Installing: /home/ztl/ROS_humble_LIO/install/autorccar_interfaces/local/lib/python3.10/dist-packages/autorccar_interfaces/_autorccar_interfaces_s.ep.rosidl_typesupport_introspection_c.c
[21.828s] -- Installing: /home/ztl/ROS_humble_LIO/install/autorccar_interfaces/local/lib/python3.10/dist-packages/autorccar_interfaces/autorccar_interfaces_s__rosidl_typesupport_c.cpython-310-aarch64-linux-gnu.so
[21.828s] -- Installing: /home/ztl/ROS_humble_LIO/install/autorccar_interfaces/local/lib/python3.10/dist-packages/autorccar_interfaces/_autorccar_interfaces_s.ep.rosidl_typesupport_fastrtps_c.c
[21.926s] Listing '/home/ztl/ROS_humble_LIO/install/autorccar_interfaces/local/lib/python3.10/dist-packages/autorccar_interfaces'...
[21.927s] Compiling '/home/ztl/ROS_humble_LIO/install/autorccar_interfaces/local/lib/python3.10/dist-packages/autorccar_interfaces/__init__.py'...
[21.927s] Listing '/home/ztl/ROS_humble_LIO/install/autorccar_interfaces/local/lib/python3.10/dist-packages/autorccar_interfaces/msg'...
[21.927s] Compiling '/home/ztl/ROS_humble_LIO/install/autorccar_interfaces/local/lib/python3.10/dist-packages/autorccar_interfaces/msg/__init__.py'...
[21.927s] Compiling '/home/ztl/ROS_humble_LIO/install/autorccar_interfaces/local/lib/python3.10/dist-packages/autorccar_interfaces/msg/_bounding_boxes.py'...
[21.927s] Compiling '/home/ztl/ROS_humble_LIO/install/autorccar_interfaces/local/lib/python3.10/dist-packages/autorccar_interfaces/msg/_control_command.py'...
[21.928s] Compiling '/home/ztl/ROS_humble_LIO/install/autorccar_interfaces/local/lib/python3.10/dist-packages/autorccar_interfaces/msg/_gnss.py'...
[21.928s] Compiling '/home/ztl/ROS_humble_LIO/install/autorccar_interfaces/local/lib/python3.10/dist-packages/autorccar_interfaces/msg/_imu.py'...
[21.928s] Compiling '/home/ztl/ROS_humble_LIO/install/autorccar_interfaces/local/lib/python3.10/dist-packages/autorccar_interfaces/msg/_nav_state.py'...
[21.928s] Compiling '/home/ztl/ROS_humble_LIO/install/autorccar_interfaces/local/lib/python3.10/dist-packages/autorccar_interfaces/msg/_path.py'...
[21.928s] Compiling '/home/ztl/ROS_humble_LIO/install/autorccar_interfaces/local/lib/python3.10/dist-packages/autorccar_interfaces/msg/_path_point.py'...
[21.942s] -- Installing: /home/ztl/ROS_humble_LIO/install/autorccar_interfaces/local/lib/python3.10/dist-packages/autorccar_interfaces/autorccar_interfaces_s__rosidl_typesupport_fastrtps_c.cpython-310-aarch64-linux-gnu.so
[21.943s] -- Set runtime path of "/home/ztl/ROS_humble_LIO/install/autorccar_interfaces/local/lib/python3.10/dist-packages/autorccar_interfaces/autorccar_interfaces_s__rosidl_typesupport_fastrtps_c.cpython-310-aarch64-linux-gnu.so" to ""
[21.944s] -- Installing: /home/ztl/ROS_humble_LIO/install/autorccar_interfaces/local/lib/python3.10/dist-packages/autorccar_interfaces/autorccar_interfaces_s__rosidl_typesupport_introspection_c.cpython-310-aarch64-linux-gnu.so
[21.945s] -- Set runtime path of "/home/ztl/ROS_humble_LIO/install/autorccar_interfaces/local/lib/python3.10/dist-packages/autorccar_interfaces/autorccar_interfaces_s__rosidl_typesupport_introspection_c.cpython-310-aarch64-linux-gnu.so" to ""
[21.945s] -- Installing: /home/ztl/ROS_humble_LIO/install/autorccar_interfaces/local/lib/python3.10/dist-packages/autorccar_interfaces/autorccar_interfaces_s__rosidl_typesupport_c.cpython-310-aarch64-linux-gnu.so
[21.946s] -- Set runtime path of "/home/ztl/ROS_humble_LIO/install/autorccar_interfaces/local/lib/python3.10/dist-packages/autorccar_interfaces/autorccar_interfaces_s__rosidl_typesupport_c.cpython-310-aarch64-linux-gnu.so" to ""
[21.947s] -- Installing: /home/ztl/ROS_humble_LIO/install/autorccar_interfaces/lib/libautorccar_interfaces__rosidl_generator_py.so
[21.948s] -- Set runtime path of "/home/ztl/ROS_humble_LIO/install/autorccar_interfaces/lib/libautorccar_interfaces__rosidl_generator_py.so" to ""
[21.949s] -- Installing: /home/ztl/ROS_humble_LIO/install/autorccar_interfaces/share/autorccar_interfaces/msg/Imu.idl
[21.950s] -- Installing: /home/ztl/ROS_humble_LIO/install/autorccar_interfaces/share/autorccar_interfaces/msg/Gnss.idl
[21.951s] -- Installing: /home/ztl/ROS_humble_LIO/install/autorccar_interfaces/share/autorccar_interfaces/msg/NavState.idl
[21.953s] -- Installing: /home/ztl/ROS_humble_LIO/install/autorccar_interfaces/share/autorccar_interfaces/msg/ControlCommand.idl
[21.954s] -- Installing: /home/ztl/ROS_humble_LIO/install/autorccar_interfaces/share/autorccar_interfaces/msg/Path.idl
[21.955s] -- Installing: /home/ztl/ROS_humble_LIO/install/autorccar_interfaces/share/autorccar_interfaces/msg/PathPoint.idl
[21.956s] -- Installing: /home/ztl/ROS_humble_LIO/install/autorccar_interfaces/share/autorccar_interfaces/msg/BoundingBoxes.idl
[21.957s] -- Installing: /home/ztl/ROS_humble_LIO/install/autorccar_interfaces/share/autorccar_interfaces/msg/Imu.msg
[21.958s] -- Installing: /home/ztl/ROS_humble_LIO/install/autorccar_interfaces/share/autorccar_interfaces/msg/Gnss.msg
[21.959s] -- Installing: /home/ztl/ROS_humble_LIO/install/autorccar_interfaces/share/autorccar_interfaces/msg/NavState.msg
[21.959s] -- Installing: /home/ztl/ROS_humble_LIO/install/autorccar_interfaces/share/autorccar_interfaces/msg/ControlCommand.msg
[21.960s] -- Installing: /home/ztl/ROS_humble_LIO/install/autorccar_interfaces/share/autorccar_interfaces/msg/Path.msg
[21.961s] -- Installing: /home/ztl/ROS_humble_LIO/install/autorccar_interfaces/share/autorccar_interfaces/msg/PathPoint.msg
[21.963s] -- Installing: /home/ztl/ROS_humble_LIO/install/autorccar_interfaces/share/autorccar_interfaces/msg/BoundingBoxes.msg
[21.965s] -- Installing: /home/ztl/ROS_humble_LIO/install/autorccar_interfaces/share/ament_index/resource_index/package_run_dependencies/autorccar_interfaces
[21.966s] -- Installing: /home/ztl/ROS_humble_LIO/install/autorccar_interfaces/share/ament_index/resource_index/parent_prefix_path/autorccar_interfaces
[21.968s] -- Installing: /home/ztl/ROS_humble_LIO/install/autorccar_interfaces/share/autorccar_interfaces/environment/ament_prefix_path.sh
[21.971s] -- Installing: /home/ztl/ROS_humble_LIO/install/autorccar_interfaces/share/autorccar_interfaces/environment/ament_prefix_path.dsv
[21.972s] -- Installing: /home/ztl/ROS_humble_LIO/install/autorccar_interfaces/share/autorccar_interfaces/environment/path.sh
[21.973s] -- Installing: /home/ztl/ROS_humble_LIO/install/autorccar_interfaces/share/autorccar_interfaces/environment/path.dsv
[21.973s] -- Installing: /home/ztl/ROS_humble_LIO/install/autorccar_interfaces/share/autorccar_interfaces/local_setup.bash
[21.973s] -- Installing: /home/ztl/ROS_humble_LIO/install/autorccar_interfaces/share/autorccar_interfaces/local_setup.sh
[21.973s] -- Installing: /home/ztl/ROS_humble_LIO/install/autorccar_interfaces/share/autorccar_interfaces/local_setup.zsh
[21.974s] -- Installing: /home/ztl/ROS_humble_LIO/install/autorccar_interfaces/share/autorccar_interfaces/local_setup.dsv
[21.974s] -- Installing: /home/ztl/ROS_humble_LIO/install/autorccar_interfaces/share/autorccar_interfaces/package.dsv
[21.974s] -- Installing: /home/ztl/ROS_humble_LIO/install/autorccar_interfaces/share/ament_index/resource_index/packages/autorccar_interfaces
[21.974s] -- Installing: /home/ztl/ROS_humble_LIO/install/autorccar_interfaces/share/autorccar_interfaces/cmake/export_autorccar_interfaces__rosidl_generator_cExport.cmake
[21.974s] -- Installing: /home/ztl/ROS_humble_LIO/install/autorccar_interfaces/share/autorccar_interfaces/cmake/export_autorccar_interfaces__rosidl_generator_cExport-noconfig.cmake
[21.974s] -- Installing: /home/ztl/ROS_humble_LIO/install/autorccar_interfaces/share/autorccar_interfaces/cmake/export_autorccar_interfaces__rosidl_typesupport_fastrtps_cExport.cmake
[21.975s] -- Installing: /home/ztl/ROS_humble_LIO/install/autorccar_interfaces/share/autorccar_interfaces/cmake/export_autorccar_interfaces__rosidl_typesupport_fastrtps_cExport-noconfig.cmake
[21.975s] -- Installing: /home/ztl/ROS_humble_LIO/install/autorccar_interfaces/share/autorccar_interfaces/cmake/export_autorccar_interfaces__rosidl_generator_cppExport.cmake
[21.975s] -- Installing: /home/ztl/ROS_humble_LIO/install/autorccar_interfaces/share/autorccar_interfaces/cmake/export_autorccar_interfaces__rosidl_typesupport_fastrtps_cppExport.cmake
[21.976s] -- Installing: /home/ztl/ROS_humble_LIO/install/autorccar_interfaces/share/autorccar_interfaces/cmake/export_autorccar_interfaces__rosidl_typesupport_fastrtps_cppExport-noconfig.cmake
[21.976s] -- Installing: /home/ztl/ROS_humble_LIO/install/autorccar_interfaces/share/autorccar_interfaces/cmake/autorccar_interfaces__rosidl_typesupport_introspection_cExport.cmake
[21.976s] -- Installing: /home/ztl/ROS_humble_LIO/install/autorccar_interfaces/share/autorccar_interfaces/cmake/autorccar_interfaces__rosidl_typesupport_introspection_cExport-noconfig.cmake
[21.976s] -- Installing: /home/ztl/ROS_humble_LIO/install/autorccar_interfaces/share/autorccar_interfaces/cmake/autorccar_interfaces__rosidl_typesupport_cExport.cmake
[21.977s] -- Installing: /home/ztl/ROS_humble_LIO/install/autorccar_interfaces/share/autorccar_interfaces/cmake/autorccar_interfaces__rosidl_typesupport_cExport-noconfig.cmake
[21.977s] -- Installing: /home/ztl/ROS_humble_LIO/install/autorccar_interfaces/share/autorccar_interfaces/cmake/autorccar_interfaces__rosidl_typesupport_introspection_cppExport.cmake
[21.977s] -- Installing: /home/ztl/ROS_humble_LIO/install/autorccar_interfaces/share/autorccar_interfaces/cmake/autorccar_interfaces__rosidl_typesupport_introspection_cppExport-noconfig.cmake
[21.978s] -- Installing: /home/ztl/ROS_humble_LIO/install/autorccar_interfaces/share/autorccar_interfaces/cmake/autorccar_interfaces__rosidl_typesupport_cppExport.cmake
[21.978s] -- Installing: /home/ztl/ROS_humble_LIO/install/autorccar_interfaces/share/autorccar_interfaces/cmake/autorccar_interfaces__rosidl_typesupport_cppExport-noconfig.cmake
[21.978s] -- Installing: /home/ztl/ROS_humble_LIO/install/autorccar_interfaces/share/autorccar_interfaces/cmake/export_autorccar_interfaces__rosidl_generator_pyExport.cmake
[21.979s] -- Installing: /home/ztl/ROS_humble_LIO/install/autorccar_interfaces/share/autorccar_interfaces/cmake/export_autorccar_interfaces__rosidl_generator_pyExport-noconfig.cmake
[21.979s] -- Installing: /home/ztl/ROS_humble_LIO/install/autorccar_interfaces/share/autorccar_interfaces/cmake/rosidl_cmake-extras.cmake
[21.979s] -- Installing: /home/ztl/ROS_humble_LIO/install/autorccar_interfaces/share/autorccar_interfaces/cmake/ament_cmake_export_dependencies-extras.cmake
[21.979s] -- Installing: /home/ztl/ROS_humble_LIO/install/autorccar_interfaces/share/autorccar_interfaces/cmake/ament_cmake_export_include_directories-extras.cmake
[21.979s] -- Installing: /home/ztl/ROS_humble_LIO/install/autorccar_interfaces/share/autorccar_interfaces/cmake/ament_cmake_export_libraries-extras.cmake
[21.979s] -- Installing: /home/ztl/ROS_humble_LIO/install/autorccar_interfaces/share/autorccar_interfaces/cmake/ament_cmake_export_targets-extras.cmake
[21.980s] -- Installing: /home/ztl/ROS_humble_LIO/install/autorccar_interfaces/share/autorccar_interfaces/cmake/rosidl_cmake_export_typesupport_targets-extras.cmake
[21.980s] -- Installing: /home/ztl/ROS_humble_LIO/install/autorccar_interfaces/share/autorccar_interfaces/cmake/rosidl_cmake_export_typesupport_libraries-extras.cmake
[21.980s] -- Installing: /home/ztl/ROS_humble_LIO/install/autorccar_interfaces/share/autorccar_interfaces/cmake/autorccar_interfacesConfig.cmake
[21.980s] -- Installing: /home/ztl/ROS_humble_LIO/install/autorccar_interfaces/share/autorccar_interfaces/cmake/autorccar_interfacesConfig-version.cmake
[21.980s] -- Installing: /home/ztl/ROS_humble_LIO/install/autorccar_interfaces/share/autorccar_interfaces/package.xml
[21.981s] Invoked command in '/home/ztl/ROS_humble_LIO/build/autorccar_interfaces' returned '0': CMAKE_PREFIX_PATH=${CMAKE_PREFIX_PATH}:/opt/ros/humble /usr/bin/cmake --install /home/ztl/ROS_humble_LIO/build/autorccar_interfaces
