[35m[1mConsolidate compiler generated dependencies of target lio_sam__rosidl_generator_c[0m
[  2%] Built target lio_sam__cpp
[  2%] Built target ament_cmake_python_copy_lio_sam
[ 10%] Built target lio_sam__rosidl_generator_c
[35m[1mConsolidate compiler generated dependencies of target lio_sam__rosidl_typesupport_introspection_cpp[0m
[35m[1mConsolidate compiler generated dependencies of target lio_sam__rosidl_typesupport_cpp[0m
[35m[1mConsolidate compiler generated dependencies of target lio_sam__rosidl_typesupport_fastrtps_cpp[0m
[35m[1mConsolidate compiler generated dependencies of target lio_sam__rosidl_typesupport_fastrtps_c[0m
[35m[1mConsolidate compiler generated dependencies of target lio_sam__rosidl_typesupport_introspection_c[0m
[ 19%] Built target lio_sam__rosidl_typesupport_introspection_cpp
[ 27%] Built target lio_sam__rosidl_typesupport_introspection_c
[35m[1mConsolidate compiler generated dependencies of target lio_sam__rosidl_typesupport_c[0m
[ 36%] Built target lio_sam__rosidl_typesupport_fastrtps_c
[ 44%] Built target lio_sam__rosidl_typesupport_cpp
[ 53%] Built target lio_sam__rosidl_typesupport_fastrtps_cpp
[35m[1mConsolidate compiler generated dependencies of target lio_sam_imuPreintegration[0m
[ 61%] Built target lio_sam__rosidl_typesupport_c
[35m[1mConsolidate compiler generated dependencies of target lio_sam_featureExtraction[0m
[35m[1mConsolidate compiler generated dependencies of target lio_sam_mapOptimization[0m
[35m[1mConsolidate compiler generated dependencies of target lio_sam_imageProjection[0m
[ 61%] Built target lio_sam
[ 63%] Built target lio_sam__py
[ 68%] Built target lio_sam_imageProjection
[ 72%] Built target lio_sam_imuPreintegration
[ 76%] Built target lio_sam_featureExtraction
[35m[1mConsolidate compiler generated dependencies of target lio_sam__rosidl_generator_py[0m
[ 78%] [32mBuilding CXX object CMakeFiles/lio_sam_mapOptimization.dir/src/mapOptmization.cpp.o[0m
[ 85%] Built target lio_sam__rosidl_generator_py
[35m[1mConsolidate compiler generated dependencies of target lio_sam__rosidl_typesupport_c__pyext[0m
[35m[1mConsolidate compiler generated dependencies of target lio_sam__rosidl_typesupport_fastrtps_c__pyext[0m
[35m[1mConsolidate compiler generated dependencies of target lio_sam__rosidl_typesupport_introspection_c__pyext[0m
[ 89%] Built target lio_sam__rosidl_typesupport_fastrtps_c__pyext
[ 93%] Built target lio_sam__rosidl_typesupport_introspection_c__pyext
[ 97%] Built target lio_sam__rosidl_typesupport_c__pyext
running egg_info
writing lio_sam.egg-info/PKG-INFO
writing dependency_links to lio_sam.egg-info/dependency_links.txt
writing top-level names to lio_sam.egg-info/top_level.txt
reading manifest file 'lio_sam.egg-info/SOURCES.txt'
writing manifest file 'lio_sam.egg-info/SOURCES.txt'
[ 97%] Built target ament_cmake_python_build_lio_sam_egg
