[0.030s] Invoking command in '/home/ztl/ROS_humble_LIO/build/lio_sam': AMENT_PREFIX_PATH=/home/ztl/ROS_humble_LIO/install/autorccar_interfaces:${AMENT_PREFIX_PATH} CMAKE_PREFIX_PATH=/home/ztl/ROS_humble_LIO/install/autorccar_interfaces:/home/ztl/pointcloud2pcd/install/pointcloud2_to_pcd:/home/ztl/lio-sam/src/LIO/LIO-SAM_MID360_ROS2_PKG/ros2/install/lio_sam:/home/ztl/lio-sam/src/LIO/LIO-SAM_MID360_ROS2_PKG/ros2/install/autorccar_interfaces:/home/ztl/project/install/livox_ros_driver2:/opt/ros/humble LD_LIBRARY_PATH=/home/ztl/ROS_humble_LIO/install/autorccar_interfaces/lib:${LD_LIBRARY_PATH} PYTHONPATH=/home/ztl/ROS_humble_LIO/install/autorccar_interfaces/local/lib/python3.10/dist-packages:${PYTHONPATH} /usr/bin/cmake --build /home/ztl/ROS_humble_LIO/build/lio_sam -- -j8 -l8
[0.151s] [  8%] Built target lio_sam__cpp
[0.153s] [ 10%] Built target lio_sam__rosidl_generator_c
[0.194s] [ 10%] Built target ament_cmake_python_copy_lio_sam
[0.230s] [ 19%] Built target lio_sam__rosidl_typesupport_introspection_c
[0.232s] [ 27%] Built target lio_sam__rosidl_typesupport_c
[0.251s] [ 36%] Built target lio_sam__rosidl_typesupport_fastrtps_c
[0.261s] [ 44%] Built target lio_sam__rosidl_typesupport_fastrtps_cpp
[0.284s] [ 53%] Built target lio_sam__rosidl_typesupport_introspection_cpp
[0.294s] [ 61%] Built target lio_sam__rosidl_typesupport_cpp
[0.377s] [ 61%] Built target lio_sam
[0.401s] [ 65%] Built target lio_sam_featureExtraction
[0.407s] [35m[1mConsolidate compiler generated dependencies of target lio_sam_mapOptimization[0m
[0.449s] [ 68%] Built target lio_sam__py
[0.467s] [ 72%] Built target lio_sam_imageProjection
[0.505s] [ 76%] Built target lio_sam_imuPreintegration
[0.514s] [ 80%] Built target lio_sam_mapOptimization
[0.556s] [ 87%] Built target lio_sam__rosidl_generator_py
[0.617s] [ 91%] Built target lio_sam__rosidl_typesupport_introspection_c__pyext
[0.621s] [ 95%] Built target lio_sam__rosidl_typesupport_c__pyext
[0.658s] [100%] Built target lio_sam__rosidl_typesupport_fastrtps_c__pyext
[0.837s] running egg_info
[0.840s] writing lio_sam.egg-info/PKG-INFO
[0.841s] writing dependency_links to lio_sam.egg-info/dependency_links.txt
[0.841s] writing top-level names to lio_sam.egg-info/top_level.txt
[0.848s] reading manifest file 'lio_sam.egg-info/SOURCES.txt'
[0.849s] writing manifest file 'lio_sam.egg-info/SOURCES.txt'
[0.944s] [100%] Built target ament_cmake_python_build_lio_sam_egg
[0.985s] Invoked command in '/home/ztl/ROS_humble_LIO/build/lio_sam' returned '0': AMENT_PREFIX_PATH=/home/ztl/ROS_humble_LIO/install/autorccar_interfaces:${AMENT_PREFIX_PATH} CMAKE_PREFIX_PATH=/home/ztl/ROS_humble_LIO/install/autorccar_interfaces:/home/ztl/pointcloud2pcd/install/pointcloud2_to_pcd:/home/ztl/lio-sam/src/LIO/LIO-SAM_MID360_ROS2_PKG/ros2/install/lio_sam:/home/ztl/lio-sam/src/LIO/LIO-SAM_MID360_ROS2_PKG/ros2/install/autorccar_interfaces:/home/ztl/project/install/livox_ros_driver2:/opt/ros/humble LD_LIBRARY_PATH=/home/ztl/ROS_humble_LIO/install/autorccar_interfaces/lib:${LD_LIBRARY_PATH} PYTHONPATH=/home/ztl/ROS_humble_LIO/install/autorccar_interfaces/local/lib/python3.10/dist-packages:${PYTHONPATH} /usr/bin/cmake --build /home/ztl/ROS_humble_LIO/build/lio_sam -- -j8 -l8
[0.996s] Invoking command in '/home/ztl/ROS_humble_LIO/build/lio_sam': AMENT_PREFIX_PATH=/home/ztl/ROS_humble_LIO/install/autorccar_interfaces:${AMENT_PREFIX_PATH} CMAKE_PREFIX_PATH=/home/ztl/ROS_humble_LIO/install/autorccar_interfaces:/home/ztl/pointcloud2pcd/install/pointcloud2_to_pcd:/home/ztl/lio-sam/src/LIO/LIO-SAM_MID360_ROS2_PKG/ros2/install/lio_sam:/home/ztl/lio-sam/src/LIO/LIO-SAM_MID360_ROS2_PKG/ros2/install/autorccar_interfaces:/home/ztl/project/install/livox_ros_driver2:/opt/ros/humble LD_LIBRARY_PATH=/home/ztl/ROS_humble_LIO/install/autorccar_interfaces/lib:${LD_LIBRARY_PATH} PYTHONPATH=/home/ztl/ROS_humble_LIO/install/autorccar_interfaces/local/lib/python3.10/dist-packages:${PYTHONPATH} /usr/bin/cmake --install /home/ztl/ROS_humble_LIO/build/lio_sam
[1.032s] -- Install configuration: "Release"
[1.033s] -- Up-to-date: /home/ztl/ROS_humble_LIO/install/lio_sam/share/ament_index/resource_index/rosidl_interfaces/lio_sam
[1.033s] -- Up-to-date: /home/ztl/ROS_humble_LIO/install/lio_sam/include/lio_sam/lio_sam
[1.034s] -- Up-to-date: /home/ztl/ROS_humble_LIO/install/lio_sam/include/lio_sam/lio_sam/srv
[1.034s] -- Up-to-date: /home/ztl/ROS_humble_LIO/install/lio_sam/include/lio_sam/lio_sam/srv/detail
[1.034s] -- Up-to-date: /home/ztl/ROS_humble_LIO/install/lio_sam/include/lio_sam/lio_sam/srv/detail/save_map__functions.h
[1.035s] -- Up-to-date: /home/ztl/ROS_humble_LIO/install/lio_sam/include/lio_sam/lio_sam/srv/detail/save_map__struct.h
[1.035s] -- Up-to-date: /home/ztl/ROS_humble_LIO/install/lio_sam/include/lio_sam/lio_sam/srv/detail/save_map__type_support.h
[1.035s] -- Up-to-date: /home/ztl/ROS_humble_LIO/install/lio_sam/include/lio_sam/lio_sam/srv/detail/save_map__functions.c
[1.035s] -- Up-to-date: /home/ztl/ROS_humble_LIO/install/lio_sam/include/lio_sam/lio_sam/srv/save_map.h
[1.036s] -- Up-to-date: /home/ztl/ROS_humble_LIO/install/lio_sam/include/lio_sam/lio_sam/msg
[1.036s] -- Up-to-date: /home/ztl/ROS_humble_LIO/install/lio_sam/include/lio_sam/lio_sam/msg/detail
[1.036s] -- Up-to-date: /home/ztl/ROS_humble_LIO/install/lio_sam/include/lio_sam/lio_sam/msg/detail/cloud_info__functions.c
[1.036s] -- Up-to-date: /home/ztl/ROS_humble_LIO/install/lio_sam/include/lio_sam/lio_sam/msg/detail/cloud_info__struct.h
[1.036s] -- Up-to-date: /home/ztl/ROS_humble_LIO/install/lio_sam/include/lio_sam/lio_sam/msg/detail/cloud_info__type_support.h
[1.037s] -- Up-to-date: /home/ztl/ROS_humble_LIO/install/lio_sam/include/lio_sam/lio_sam/msg/detail/cloud_info__functions.h
[1.038s] -- Up-to-date: /home/ztl/ROS_humble_LIO/install/lio_sam/include/lio_sam/lio_sam/msg/cloud_info.h
[1.039s] -- Up-to-date: /home/ztl/ROS_humble_LIO/install/lio_sam/include/lio_sam/lio_sam/msg/rosidl_generator_c__visibility_control.h
[1.040s] -- Up-to-date: /home/ztl/ROS_humble_LIO/install/lio_sam/share/lio_sam/environment/library_path.sh
[1.041s] -- Up-to-date: /home/ztl/ROS_humble_LIO/install/lio_sam/share/lio_sam/environment/library_path.dsv
[1.042s] -- Up-to-date: /home/ztl/ROS_humble_LIO/install/lio_sam/lib/liblio_sam__rosidl_generator_c.so
[1.043s] -- Up-to-date: /home/ztl/ROS_humble_LIO/install/lio_sam/include/lio_sam/lio_sam
[1.044s] -- Up-to-date: /home/ztl/ROS_humble_LIO/install/lio_sam/include/lio_sam/lio_sam/srv
[1.044s] -- Up-to-date: /home/ztl/ROS_humble_LIO/install/lio_sam/include/lio_sam/lio_sam/srv/detail
[1.045s] -- Up-to-date: /home/ztl/ROS_humble_LIO/install/lio_sam/include/lio_sam/lio_sam/srv/detail/save_map__rosidl_typesupport_fastrtps_c.h
[1.046s] -- Up-to-date: /home/ztl/ROS_humble_LIO/install/lio_sam/include/lio_sam/lio_sam/msg
[1.046s] -- Up-to-date: /home/ztl/ROS_humble_LIO/install/lio_sam/include/lio_sam/lio_sam/msg/detail
[1.047s] -- Up-to-date: /home/ztl/ROS_humble_LIO/install/lio_sam/include/lio_sam/lio_sam/msg/detail/cloud_info__rosidl_typesupport_fastrtps_c.h
[1.048s] -- Up-to-date: /home/ztl/ROS_humble_LIO/install/lio_sam/include/lio_sam/lio_sam/msg/rosidl_typesupport_fastrtps_c__visibility_control.h
[1.049s] -- Up-to-date: /home/ztl/ROS_humble_LIO/install/lio_sam/lib/liblio_sam__rosidl_typesupport_fastrtps_c.so
[1.049s] -- Up-to-date: /home/ztl/ROS_humble_LIO/install/lio_sam/include/lio_sam/lio_sam
[1.050s] -- Up-to-date: /home/ztl/ROS_humble_LIO/install/lio_sam/include/lio_sam/lio_sam/srv
[1.051s] -- Up-to-date: /home/ztl/ROS_humble_LIO/install/lio_sam/include/lio_sam/lio_sam/srv/detail
[1.051s] -- Up-to-date: /home/ztl/ROS_humble_LIO/install/lio_sam/include/lio_sam/lio_sam/srv/detail/save_map__type_support.c
[1.052s] -- Up-to-date: /home/ztl/ROS_humble_LIO/install/lio_sam/include/lio_sam/lio_sam/srv/detail/save_map__rosidl_typesupport_introspection_c.h
[1.053s] -- Up-to-date: /home/ztl/ROS_humble_LIO/install/lio_sam/include/lio_sam/lio_sam/msg
[1.053s] -- Up-to-date: /home/ztl/ROS_humble_LIO/install/lio_sam/include/lio_sam/lio_sam/msg/detail
[1.054s] -- Up-to-date: /home/ztl/ROS_humble_LIO/install/lio_sam/include/lio_sam/lio_sam/msg/detail/cloud_info__rosidl_typesupport_introspection_c.h
[1.055s] -- Up-to-date: /home/ztl/ROS_humble_LIO/install/lio_sam/include/lio_sam/lio_sam/msg/detail/cloud_info__type_support.c
[1.055s] -- Up-to-date: /home/ztl/ROS_humble_LIO/install/lio_sam/include/lio_sam/lio_sam/msg/rosidl_typesupport_introspection_c__visibility_control.h
[1.056s] -- Up-to-date: /home/ztl/ROS_humble_LIO/install/lio_sam/lib/liblio_sam__rosidl_typesupport_introspection_c.so
[1.057s] -- Up-to-date: /home/ztl/ROS_humble_LIO/install/lio_sam/lib/liblio_sam__rosidl_typesupport_c.so
[1.057s] -- Up-to-date: /home/ztl/ROS_humble_LIO/install/lio_sam/include/lio_sam/lio_sam
[1.058s] -- Up-to-date: /home/ztl/ROS_humble_LIO/install/lio_sam/include/lio_sam/lio_sam/srv
[1.058s] -- Up-to-date: /home/ztl/ROS_humble_LIO/install/lio_sam/include/lio_sam/lio_sam/srv/detail
[1.059s] -- Up-to-date: /home/ztl/ROS_humble_LIO/install/lio_sam/include/lio_sam/lio_sam/srv/detail/save_map__builder.hpp
[1.060s] -- Up-to-date: /home/ztl/ROS_humble_LIO/install/lio_sam/include/lio_sam/lio_sam/srv/detail/save_map__traits.hpp
[1.060s] -- Up-to-date: /home/ztl/ROS_humble_LIO/install/lio_sam/include/lio_sam/lio_sam/srv/detail/save_map__struct.hpp
[1.061s] -- Up-to-date: /home/ztl/ROS_humble_LIO/install/lio_sam/include/lio_sam/lio_sam/srv/detail/save_map__type_support.hpp
[1.062s] -- Up-to-date: /home/ztl/ROS_humble_LIO/install/lio_sam/include/lio_sam/lio_sam/srv/save_map.hpp
[1.062s] -- Up-to-date: /home/ztl/ROS_humble_LIO/install/lio_sam/include/lio_sam/lio_sam/msg
[1.063s] -- Up-to-date: /home/ztl/ROS_humble_LIO/install/lio_sam/include/lio_sam/lio_sam/msg/detail
[1.064s] -- Up-to-date: /home/ztl/ROS_humble_LIO/install/lio_sam/include/lio_sam/lio_sam/msg/detail/cloud_info__traits.hpp
[1.064s] -- Up-to-date: /home/ztl/ROS_humble_LIO/install/lio_sam/include/lio_sam/lio_sam/msg/detail/cloud_info__type_support.hpp
[1.065s] -- Up-to-date: /home/ztl/ROS_humble_LIO/install/lio_sam/include/lio_sam/lio_sam/msg/detail/cloud_info__builder.hpp
[1.066s] -- Up-to-date: /home/ztl/ROS_humble_LIO/install/lio_sam/include/lio_sam/lio_sam/msg/detail/cloud_info__struct.hpp
[1.066s] -- Up-to-date: /home/ztl/ROS_humble_LIO/install/lio_sam/include/lio_sam/lio_sam/msg/rosidl_generator_cpp__visibility_control.hpp
[1.067s] -- Up-to-date: /home/ztl/ROS_humble_LIO/install/lio_sam/include/lio_sam/lio_sam/msg/cloud_info.hpp
[1.067s] -- Up-to-date: /home/ztl/ROS_humble_LIO/install/lio_sam/include/lio_sam/lio_sam
[1.068s] -- Up-to-date: /home/ztl/ROS_humble_LIO/install/lio_sam/include/lio_sam/lio_sam/srv
[1.069s] -- Up-to-date: /home/ztl/ROS_humble_LIO/install/lio_sam/include/lio_sam/lio_sam/srv/detail
[1.069s] -- Up-to-date: /home/ztl/ROS_humble_LIO/install/lio_sam/include/lio_sam/lio_sam/srv/detail/dds_fastrtps
[1.070s] -- Up-to-date: /home/ztl/ROS_humble_LIO/install/lio_sam/include/lio_sam/lio_sam/srv/detail/save_map__rosidl_typesupport_fastrtps_cpp.hpp
[1.071s] -- Up-to-date: /home/ztl/ROS_humble_LIO/install/lio_sam/include/lio_sam/lio_sam/msg
[1.071s] -- Up-to-date: /home/ztl/ROS_humble_LIO/install/lio_sam/include/lio_sam/lio_sam/msg/detail
[1.072s] -- Up-to-date: /home/ztl/ROS_humble_LIO/install/lio_sam/include/lio_sam/lio_sam/msg/detail/dds_fastrtps
[1.073s] -- Up-to-date: /home/ztl/ROS_humble_LIO/install/lio_sam/include/lio_sam/lio_sam/msg/detail/cloud_info__rosidl_typesupport_fastrtps_cpp.hpp
[1.073s] -- Up-to-date: /home/ztl/ROS_humble_LIO/install/lio_sam/include/lio_sam/lio_sam/msg/rosidl_typesupport_fastrtps_cpp__visibility_control.h
[1.074s] -- Up-to-date: /home/ztl/ROS_humble_LIO/install/lio_sam/lib/liblio_sam__rosidl_typesupport_fastrtps_cpp.so
[1.075s] -- Up-to-date: /home/ztl/ROS_humble_LIO/install/lio_sam/include/lio_sam/lio_sam
[1.075s] -- Up-to-date: /home/ztl/ROS_humble_LIO/install/lio_sam/include/lio_sam/lio_sam/srv
[1.076s] -- Up-to-date: /home/ztl/ROS_humble_LIO/install/lio_sam/include/lio_sam/lio_sam/srv/detail
[1.077s] -- Up-to-date: /home/ztl/ROS_humble_LIO/install/lio_sam/include/lio_sam/lio_sam/srv/detail/save_map__type_support.cpp
[1.077s] -- Up-to-date: /home/ztl/ROS_humble_LIO/install/lio_sam/include/lio_sam/lio_sam/srv/detail/save_map__rosidl_typesupport_introspection_cpp.hpp
[1.078s] -- Up-to-date: /home/ztl/ROS_humble_LIO/install/lio_sam/include/lio_sam/lio_sam/msg
[1.079s] -- Up-to-date: /home/ztl/ROS_humble_LIO/install/lio_sam/include/lio_sam/lio_sam/msg/detail
[1.079s] -- Up-to-date: /home/ztl/ROS_humble_LIO/install/lio_sam/include/lio_sam/lio_sam/msg/detail/cloud_info__type_support.cpp
[1.080s] -- Up-to-date: /home/ztl/ROS_humble_LIO/install/lio_sam/include/lio_sam/lio_sam/msg/detail/cloud_info__rosidl_typesupport_introspection_cpp.hpp
[1.081s] -- Up-to-date: /home/ztl/ROS_humble_LIO/install/lio_sam/lib/liblio_sam__rosidl_typesupport_introspection_cpp.so
[1.081s] -- Up-to-date: /home/ztl/ROS_humble_LIO/install/lio_sam/lib/liblio_sam__rosidl_typesupport_cpp.so
[1.082s] -- Up-to-date: /home/ztl/ROS_humble_LIO/install/lio_sam/share/lio_sam/environment/pythonpath.sh
[1.082s] -- Up-to-date: /home/ztl/ROS_humble_LIO/install/lio_sam/share/lio_sam/environment/pythonpath.dsv
[1.082s] -- Up-to-date: /home/ztl/ROS_humble_LIO/install/lio_sam/local/lib/python3.10/dist-packages/lio_sam-1.0.0-py3.10.egg-info
[1.082s] -- Installing: /home/ztl/ROS_humble_LIO/install/lio_sam/local/lib/python3.10/dist-packages/lio_sam-1.0.0-py3.10.egg-info/top_level.txt
[1.083s] -- Installing: /home/ztl/ROS_humble_LIO/install/lio_sam/local/lib/python3.10/dist-packages/lio_sam-1.0.0-py3.10.egg-info/PKG-INFO
[1.083s] -- Installing: /home/ztl/ROS_humble_LIO/install/lio_sam/local/lib/python3.10/dist-packages/lio_sam-1.0.0-py3.10.egg-info/SOURCES.txt
[1.083s] -- Installing: /home/ztl/ROS_humble_LIO/install/lio_sam/local/lib/python3.10/dist-packages/lio_sam-1.0.0-py3.10.egg-info/dependency_links.txt
[1.083s] -- Up-to-date: /home/ztl/ROS_humble_LIO/install/lio_sam/local/lib/python3.10/dist-packages/lio_sam
[1.083s] -- Up-to-date: /home/ztl/ROS_humble_LIO/install/lio_sam/local/lib/python3.10/dist-packages/lio_sam/_lio_sam_s.ep.rosidl_typesupport_c.c
[1.083s] -- Up-to-date: /home/ztl/ROS_humble_LIO/install/lio_sam/local/lib/python3.10/dist-packages/lio_sam/_lio_sam_s.ep.rosidl_typesupport_introspection_c.c
[1.083s] -- Up-to-date: /home/ztl/ROS_humble_LIO/install/lio_sam/local/lib/python3.10/dist-packages/lio_sam/__init__.py
[1.084s] -- Up-to-date: /home/ztl/ROS_humble_LIO/install/lio_sam/local/lib/python3.10/dist-packages/lio_sam/srv
[1.084s] -- Up-to-date: /home/ztl/ROS_humble_LIO/install/lio_sam/local/lib/python3.10/dist-packages/lio_sam/srv/__init__.py
[1.084s] -- Up-to-date: /home/ztl/ROS_humble_LIO/install/lio_sam/local/lib/python3.10/dist-packages/lio_sam/srv/_save_map.py
[1.084s] -- Up-to-date: /home/ztl/ROS_humble_LIO/install/lio_sam/local/lib/python3.10/dist-packages/lio_sam/srv/_save_map_s.c
[1.084s] -- Up-to-date: /home/ztl/ROS_humble_LIO/install/lio_sam/local/lib/python3.10/dist-packages/lio_sam/_lio_sam_s.ep.rosidl_typesupport_fastrtps_c.c
[1.084s] -- Up-to-date: /home/ztl/ROS_humble_LIO/install/lio_sam/local/lib/python3.10/dist-packages/lio_sam/msg
[1.084s] -- Up-to-date: /home/ztl/ROS_humble_LIO/install/lio_sam/local/lib/python3.10/dist-packages/lio_sam/msg/__init__.py
[1.085s] -- Up-to-date: /home/ztl/ROS_humble_LIO/install/lio_sam/local/lib/python3.10/dist-packages/lio_sam/msg/_cloud_info_s.c
[1.085s] -- Up-to-date: /home/ztl/ROS_humble_LIO/install/lio_sam/local/lib/python3.10/dist-packages/lio_sam/msg/_cloud_info.py
[1.085s] -- Up-to-date: /home/ztl/ROS_humble_LIO/install/lio_sam/local/lib/python3.10/dist-packages/lio_sam/lio_sam_s__rosidl_typesupport_c.cpython-310-aarch64-linux-gnu.so
[1.085s] -- Up-to-date: /home/ztl/ROS_humble_LIO/install/lio_sam/local/lib/python3.10/dist-packages/lio_sam/lio_sam_s__rosidl_typesupport_fastrtps_c.cpython-310-aarch64-linux-gnu.so
[1.085s] -- Up-to-date: /home/ztl/ROS_humble_LIO/install/lio_sam/local/lib/python3.10/dist-packages/lio_sam/lio_sam_s__rosidl_typesupport_introspection_c.cpython-310-aarch64-linux-gnu.so
[1.085s] -- Up-to-date: /home/ztl/ROS_humble_LIO/install/lio_sam/local/lib/python3.10/dist-packages/lio_sam/liblio_sam__rosidl_generator_py.so
[1.147s] Listing '/home/ztl/ROS_humble_LIO/install/lio_sam/local/lib/python3.10/dist-packages/lio_sam'...
[1.147s] Listing '/home/ztl/ROS_humble_LIO/install/lio_sam/local/lib/python3.10/dist-packages/lio_sam/msg'...
[1.147s] Listing '/home/ztl/ROS_humble_LIO/install/lio_sam/local/lib/python3.10/dist-packages/lio_sam/srv'...
[1.162s] -- Up-to-date: /home/ztl/ROS_humble_LIO/install/lio_sam/local/lib/python3.10/dist-packages/lio_sam/lio_sam_s__rosidl_typesupport_fastrtps_c.cpython-310-aarch64-linux-gnu.so
[1.163s] -- Up-to-date: /home/ztl/ROS_humble_LIO/install/lio_sam/local/lib/python3.10/dist-packages/lio_sam/lio_sam_s__rosidl_typesupport_introspection_c.cpython-310-aarch64-linux-gnu.so
[1.168s] -- Up-to-date: /home/ztl/ROS_humble_LIO/install/lio_sam/local/lib/python3.10/dist-packages/lio_sam/lio_sam_s__rosidl_typesupport_c.cpython-310-aarch64-linux-gnu.so
[1.169s] -- Up-to-date: /home/ztl/ROS_humble_LIO/install/lio_sam/lib/liblio_sam__rosidl_generator_py.so
[1.170s] -- Up-to-date: /home/ztl/ROS_humble_LIO/install/lio_sam/share/lio_sam/msg/CloudInfo.idl
[1.171s] -- Up-to-date: /home/ztl/ROS_humble_LIO/install/lio_sam/share/lio_sam/srv/SaveMap.idl
[1.172s] -- Up-to-date: /home/ztl/ROS_humble_LIO/install/lio_sam/share/lio_sam/msg/CloudInfo.msg
[1.173s] -- Up-to-date: /home/ztl/ROS_humble_LIO/install/lio_sam/share/lio_sam/srv/SaveMap.srv
[1.173s] -- Up-to-date: /home/ztl/ROS_humble_LIO/install/lio_sam/share/lio_sam/srv/SaveMap_Request.msg
[1.174s] -- Up-to-date: /home/ztl/ROS_humble_LIO/install/lio_sam/share/lio_sam/srv/SaveMap_Response.msg
[1.175s] -- Up-to-date: /home/ztl/ROS_humble_LIO/install/lio_sam/share/lio_sam//launch
[1.176s] -- Up-to-date: /home/ztl/ROS_humble_LIO/install/lio_sam/share/lio_sam//launch/run.launch.py
[1.176s] -- Up-to-date: /home/ztl/ROS_humble_LIO/install/lio_sam/share/lio_sam//config
[1.176s] -- Up-to-date: /home/ztl/ROS_humble_LIO/install/lio_sam/share/lio_sam//config/robot.urdf.xacro
[1.176s] -- Up-to-date: /home/ztl/ROS_humble_LIO/install/lio_sam/share/lio_sam//config/rviz2.rviz
[1.176s] -- Up-to-date: /home/ztl/ROS_humble_LIO/install/lio_sam/share/lio_sam//config/params.yaml
[1.177s] -- Up-to-date: /home/ztl/ROS_humble_LIO/install/lio_sam/lib/lio_sam/lio_sam_imageProjection
[1.177s] -- Up-to-date: /home/ztl/ROS_humble_LIO/install/lio_sam/lib/lio_sam/lio_sam_imuPreintegration
[1.179s] -- Up-to-date: /home/ztl/ROS_humble_LIO/install/lio_sam/lib/lio_sam/lio_sam_featureExtraction
[1.180s] -- Up-to-date: /home/ztl/ROS_humble_LIO/install/lio_sam/lib/lio_sam/lio_sam_mapOptimization
[1.180s] -- Up-to-date: /home/ztl/ROS_humble_LIO/install/lio_sam/include
[1.180s] -- Up-to-date: /home/ztl/ROS_humble_LIO/install/lio_sam/include/lio_sam
[1.180s] -- Up-to-date: /home/ztl/ROS_humble_LIO/install/lio_sam/include/lio_sam/utility.hpp
[1.181s] -- Up-to-date: /home/ztl/ROS_humble_LIO/install/lio_sam/share/ament_index/resource_index/package_run_dependencies/lio_sam
[1.181s] -- Up-to-date: /home/ztl/ROS_humble_LIO/install/lio_sam/share/ament_index/resource_index/parent_prefix_path/lio_sam
[1.181s] -- Up-to-date: /home/ztl/ROS_humble_LIO/install/lio_sam/share/lio_sam/environment/ament_prefix_path.sh
[1.183s] -- Up-to-date: /home/ztl/ROS_humble_LIO/install/lio_sam/share/lio_sam/environment/ament_prefix_path.dsv
[1.183s] -- Up-to-date: /home/ztl/ROS_humble_LIO/install/lio_sam/share/lio_sam/environment/path.sh
[1.183s] -- Up-to-date: /home/ztl/ROS_humble_LIO/install/lio_sam/share/lio_sam/environment/path.dsv
[1.183s] -- Up-to-date: /home/ztl/ROS_humble_LIO/install/lio_sam/share/lio_sam/local_setup.bash
[1.184s] -- Up-to-date: /home/ztl/ROS_humble_LIO/install/lio_sam/share/lio_sam/local_setup.sh
[1.184s] -- Up-to-date: /home/ztl/ROS_humble_LIO/install/lio_sam/share/lio_sam/local_setup.zsh
[1.184s] -- Up-to-date: /home/ztl/ROS_humble_LIO/install/lio_sam/share/lio_sam/local_setup.dsv
[1.184s] -- Installing: /home/ztl/ROS_humble_LIO/install/lio_sam/share/lio_sam/package.dsv
[1.184s] -- Up-to-date: /home/ztl/ROS_humble_LIO/install/lio_sam/share/ament_index/resource_index/packages/lio_sam
[1.185s] -- Up-to-date: /home/ztl/ROS_humble_LIO/install/lio_sam/share/lio_sam/cmake/export_lio_sam__rosidl_generator_cExport.cmake
[1.185s] -- Up-to-date: /home/ztl/ROS_humble_LIO/install/lio_sam/share/lio_sam/cmake/export_lio_sam__rosidl_generator_cExport-release.cmake
[1.185s] -- Up-to-date: /home/ztl/ROS_humble_LIO/install/lio_sam/share/lio_sam/cmake/export_lio_sam__rosidl_typesupport_fastrtps_cExport.cmake
[1.185s] -- Up-to-date: /home/ztl/ROS_humble_LIO/install/lio_sam/share/lio_sam/cmake/export_lio_sam__rosidl_typesupport_fastrtps_cExport-release.cmake
[1.186s] -- Up-to-date: /home/ztl/ROS_humble_LIO/install/lio_sam/share/lio_sam/cmake/lio_sam__rosidl_typesupport_introspection_cExport.cmake
[1.186s] -- Up-to-date: /home/ztl/ROS_humble_LIO/install/lio_sam/share/lio_sam/cmake/lio_sam__rosidl_typesupport_introspection_cExport-release.cmake
[1.186s] -- Up-to-date: /home/ztl/ROS_humble_LIO/install/lio_sam/share/lio_sam/cmake/lio_sam__rosidl_typesupport_cExport.cmake
[1.186s] -- Up-to-date: /home/ztl/ROS_humble_LIO/install/lio_sam/share/lio_sam/cmake/lio_sam__rosidl_typesupport_cExport-release.cmake
[1.186s] -- Up-to-date: /home/ztl/ROS_humble_LIO/install/lio_sam/share/lio_sam/cmake/export_lio_sam__rosidl_generator_cppExport.cmake
[1.187s] -- Up-to-date: /home/ztl/ROS_humble_LIO/install/lio_sam/share/lio_sam/cmake/export_lio_sam__rosidl_typesupport_fastrtps_cppExport.cmake
[1.187s] -- Up-to-date: /home/ztl/ROS_humble_LIO/install/lio_sam/share/lio_sam/cmake/export_lio_sam__rosidl_typesupport_fastrtps_cppExport-release.cmake
[1.187s] -- Up-to-date: /home/ztl/ROS_humble_LIO/install/lio_sam/share/lio_sam/cmake/lio_sam__rosidl_typesupport_introspection_cppExport.cmake
[1.187s] -- Up-to-date: /home/ztl/ROS_humble_LIO/install/lio_sam/share/lio_sam/cmake/lio_sam__rosidl_typesupport_introspection_cppExport-release.cmake
[1.188s] -- Up-to-date: /home/ztl/ROS_humble_LIO/install/lio_sam/share/lio_sam/cmake/lio_sam__rosidl_typesupport_cppExport.cmake
[1.188s] -- Up-to-date: /home/ztl/ROS_humble_LIO/install/lio_sam/share/lio_sam/cmake/lio_sam__rosidl_typesupport_cppExport-release.cmake
[1.188s] -- Up-to-date: /home/ztl/ROS_humble_LIO/install/lio_sam/share/lio_sam/cmake/export_lio_sam__rosidl_generator_pyExport.cmake
[1.188s] -- Up-to-date: /home/ztl/ROS_humble_LIO/install/lio_sam/share/lio_sam/cmake/export_lio_sam__rosidl_generator_pyExport-release.cmake
[1.188s] -- Up-to-date: /home/ztl/ROS_humble_LIO/install/lio_sam/share/lio_sam/cmake/rosidl_cmake-extras.cmake
[1.189s] -- Up-to-date: /home/ztl/ROS_humble_LIO/install/lio_sam/share/lio_sam/cmake/ament_cmake_export_dependencies-extras.cmake
[1.190s] -- Up-to-date: /home/ztl/ROS_humble_LIO/install/lio_sam/share/lio_sam/cmake/ament_cmake_export_include_directories-extras.cmake
[1.190s] -- Up-to-date: /home/ztl/ROS_humble_LIO/install/lio_sam/share/lio_sam/cmake/ament_cmake_export_libraries-extras.cmake
[1.191s] -- Up-to-date: /home/ztl/ROS_humble_LIO/install/lio_sam/share/lio_sam/cmake/ament_cmake_export_targets-extras.cmake
[1.191s] -- Up-to-date: /home/ztl/ROS_humble_LIO/install/lio_sam/share/lio_sam/cmake/rosidl_cmake_export_typesupport_targets-extras.cmake
[1.191s] -- Up-to-date: /home/ztl/ROS_humble_LIO/install/lio_sam/share/lio_sam/cmake/rosidl_cmake_export_typesupport_libraries-extras.cmake
[1.191s] -- Up-to-date: /home/ztl/ROS_humble_LIO/install/lio_sam/share/lio_sam/cmake/lio_samConfig.cmake
[1.191s] -- Up-to-date: /home/ztl/ROS_humble_LIO/install/lio_sam/share/lio_sam/cmake/lio_samConfig-version.cmake
[1.192s] -- Up-to-date: /home/ztl/ROS_humble_LIO/install/lio_sam/share/lio_sam/package.xml
[1.192s] Invoked command in '/home/ztl/ROS_humble_LIO/build/lio_sam' returned '0': AMENT_PREFIX_PATH=/home/ztl/ROS_humble_LIO/install/autorccar_interfaces:${AMENT_PREFIX_PATH} CMAKE_PREFIX_PATH=/home/ztl/ROS_humble_LIO/install/autorccar_interfaces:/home/ztl/pointcloud2pcd/install/pointcloud2_to_pcd:/home/ztl/lio-sam/src/LIO/LIO-SAM_MID360_ROS2_PKG/ros2/install/lio_sam:/home/ztl/lio-sam/src/LIO/LIO-SAM_MID360_ROS2_PKG/ros2/install/autorccar_interfaces:/home/ztl/project/install/livox_ros_driver2:/opt/ros/humble LD_LIBRARY_PATH=/home/ztl/ROS_humble_LIO/install/autorccar_interfaces/lib:${LD_LIBRARY_PATH} PYTHONPATH=/home/ztl/ROS_humble_LIO/install/autorccar_interfaces/local/lib/python3.10/dist-packages:${PYTHONPATH} /usr/bin/cmake --install /home/ztl/ROS_humble_LIO/build/lio_sam
