[0.554s] DEBUG:colcon:Command line arguments: ['/usr/bin/colcon', 'build']
[0.554s] DEBUG:colcon:Parsed command line arguments: Namespace(log_base=None, log_level=None, verb_name='build', build_base='build', install_base='install', merge_install=False, symlink_install=False, test_result_base=None, continue_on_error=False, executor='parallel', parallel_workers=8, event_handlers=None, ignore_user_meta=False, metas=['./colcon.meta'], base_paths=['.'], packages_ignore=None, packages_ignore_regex=None, paths=None, packages_up_to=None, packages_up_to_regex=None, packages_above=None, packages_above_and_dependencies=None, packages_above_depth=None, packages_select_by_dep=None, packages_skip_by_dep=None, packages_skip_up_to=None, packages_select_build_failed=False, packages_skip_build_finished=False, packages_select_test_failures=False, packages_skip_test_passed=False, packages_select=None, packages_skip=None, packages_select_regex=None, packages_skip_regex=None, packages_start=None, packages_end=None, allow_overriding=[], cmake_args=None, cmake_target=None, cmake_target_skip_unavailable=False, cmake_clean_cache=False, cmake_clean_first=False, cmake_force_configure=False, ament_cmake_args=None, catkin_cmake_args=None, catkin_skip_building_tests=False, verb_parser=<colcon_defaults.argument_parser.defaults.DefaultArgumentsDecorator object at 0x7fa981ff70>, verb_extension=<colcon_core.verb.build.BuildVerb object at 0x7fa976d360>, main=<bound method BuildVerb.main of <colcon_core.verb.build.BuildVerb object at 0x7fa976d360>>)
[1.202s] Level 1:colcon.colcon_core.package_discovery:discover_packages(colcon_meta) check parameters
[1.202s] Level 1:colcon.colcon_core.package_discovery:discover_packages(recursive) check parameters
[1.202s] Level 1:colcon.colcon_core.package_discovery:discover_packages(ignore) check parameters
[1.202s] Level 1:colcon.colcon_core.package_discovery:discover_packages(path) check parameters
[1.202s] Level 1:colcon.colcon_core.package_discovery:discover_packages(colcon_meta) discover
[1.202s] Level 1:colcon.colcon_core.package_discovery:discover_packages(recursive) discover
[1.202s] INFO:colcon.colcon_core.package_discovery:Crawling recursively for packages in '/home/ztl/ROS_humble_LIO'
[1.203s] Level 1:colcon.colcon_core.package_identification:_identify(.) by extensions ['ignore', 'ignore_ament_install']
[1.203s] Level 1:colcon.colcon_core.package_identification:_identify(.) by extension 'ignore'
[1.204s] Level 1:colcon.colcon_core.package_identification:_identify(.) by extension 'ignore_ament_install'
[1.204s] Level 1:colcon.colcon_core.package_identification:_identify(.) by extensions ['colcon_pkg']
[1.204s] Level 1:colcon.colcon_core.package_identification:_identify(.) by extension 'colcon_pkg'
[1.204s] Level 1:colcon.colcon_core.package_identification:_identify(.) by extensions ['colcon_meta']
[1.204s] Level 1:colcon.colcon_core.package_identification:_identify(.) by extension 'colcon_meta'
[1.204s] Level 1:colcon.colcon_core.package_identification:_identify(.) by extensions ['ros']
[1.204s] Level 1:colcon.colcon_core.package_identification:_identify(.) by extension 'ros'
[1.242s] Level 1:colcon.colcon_core.package_identification:_identify(.) by extensions ['cmake', 'python']
[1.242s] Level 1:colcon.colcon_core.package_identification:_identify(.) by extension 'cmake'
[1.242s] Level 1:colcon.colcon_core.package_identification:_identify(.) by extension 'python'
[1.242s] Level 1:colcon.colcon_core.package_identification:_identify(.) by extensions ['python_setup_py']
[1.243s] Level 1:colcon.colcon_core.package_identification:_identify(.) by extension 'python_setup_py'
[1.243s] Level 1:colcon.colcon_core.package_identification:_identify(build) by extensions ['ignore', 'ignore_ament_install']
[1.243s] Level 1:colcon.colcon_core.package_identification:_identify(build) by extension 'ignore'
[1.243s] Level 1:colcon.colcon_core.package_identification:_identify(build) ignored
[1.244s] Level 1:colcon.colcon_core.package_identification:_identify(install) by extensions ['ignore', 'ignore_ament_install']
[1.244s] Level 1:colcon.colcon_core.package_identification:_identify(install) by extension 'ignore'
[1.244s] Level 1:colcon.colcon_core.package_identification:_identify(install) ignored
[1.244s] Level 1:colcon.colcon_core.package_identification:_identify(log) by extensions ['ignore', 'ignore_ament_install']
[1.244s] Level 1:colcon.colcon_core.package_identification:_identify(log) by extension 'ignore'
[1.244s] Level 1:colcon.colcon_core.package_identification:_identify(log) ignored
[1.245s] Level 1:colcon.colcon_core.package_identification:_identify(src) by extensions ['ignore', 'ignore_ament_install']
[1.245s] Level 1:colcon.colcon_core.package_identification:_identify(src) by extension 'ignore'
[1.245s] Level 1:colcon.colcon_core.package_identification:_identify(src) by extension 'ignore_ament_install'
[1.245s] Level 1:colcon.colcon_core.package_identification:_identify(src) by extensions ['colcon_pkg']
[1.245s] Level 1:colcon.colcon_core.package_identification:_identify(src) by extension 'colcon_pkg'
[1.245s] Level 1:colcon.colcon_core.package_identification:_identify(src) by extensions ['colcon_meta']
[1.245s] Level 1:colcon.colcon_core.package_identification:_identify(src) by extension 'colcon_meta'
[1.245s] Level 1:colcon.colcon_core.package_identification:_identify(src) by extensions ['ros']
[1.246s] Level 1:colcon.colcon_core.package_identification:_identify(src) by extension 'ros'
[1.246s] Level 1:colcon.colcon_core.package_identification:_identify(src) by extensions ['cmake', 'python']
[1.246s] Level 1:colcon.colcon_core.package_identification:_identify(src) by extension 'cmake'
[1.246s] Level 1:colcon.colcon_core.package_identification:_identify(src) by extension 'python'
[1.246s] Level 1:colcon.colcon_core.package_identification:_identify(src) by extensions ['python_setup_py']
[1.246s] Level 1:colcon.colcon_core.package_identification:_identify(src) by extension 'python_setup_py'
[1.246s] Level 1:colcon.colcon_core.package_identification:_identify(src/LiDAR_IMU_FUSION_ROS2) by extensions ['ignore', 'ignore_ament_install']
[1.247s] Level 1:colcon.colcon_core.package_identification:_identify(src/LiDAR_IMU_FUSION_ROS2) by extension 'ignore'
[1.247s] Level 1:colcon.colcon_core.package_identification:_identify(src/LiDAR_IMU_FUSION_ROS2) by extension 'ignore_ament_install'
[1.247s] Level 1:colcon.colcon_core.package_identification:_identify(src/LiDAR_IMU_FUSION_ROS2) by extensions ['colcon_pkg']
[1.247s] Level 1:colcon.colcon_core.package_identification:_identify(src/LiDAR_IMU_FUSION_ROS2) by extension 'colcon_pkg'
[1.247s] Level 1:colcon.colcon_core.package_identification:_identify(src/LiDAR_IMU_FUSION_ROS2) by extensions ['colcon_meta']
[1.247s] Level 1:colcon.colcon_core.package_identification:_identify(src/LiDAR_IMU_FUSION_ROS2) by extension 'colcon_meta'
[1.247s] Level 1:colcon.colcon_core.package_identification:_identify(src/LiDAR_IMU_FUSION_ROS2) by extensions ['ros']
[1.247s] Level 1:colcon.colcon_core.package_identification:_identify(src/LiDAR_IMU_FUSION_ROS2) by extension 'ros'
[1.257s] DEBUG:colcon.colcon_core.package_identification:Package 'src/LiDAR_IMU_FUSION_ROS2' with type 'ros.ament_cmake' and name 'lio_sam'
[1.258s] Level 1:colcon.colcon_core.package_identification:_identify(src/autorccar_interfaces) by extensions ['ignore', 'ignore_ament_install']
[1.258s] Level 1:colcon.colcon_core.package_identification:_identify(src/autorccar_interfaces) by extension 'ignore'
[1.258s] Level 1:colcon.colcon_core.package_identification:_identify(src/autorccar_interfaces) by extension 'ignore_ament_install'
[1.258s] Level 1:colcon.colcon_core.package_identification:_identify(src/autorccar_interfaces) by extensions ['colcon_pkg']
[1.258s] Level 1:colcon.colcon_core.package_identification:_identify(src/autorccar_interfaces) by extension 'colcon_pkg'
[1.258s] Level 1:colcon.colcon_core.package_identification:_identify(src/autorccar_interfaces) by extensions ['colcon_meta']
[1.258s] Level 1:colcon.colcon_core.package_identification:_identify(src/autorccar_interfaces) by extension 'colcon_meta'
[1.259s] Level 1:colcon.colcon_core.package_identification:_identify(src/autorccar_interfaces) by extensions ['ros']
[1.259s] Level 1:colcon.colcon_core.package_identification:_identify(src/autorccar_interfaces) by extension 'ros'
[1.261s] DEBUG:colcon.colcon_core.package_identification:Package 'src/autorccar_interfaces' with type 'ros.ament_cmake' and name 'autorccar_interfaces'
[1.261s] Level 1:colcon.colcon_core.package_discovery:discover_packages(recursive) using defaults
[1.262s] Level 1:colcon.colcon_core.package_discovery:discover_packages(ignore) discover
[1.262s] Level 1:colcon.colcon_core.package_discovery:discover_packages(ignore) using defaults
[1.262s] Level 1:colcon.colcon_core.package_discovery:discover_packages(path) discover
[1.262s] Level 1:colcon.colcon_core.package_discovery:discover_packages(path) using defaults
[1.330s] Level 1:colcon.colcon_core.package_discovery:discover_packages(prefix_path) check parameters
[1.331s] Level 1:colcon.colcon_core.package_discovery:discover_packages(prefix_path) discover
[1.337s] DEBUG:colcon.colcon_installed_package_information.package_discovery:Found 1 installed packages in /home/ztl/pointcloud2pcd/install
[1.341s] DEBUG:colcon.colcon_installed_package_information.package_discovery:Found 2 installed packages in /home/ztl/lio-sam/src/LIO/LIO-SAM_MID360_ROS2_PKG/ros2/install
[1.344s] DEBUG:colcon.colcon_installed_package_information.package_discovery:Found 1 installed packages in /home/ztl/project/install
[1.350s] DEBUG:colcon.colcon_installed_package_information.package_discovery:Found 276 installed packages in /opt/ros/humble
[1.386s] Level 1:colcon.colcon_core.package_discovery:discover_packages(prefix_path) using defaults
[1.558s] Level 5:colcon.colcon_core.verb:set package 'autorccar_interfaces' build argument 'cmake_args' from command line to 'None'
[1.558s] Level 5:colcon.colcon_core.verb:set package 'autorccar_interfaces' build argument 'cmake_target' from command line to 'None'
[1.558s] Level 5:colcon.colcon_core.verb:set package 'autorccar_interfaces' build argument 'cmake_target_skip_unavailable' from command line to 'False'
[1.558s] Level 5:colcon.colcon_core.verb:set package 'autorccar_interfaces' build argument 'cmake_clean_cache' from command line to 'False'
[1.558s] Level 5:colcon.colcon_core.verb:set package 'autorccar_interfaces' build argument 'cmake_clean_first' from command line to 'False'
[1.558s] Level 5:colcon.colcon_core.verb:set package 'autorccar_interfaces' build argument 'cmake_force_configure' from command line to 'False'
[1.558s] Level 5:colcon.colcon_core.verb:set package 'autorccar_interfaces' build argument 'ament_cmake_args' from command line to 'None'
[1.559s] Level 5:colcon.colcon_core.verb:set package 'autorccar_interfaces' build argument 'catkin_cmake_args' from command line to 'None'
[1.559s] Level 5:colcon.colcon_core.verb:set package 'autorccar_interfaces' build argument 'catkin_skip_building_tests' from command line to 'False'
[1.559s] DEBUG:colcon.colcon_core.verb:Building package 'autorccar_interfaces' with the following arguments: {'ament_cmake_args': None, 'build_base': '/home/ztl/ROS_humble_LIO/build/autorccar_interfaces', 'catkin_cmake_args': None, 'catkin_skip_building_tests': False, 'cmake_args': None, 'cmake_clean_cache': False, 'cmake_clean_first': False, 'cmake_force_configure': False, 'cmake_target': None, 'cmake_target_skip_unavailable': False, 'install_base': '/home/ztl/ROS_humble_LIO/install/autorccar_interfaces', 'merge_install': False, 'path': '/home/ztl/ROS_humble_LIO/src/autorccar_interfaces', 'symlink_install': False, 'test_result_base': None}
[1.560s] Level 5:colcon.colcon_core.verb:set package 'lio_sam' build argument 'cmake_args' from command line to 'None'
[1.560s] Level 5:colcon.colcon_core.verb:set package 'lio_sam' build argument 'cmake_target' from command line to 'None'
[1.560s] Level 5:colcon.colcon_core.verb:set package 'lio_sam' build argument 'cmake_target_skip_unavailable' from command line to 'False'
[1.560s] Level 5:colcon.colcon_core.verb:set package 'lio_sam' build argument 'cmake_clean_cache' from command line to 'False'
[1.560s] Level 5:colcon.colcon_core.verb:set package 'lio_sam' build argument 'cmake_clean_first' from command line to 'False'
[1.560s] Level 5:colcon.colcon_core.verb:set package 'lio_sam' build argument 'cmake_force_configure' from command line to 'False'
[1.560s] Level 5:colcon.colcon_core.verb:set package 'lio_sam' build argument 'ament_cmake_args' from command line to 'None'
[1.560s] Level 5:colcon.colcon_core.verb:set package 'lio_sam' build argument 'catkin_cmake_args' from command line to 'None'
[1.560s] Level 5:colcon.colcon_core.verb:set package 'lio_sam' build argument 'catkin_skip_building_tests' from command line to 'False'
[1.560s] DEBUG:colcon.colcon_core.verb:Building package 'lio_sam' with the following arguments: {'ament_cmake_args': None, 'build_base': '/home/ztl/ROS_humble_LIO/build/lio_sam', 'catkin_cmake_args': None, 'catkin_skip_building_tests': False, 'cmake_args': None, 'cmake_clean_cache': False, 'cmake_clean_first': False, 'cmake_force_configure': False, 'cmake_target': None, 'cmake_target_skip_unavailable': False, 'install_base': '/home/ztl/ROS_humble_LIO/install/lio_sam', 'merge_install': False, 'path': '/home/ztl/ROS_humble_LIO/src/LiDAR_IMU_FUSION_ROS2', 'symlink_install': False, 'test_result_base': None}
[1.561s] INFO:colcon.colcon_core.executor:Executing jobs using 'parallel' executor
[1.563s] DEBUG:colcon.colcon_parallel_executor.executor.parallel:run_until_complete
[1.564s] INFO:colcon.colcon_ros.task.ament_cmake.build:Building ROS package in '/home/ztl/ROS_humble_LIO/src/autorccar_interfaces' with build type 'ament_cmake'
[1.564s] INFO:colcon.colcon_cmake.task.cmake.build:Building CMake package in '/home/ztl/ROS_humble_LIO/src/autorccar_interfaces'
[1.572s] INFO:colcon.colcon_core.plugin_system:Skipping extension 'colcon_core.shell.bat': Not used on non-Windows systems
[1.572s] INFO:colcon.colcon_core.shell:Skip shell extension 'powershell' for command environment: Not usable outside of PowerShell
[1.573s] DEBUG:colcon.colcon_core.shell:Skip shell extension 'dsv' for command environment
[1.600s] DEBUG:colcon.colcon_core.event_handler.log_command:Invoking command in '/home/ztl/ROS_humble_LIO/build/autorccar_interfaces': CMAKE_PREFIX_PATH=${CMAKE_PREFIX_PATH}:/opt/ros/humble /usr/bin/cmake --build /home/ztl/ROS_humble_LIO/build/autorccar_interfaces -- -j8 -l8
[2.649s] DEBUG:colcon.colcon_core.event_handler.log_command:Invoked command in '/home/ztl/ROS_humble_LIO/build/autorccar_interfaces' returned '0': CMAKE_PREFIX_PATH=${CMAKE_PREFIX_PATH}:/opt/ros/humble /usr/bin/cmake --build /home/ztl/ROS_humble_LIO/build/autorccar_interfaces -- -j8 -l8
[2.671s] DEBUG:colcon.colcon_core.event_handler.log_command:Invoking command in '/home/ztl/ROS_humble_LIO/build/autorccar_interfaces': CMAKE_PREFIX_PATH=${CMAKE_PREFIX_PATH}:/opt/ros/humble /usr/bin/cmake --install /home/ztl/ROS_humble_LIO/build/autorccar_interfaces
[2.868s] Level 1:colcon.colcon_core.environment:create_environment_scripts_only(autorccar_interfaces)
[2.871s] DEBUG:colcon.colcon_core.event_handler.log_command:Invoked command in '/home/ztl/ROS_humble_LIO/build/autorccar_interfaces' returned '0': CMAKE_PREFIX_PATH=${CMAKE_PREFIX_PATH}:/opt/ros/humble /usr/bin/cmake --install /home/ztl/ROS_humble_LIO/build/autorccar_interfaces
[2.881s] Level 1:colcon.colcon_core.environment:checking '/home/ztl/ROS_humble_LIO/install/autorccar_interfaces' for CMake module files
[2.883s] Level 1:colcon.colcon_core.environment:checking '/home/ztl/ROS_humble_LIO/install/autorccar_interfaces' for CMake config files
[2.884s] Level 1:colcon.colcon_core.shell:create_environment_hook('autorccar_interfaces', 'cmake_prefix_path')
[2.885s] INFO:colcon.colcon_core.shell:Creating environment hook '/home/ztl/ROS_humble_LIO/install/autorccar_interfaces/share/autorccar_interfaces/hook/cmake_prefix_path.ps1'
[2.887s] INFO:colcon.colcon_core.shell:Creating environment descriptor '/home/ztl/ROS_humble_LIO/install/autorccar_interfaces/share/autorccar_interfaces/hook/cmake_prefix_path.dsv'
[2.888s] INFO:colcon.colcon_core.shell:Creating environment hook '/home/ztl/ROS_humble_LIO/install/autorccar_interfaces/share/autorccar_interfaces/hook/cmake_prefix_path.sh'
[2.892s] Level 1:colcon.colcon_core.environment:checking '/home/ztl/ROS_humble_LIO/install/autorccar_interfaces/lib'
[2.892s] Level 1:colcon.colcon_core.shell:create_environment_hook('autorccar_interfaces', 'ld_library_path_lib')
[2.893s] INFO:colcon.colcon_core.shell:Creating environment hook '/home/ztl/ROS_humble_LIO/install/autorccar_interfaces/share/autorccar_interfaces/hook/ld_library_path_lib.ps1'
[2.894s] INFO:colcon.colcon_core.shell:Creating environment descriptor '/home/ztl/ROS_humble_LIO/install/autorccar_interfaces/share/autorccar_interfaces/hook/ld_library_path_lib.dsv'
[2.895s] INFO:colcon.colcon_core.shell:Creating environment hook '/home/ztl/ROS_humble_LIO/install/autorccar_interfaces/share/autorccar_interfaces/hook/ld_library_path_lib.sh'
[2.896s] Level 1:colcon.colcon_core.environment:checking '/home/ztl/ROS_humble_LIO/install/autorccar_interfaces/bin'
[2.896s] Level 1:colcon.colcon_core.environment:checking '/home/ztl/ROS_humble_LIO/install/autorccar_interfaces/lib/pkgconfig/autorccar_interfaces.pc'
[2.897s] Level 1:colcon.colcon_core.environment:checking '/home/ztl/ROS_humble_LIO/install/autorccar_interfaces/lib/python3.10/site-packages'
[2.898s] Level 1:colcon.colcon_core.environment:checking '/home/ztl/ROS_humble_LIO/install/autorccar_interfaces/bin'
[2.898s] INFO:colcon.colcon_core.shell:Creating package script '/home/ztl/ROS_humble_LIO/install/autorccar_interfaces/share/autorccar_interfaces/package.ps1'
[2.901s] INFO:colcon.colcon_core.shell:Creating package descriptor '/home/ztl/ROS_humble_LIO/install/autorccar_interfaces/share/autorccar_interfaces/package.dsv'
[2.902s] INFO:colcon.colcon_core.shell:Creating package script '/home/ztl/ROS_humble_LIO/install/autorccar_interfaces/share/autorccar_interfaces/package.sh'
[2.904s] INFO:colcon.colcon_core.shell:Creating package script '/home/ztl/ROS_humble_LIO/install/autorccar_interfaces/share/autorccar_interfaces/package.bash'
[2.906s] INFO:colcon.colcon_core.shell:Creating package script '/home/ztl/ROS_humble_LIO/install/autorccar_interfaces/share/autorccar_interfaces/package.zsh'
[2.908s] Level 1:colcon.colcon_core.environment:create_file_with_runtime_dependencies(/home/ztl/ROS_humble_LIO/install/autorccar_interfaces/share/colcon-core/packages/autorccar_interfaces)
[2.911s] Level 1:colcon.colcon_core.environment:create_environment_scripts_only(autorccar_interfaces)
[2.912s] Level 1:colcon.colcon_core.environment:checking '/home/ztl/ROS_humble_LIO/install/autorccar_interfaces' for CMake module files
[2.913s] Level 1:colcon.colcon_core.environment:checking '/home/ztl/ROS_humble_LIO/install/autorccar_interfaces' for CMake config files
[2.915s] Level 1:colcon.colcon_core.shell:create_environment_hook('autorccar_interfaces', 'cmake_prefix_path')
[2.915s] INFO:colcon.colcon_core.shell:Creating environment hook '/home/ztl/ROS_humble_LIO/install/autorccar_interfaces/share/autorccar_interfaces/hook/cmake_prefix_path.ps1'
[2.916s] INFO:colcon.colcon_core.shell:Creating environment descriptor '/home/ztl/ROS_humble_LIO/install/autorccar_interfaces/share/autorccar_interfaces/hook/cmake_prefix_path.dsv'
[2.917s] INFO:colcon.colcon_core.shell:Creating environment hook '/home/ztl/ROS_humble_LIO/install/autorccar_interfaces/share/autorccar_interfaces/hook/cmake_prefix_path.sh'
[2.919s] Level 1:colcon.colcon_core.environment:checking '/home/ztl/ROS_humble_LIO/install/autorccar_interfaces/lib'
[2.919s] Level 1:colcon.colcon_core.shell:create_environment_hook('autorccar_interfaces', 'ld_library_path_lib')
[2.919s] INFO:colcon.colcon_core.shell:Creating environment hook '/home/ztl/ROS_humble_LIO/install/autorccar_interfaces/share/autorccar_interfaces/hook/ld_library_path_lib.ps1'
[2.920s] INFO:colcon.colcon_core.shell:Creating environment descriptor '/home/ztl/ROS_humble_LIO/install/autorccar_interfaces/share/autorccar_interfaces/hook/ld_library_path_lib.dsv'
[2.921s] INFO:colcon.colcon_core.shell:Creating environment hook '/home/ztl/ROS_humble_LIO/install/autorccar_interfaces/share/autorccar_interfaces/hook/ld_library_path_lib.sh'
[2.922s] Level 1:colcon.colcon_core.environment:checking '/home/ztl/ROS_humble_LIO/install/autorccar_interfaces/bin'
[2.922s] Level 1:colcon.colcon_core.environment:checking '/home/ztl/ROS_humble_LIO/install/autorccar_interfaces/lib/pkgconfig/autorccar_interfaces.pc'
[2.923s] Level 1:colcon.colcon_core.environment:checking '/home/ztl/ROS_humble_LIO/install/autorccar_interfaces/lib/python3.10/site-packages'
[2.923s] Level 1:colcon.colcon_core.environment:checking '/home/ztl/ROS_humble_LIO/install/autorccar_interfaces/bin'
[2.924s] INFO:colcon.colcon_core.shell:Creating package script '/home/ztl/ROS_humble_LIO/install/autorccar_interfaces/share/autorccar_interfaces/package.ps1'
[2.926s] INFO:colcon.colcon_core.shell:Creating package descriptor '/home/ztl/ROS_humble_LIO/install/autorccar_interfaces/share/autorccar_interfaces/package.dsv'
[2.927s] INFO:colcon.colcon_core.shell:Creating package script '/home/ztl/ROS_humble_LIO/install/autorccar_interfaces/share/autorccar_interfaces/package.sh'
[2.928s] INFO:colcon.colcon_core.shell:Creating package script '/home/ztl/ROS_humble_LIO/install/autorccar_interfaces/share/autorccar_interfaces/package.bash'
[2.929s] INFO:colcon.colcon_core.shell:Creating package script '/home/ztl/ROS_humble_LIO/install/autorccar_interfaces/share/autorccar_interfaces/package.zsh'
[2.930s] Level 1:colcon.colcon_core.environment:create_file_with_runtime_dependencies(/home/ztl/ROS_humble_LIO/install/autorccar_interfaces/share/colcon-core/packages/autorccar_interfaces)
[2.931s] INFO:colcon.colcon_ros.task.ament_cmake.build:Building ROS package in '/home/ztl/ROS_humble_LIO/src/LiDAR_IMU_FUSION_ROS2' with build type 'ament_cmake'
[2.931s] INFO:colcon.colcon_cmake.task.cmake.build:Building CMake package in '/home/ztl/ROS_humble_LIO/src/LiDAR_IMU_FUSION_ROS2'
[2.932s] INFO:colcon.colcon_core.shell:Skip shell extension 'powershell' for command environment: Not usable outside of PowerShell
[2.932s] DEBUG:colcon.colcon_core.shell:Skip shell extension 'dsv' for command environment
[2.962s] DEBUG:colcon.colcon_core.event_handler.log_command:Invoking command in '/home/ztl/ROS_humble_LIO/build/lio_sam': AMENT_PREFIX_PATH=/home/ztl/ROS_humble_LIO/install/autorccar_interfaces:${AMENT_PREFIX_PATH} CMAKE_PREFIX_PATH=/home/ztl/ROS_humble_LIO/install/autorccar_interfaces:/home/ztl/pointcloud2pcd/install/pointcloud2_to_pcd:/home/ztl/lio-sam/src/LIO/LIO-SAM_MID360_ROS2_PKG/ros2/install/lio_sam:/home/ztl/lio-sam/src/LIO/LIO-SAM_MID360_ROS2_PKG/ros2/install/autorccar_interfaces:/home/ztl/project/install/livox_ros_driver2:/opt/ros/humble LD_LIBRARY_PATH=/home/ztl/ROS_humble_LIO/install/autorccar_interfaces/lib:${LD_LIBRARY_PATH} PYTHONPATH=/home/ztl/ROS_humble_LIO/install/autorccar_interfaces/local/lib/python3.10/dist-packages:${PYTHONPATH} /usr/bin/cmake --build /home/ztl/ROS_humble_LIO/build/lio_sam -- -j8 -l8
[98.728s] DEBUG:colcon.colcon_core.event_handler.log_command:Invoked command in '/home/ztl/ROS_humble_LIO/build/lio_sam' returned '2': AMENT_PREFIX_PATH=/home/ztl/ROS_humble_LIO/install/autorccar_interfaces:${AMENT_PREFIX_PATH} CMAKE_PREFIX_PATH=/home/ztl/ROS_humble_LIO/install/autorccar_interfaces:/home/ztl/pointcloud2pcd/install/pointcloud2_to_pcd:/home/ztl/lio-sam/src/LIO/LIO-SAM_MID360_ROS2_PKG/ros2/install/lio_sam:/home/ztl/lio-sam/src/LIO/LIO-SAM_MID360_ROS2_PKG/ros2/install/autorccar_interfaces:/home/ztl/project/install/livox_ros_driver2:/opt/ros/humble LD_LIBRARY_PATH=/home/ztl/ROS_humble_LIO/install/autorccar_interfaces/lib:${LD_LIBRARY_PATH} PYTHONPATH=/home/ztl/ROS_humble_LIO/install/autorccar_interfaces/local/lib/python3.10/dist-packages:${PYTHONPATH} /usr/bin/cmake --build /home/ztl/ROS_humble_LIO/build/lio_sam -- -j8 -l8
[98.729s] Level 1:colcon.colcon_core.environment:create_environment_scripts_only(lio_sam)
[98.730s] Level 1:colcon.colcon_core.environment:checking '/home/ztl/ROS_humble_LIO/install/lio_sam' for CMake module files
[98.730s] Level 1:colcon.colcon_core.environment:checking '/home/ztl/ROS_humble_LIO/install/lio_sam' for CMake config files
[98.731s] Level 1:colcon.colcon_core.environment:checking '/home/ztl/ROS_humble_LIO/install/lio_sam/bin'
[98.731s] Level 1:colcon.colcon_core.environment:checking '/home/ztl/ROS_humble_LIO/install/lio_sam/lib/pkgconfig/lio_sam.pc'
[98.732s] Level 1:colcon.colcon_core.environment:checking '/home/ztl/ROS_humble_LIO/install/lio_sam/lib/python3.10/site-packages'
[98.733s] Level 1:colcon.colcon_core.environment:checking '/home/ztl/ROS_humble_LIO/install/lio_sam/bin'
[98.733s] INFO:colcon.colcon_core.shell:Creating package script '/home/ztl/ROS_humble_LIO/install/lio_sam/share/lio_sam/package.ps1'
[98.734s] INFO:colcon.colcon_core.shell:Creating package descriptor '/home/ztl/ROS_humble_LIO/install/lio_sam/share/lio_sam/package.dsv'
[98.736s] INFO:colcon.colcon_core.shell:Creating package script '/home/ztl/ROS_humble_LIO/install/lio_sam/share/lio_sam/package.sh'
[98.737s] INFO:colcon.colcon_core.shell:Creating package script '/home/ztl/ROS_humble_LIO/install/lio_sam/share/lio_sam/package.bash'
[98.738s] INFO:colcon.colcon_core.shell:Creating package script '/home/ztl/ROS_humble_LIO/install/lio_sam/share/lio_sam/package.zsh'
[98.738s] Level 1:colcon.colcon_core.environment:create_file_with_runtime_dependencies(/home/ztl/ROS_humble_LIO/install/lio_sam/share/colcon-core/packages/lio_sam)
[98.749s] DEBUG:colcon.colcon_parallel_executor.executor.parallel:closing loop
[98.750s] DEBUG:colcon.colcon_parallel_executor.executor.parallel:loop closed
[98.750s] DEBUG:colcon.colcon_parallel_executor.executor.parallel:run_until_complete finished with '2'
[98.750s] DEBUG:colcon.colcon_core.event_reactor:joining thread
[98.761s] INFO:colcon.colcon_core.plugin_system:Skipping extension 'colcon_notification.desktop_notification.terminal_notifier': Not used on non-Darwin systems
[98.762s] INFO:colcon.colcon_core.plugin_system:Skipping extension 'colcon_notification.desktop_notification.win32': Not used on non-Windows systems
[98.762s] INFO:colcon.colcon_notification.desktop_notification:Sending desktop notification using 'notify2'
[98.806s] DEBUG:colcon.colcon_core.event_reactor:joined thread
[98.807s] INFO:colcon.colcon_core.shell:Creating prefix script '/home/ztl/ROS_humble_LIO/install/local_setup.ps1'
[98.810s] INFO:colcon.colcon_core.shell:Creating prefix util module '/home/ztl/ROS_humble_LIO/install/_local_setup_util_ps1.py'
[98.815s] INFO:colcon.colcon_core.shell:Creating prefix chain script '/home/ztl/ROS_humble_LIO/install/setup.ps1'
[98.818s] INFO:colcon.colcon_core.shell:Creating prefix script '/home/ztl/ROS_humble_LIO/install/local_setup.sh'
[98.820s] INFO:colcon.colcon_core.shell:Creating prefix util module '/home/ztl/ROS_humble_LIO/install/_local_setup_util_sh.py'
[98.822s] INFO:colcon.colcon_core.shell:Creating prefix chain script '/home/ztl/ROS_humble_LIO/install/setup.sh'
[98.825s] INFO:colcon.colcon_core.shell:Creating prefix script '/home/ztl/ROS_humble_LIO/install/local_setup.bash'
[98.827s] INFO:colcon.colcon_core.shell:Creating prefix chain script '/home/ztl/ROS_humble_LIO/install/setup.bash'
[98.830s] INFO:colcon.colcon_core.shell:Creating prefix script '/home/ztl/ROS_humble_LIO/install/local_setup.zsh'
[98.832s] INFO:colcon.colcon_core.shell:Creating prefix chain script '/home/ztl/ROS_humble_LIO/install/setup.zsh'
