[  0%] Built target ament_cmake_python_copy_lio_sam
[  8%] Built target lio_sam__rosidl_generator_c
[ 10%] Built target lio_sam__cpp
[ 19%] Built target lio_sam__rosidl_typesupport_introspection_c
[ 27%] Built target lio_sam__rosidl_typesupport_fastrtps_c
[ 36%] Built target lio_sam__rosidl_typesupport_fastrtps_cpp
[ 44%] Built target lio_sam__rosidl_typesupport_c
[ 53%] Built target lio_sam__rosidl_typesupport_cpp
[ 61%] Built target lio_sam__rosidl_typesupport_introspection_cpp
[35m[1mConsolidate compiler generated dependencies of target lio_sam_mapOptimization[0m
[ 65%] Built target lio_sam_featureExtraction
[ 65%] Built target lio_sam
[ 70%] Built target lio_sam_imuPreintegration
[ 72%] [32mBuilding CXX object CMakeFiles/lio_sam_mapOptimization.dir/src/mapOptmization.cpp.o[0m
[ 74%] Built target lio_sam__py
[ 78%] Built target lio_sam_imageProjection
[ 85%] Built target lio_sam__rosidl_generator_py
[ 89%] Built target lio_sam__rosidl_typesupport_introspection_c__pyext
[ 93%] Built target lio_sam__rosidl_typesupport_fastrtps_c__pyext
[ 97%] Built target lio_sam__rosidl_typesupport_c__pyext
running egg_info
writing lio_sam.egg-info/PKG-INFO
writing dependency_links to lio_sam.egg-info/dependency_links.txt
writing top-level names to lio_sam.egg-info/top_level.txt
reading manifest file 'lio_sam.egg-info/SOURCES.txt'
writing manifest file 'lio_sam.egg-info/SOURCES.txt'
[ 97%] Built target ament_cmake_python_build_lio_sam_egg
[100%] [32m[1mLinking CXX executable lio_sam_mapOptimization[0m
[100%] Built target lio_sam_mapOptimization
-- Install configuration: "Release"
-- Installing: /home/ztl/ROS_humble_LIO/install/lio_sam/share/ament_index/resource_index/rosidl_interfaces/lio_sam
-- Installing: /home/ztl/ROS_humble_LIO/install/lio_sam/include/lio_sam/lio_sam
-- Installing: /home/ztl/ROS_humble_LIO/install/lio_sam/include/lio_sam/lio_sam/srv
-- Installing: /home/ztl/ROS_humble_LIO/install/lio_sam/include/lio_sam/lio_sam/srv/detail
-- Installing: /home/ztl/ROS_humble_LIO/install/lio_sam/include/lio_sam/lio_sam/srv/detail/save_map__functions.h
-- Installing: /home/ztl/ROS_humble_LIO/install/lio_sam/include/lio_sam/lio_sam/srv/detail/save_map__struct.h
-- Installing: /home/ztl/ROS_humble_LIO/install/lio_sam/include/lio_sam/lio_sam/srv/detail/save_map__type_support.h
-- Installing: /home/ztl/ROS_humble_LIO/install/lio_sam/include/lio_sam/lio_sam/srv/detail/save_map__functions.c
-- Installing: /home/ztl/ROS_humble_LIO/install/lio_sam/include/lio_sam/lio_sam/srv/save_map.h
-- Installing: /home/ztl/ROS_humble_LIO/install/lio_sam/include/lio_sam/lio_sam/msg
-- Installing: /home/ztl/ROS_humble_LIO/install/lio_sam/include/lio_sam/lio_sam/msg/detail
-- Installing: /home/ztl/ROS_humble_LIO/install/lio_sam/include/lio_sam/lio_sam/msg/detail/cloud_info__functions.c
-- Installing: /home/ztl/ROS_humble_LIO/install/lio_sam/include/lio_sam/lio_sam/msg/detail/cloud_info__struct.h
-- Installing: /home/ztl/ROS_humble_LIO/install/lio_sam/include/lio_sam/lio_sam/msg/detail/cloud_info__type_support.h
-- Installing: /home/ztl/ROS_humble_LIO/install/lio_sam/include/lio_sam/lio_sam/msg/detail/cloud_info__functions.h
-- Installing: /home/ztl/ROS_humble_LIO/install/lio_sam/include/lio_sam/lio_sam/msg/cloud_info.h
-- Installing: /home/ztl/ROS_humble_LIO/install/lio_sam/include/lio_sam/lio_sam/msg/rosidl_generator_c__visibility_control.h
-- Installing: /home/ztl/ROS_humble_LIO/install/lio_sam/share/lio_sam/environment/library_path.sh
-- Installing: /home/ztl/ROS_humble_LIO/install/lio_sam/share/lio_sam/environment/library_path.dsv
-- Installing: /home/ztl/ROS_humble_LIO/install/lio_sam/lib/liblio_sam__rosidl_generator_c.so
-- Set runtime path of "/home/ztl/ROS_humble_LIO/install/lio_sam/lib/liblio_sam__rosidl_generator_c.so" to ""
-- Up-to-date: /home/ztl/ROS_humble_LIO/install/lio_sam/include/lio_sam/lio_sam
-- Up-to-date: /home/ztl/ROS_humble_LIO/install/lio_sam/include/lio_sam/lio_sam/srv
-- Up-to-date: /home/ztl/ROS_humble_LIO/install/lio_sam/include/lio_sam/lio_sam/srv/detail
-- Installing: /home/ztl/ROS_humble_LIO/install/lio_sam/include/lio_sam/lio_sam/srv/detail/save_map__rosidl_typesupport_fastrtps_c.h
-- Up-to-date: /home/ztl/ROS_humble_LIO/install/lio_sam/include/lio_sam/lio_sam/msg
-- Up-to-date: /home/ztl/ROS_humble_LIO/install/lio_sam/include/lio_sam/lio_sam/msg/detail
-- Installing: /home/ztl/ROS_humble_LIO/install/lio_sam/include/lio_sam/lio_sam/msg/detail/cloud_info__rosidl_typesupport_fastrtps_c.h
-- Installing: /home/ztl/ROS_humble_LIO/install/lio_sam/include/lio_sam/lio_sam/msg/rosidl_typesupport_fastrtps_c__visibility_control.h
-- Installing: /home/ztl/ROS_humble_LIO/install/lio_sam/lib/liblio_sam__rosidl_typesupport_fastrtps_c.so
-- Set runtime path of "/home/ztl/ROS_humble_LIO/install/lio_sam/lib/liblio_sam__rosidl_typesupport_fastrtps_c.so" to ""
-- Up-to-date: /home/ztl/ROS_humble_LIO/install/lio_sam/include/lio_sam/lio_sam
-- Up-to-date: /home/ztl/ROS_humble_LIO/install/lio_sam/include/lio_sam/lio_sam/srv
-- Up-to-date: /home/ztl/ROS_humble_LIO/install/lio_sam/include/lio_sam/lio_sam/srv/detail
-- Installing: /home/ztl/ROS_humble_LIO/install/lio_sam/include/lio_sam/lio_sam/srv/detail/save_map__type_support.c
-- Installing: /home/ztl/ROS_humble_LIO/install/lio_sam/include/lio_sam/lio_sam/srv/detail/save_map__rosidl_typesupport_introspection_c.h
-- Up-to-date: /home/ztl/ROS_humble_LIO/install/lio_sam/include/lio_sam/lio_sam/msg
-- Up-to-date: /home/ztl/ROS_humble_LIO/install/lio_sam/include/lio_sam/lio_sam/msg/detail
-- Installing: /home/ztl/ROS_humble_LIO/install/lio_sam/include/lio_sam/lio_sam/msg/detail/cloud_info__rosidl_typesupport_introspection_c.h
-- Installing: /home/ztl/ROS_humble_LIO/install/lio_sam/include/lio_sam/lio_sam/msg/detail/cloud_info__type_support.c
-- Installing: /home/ztl/ROS_humble_LIO/install/lio_sam/include/lio_sam/lio_sam/msg/rosidl_typesupport_introspection_c__visibility_control.h
-- Installing: /home/ztl/ROS_humble_LIO/install/lio_sam/lib/liblio_sam__rosidl_typesupport_introspection_c.so
-- Set runtime path of "/home/ztl/ROS_humble_LIO/install/lio_sam/lib/liblio_sam__rosidl_typesupport_introspection_c.so" to ""
-- Installing: /home/ztl/ROS_humble_LIO/install/lio_sam/lib/liblio_sam__rosidl_typesupport_c.so
-- Set runtime path of "/home/ztl/ROS_humble_LIO/install/lio_sam/lib/liblio_sam__rosidl_typesupport_c.so" to ""
-- Up-to-date: /home/ztl/ROS_humble_LIO/install/lio_sam/include/lio_sam/lio_sam
-- Up-to-date: /home/ztl/ROS_humble_LIO/install/lio_sam/include/lio_sam/lio_sam/srv
-- Up-to-date: /home/ztl/ROS_humble_LIO/install/lio_sam/include/lio_sam/lio_sam/srv/detail
-- Installing: /home/ztl/ROS_humble_LIO/install/lio_sam/include/lio_sam/lio_sam/srv/detail/save_map__builder.hpp
-- Installing: /home/ztl/ROS_humble_LIO/install/lio_sam/include/lio_sam/lio_sam/srv/detail/save_map__traits.hpp
-- Installing: /home/ztl/ROS_humble_LIO/install/lio_sam/include/lio_sam/lio_sam/srv/detail/save_map__struct.hpp
-- Installing: /home/ztl/ROS_humble_LIO/install/lio_sam/include/lio_sam/lio_sam/srv/detail/save_map__type_support.hpp
-- Installing: /home/ztl/ROS_humble_LIO/install/lio_sam/include/lio_sam/lio_sam/srv/save_map.hpp
-- Up-to-date: /home/ztl/ROS_humble_LIO/install/lio_sam/include/lio_sam/lio_sam/msg
-- Up-to-date: /home/ztl/ROS_humble_LIO/install/lio_sam/include/lio_sam/lio_sam/msg/detail
-- Installing: /home/ztl/ROS_humble_LIO/install/lio_sam/include/lio_sam/lio_sam/msg/detail/cloud_info__traits.hpp
-- Installing: /home/ztl/ROS_humble_LIO/install/lio_sam/include/lio_sam/lio_sam/msg/detail/cloud_info__type_support.hpp
-- Installing: /home/ztl/ROS_humble_LIO/install/lio_sam/include/lio_sam/lio_sam/msg/detail/cloud_info__builder.hpp
-- Installing: /home/ztl/ROS_humble_LIO/install/lio_sam/include/lio_sam/lio_sam/msg/detail/cloud_info__struct.hpp
-- Installing: /home/ztl/ROS_humble_LIO/install/lio_sam/include/lio_sam/lio_sam/msg/rosidl_generator_cpp__visibility_control.hpp
-- Installing: /home/ztl/ROS_humble_LIO/install/lio_sam/include/lio_sam/lio_sam/msg/cloud_info.hpp
-- Up-to-date: /home/ztl/ROS_humble_LIO/install/lio_sam/include/lio_sam/lio_sam
-- Up-to-date: /home/ztl/ROS_humble_LIO/install/lio_sam/include/lio_sam/lio_sam/srv
-- Up-to-date: /home/ztl/ROS_humble_LIO/install/lio_sam/include/lio_sam/lio_sam/srv/detail
-- Installing: /home/ztl/ROS_humble_LIO/install/lio_sam/include/lio_sam/lio_sam/srv/detail/dds_fastrtps
-- Installing: /home/ztl/ROS_humble_LIO/install/lio_sam/include/lio_sam/lio_sam/srv/detail/save_map__rosidl_typesupport_fastrtps_cpp.hpp
-- Up-to-date: /home/ztl/ROS_humble_LIO/install/lio_sam/include/lio_sam/lio_sam/msg
-- Up-to-date: /home/ztl/ROS_humble_LIO/install/lio_sam/include/lio_sam/lio_sam/msg/detail
-- Installing: /home/ztl/ROS_humble_LIO/install/lio_sam/include/lio_sam/lio_sam/msg/detail/dds_fastrtps
-- Installing: /home/ztl/ROS_humble_LIO/install/lio_sam/include/lio_sam/lio_sam/msg/detail/cloud_info__rosidl_typesupport_fastrtps_cpp.hpp
-- Installing: /home/ztl/ROS_humble_LIO/install/lio_sam/include/lio_sam/lio_sam/msg/rosidl_typesupport_fastrtps_cpp__visibility_control.h
-- Installing: /home/ztl/ROS_humble_LIO/install/lio_sam/lib/liblio_sam__rosidl_typesupport_fastrtps_cpp.so
-- Set runtime path of "/home/ztl/ROS_humble_LIO/install/lio_sam/lib/liblio_sam__rosidl_typesupport_fastrtps_cpp.so" to ""
-- Up-to-date: /home/ztl/ROS_humble_LIO/install/lio_sam/include/lio_sam/lio_sam
-- Up-to-date: /home/ztl/ROS_humble_LIO/install/lio_sam/include/lio_sam/lio_sam/srv
-- Up-to-date: /home/ztl/ROS_humble_LIO/install/lio_sam/include/lio_sam/lio_sam/srv/detail
-- Installing: /home/ztl/ROS_humble_LIO/install/lio_sam/include/lio_sam/lio_sam/srv/detail/save_map__type_support.cpp
-- Installing: /home/ztl/ROS_humble_LIO/install/lio_sam/include/lio_sam/lio_sam/srv/detail/save_map__rosidl_typesupport_introspection_cpp.hpp
-- Up-to-date: /home/ztl/ROS_humble_LIO/install/lio_sam/include/lio_sam/lio_sam/msg
-- Up-to-date: /home/ztl/ROS_humble_LIO/install/lio_sam/include/lio_sam/lio_sam/msg/detail
-- Installing: /home/ztl/ROS_humble_LIO/install/lio_sam/include/lio_sam/lio_sam/msg/detail/cloud_info__type_support.cpp
-- Installing: /home/ztl/ROS_humble_LIO/install/lio_sam/include/lio_sam/lio_sam/msg/detail/cloud_info__rosidl_typesupport_introspection_cpp.hpp
-- Installing: /home/ztl/ROS_humble_LIO/install/lio_sam/lib/liblio_sam__rosidl_typesupport_introspection_cpp.so
-- Set runtime path of "/home/ztl/ROS_humble_LIO/install/lio_sam/lib/liblio_sam__rosidl_typesupport_introspection_cpp.so" to ""
-- Installing: /home/ztl/ROS_humble_LIO/install/lio_sam/lib/liblio_sam__rosidl_typesupport_cpp.so
-- Set runtime path of "/home/ztl/ROS_humble_LIO/install/lio_sam/lib/liblio_sam__rosidl_typesupport_cpp.so" to ""
-- Installing: /home/ztl/ROS_humble_LIO/install/lio_sam/share/lio_sam/environment/pythonpath.sh
-- Installing: /home/ztl/ROS_humble_LIO/install/lio_sam/share/lio_sam/environment/pythonpath.dsv
-- Installing: /home/ztl/ROS_humble_LIO/install/lio_sam/local/lib/python3.10/dist-packages/lio_sam-1.0.0-py3.10.egg-info
-- Installing: /home/ztl/ROS_humble_LIO/install/lio_sam/local/lib/python3.10/dist-packages/lio_sam-1.0.0-py3.10.egg-info/top_level.txt
-- Installing: /home/ztl/ROS_humble_LIO/install/lio_sam/local/lib/python3.10/dist-packages/lio_sam-1.0.0-py3.10.egg-info/PKG-INFO
-- Installing: /home/ztl/ROS_humble_LIO/install/lio_sam/local/lib/python3.10/dist-packages/lio_sam-1.0.0-py3.10.egg-info/SOURCES.txt
-- Installing: /home/ztl/ROS_humble_LIO/install/lio_sam/local/lib/python3.10/dist-packages/lio_sam-1.0.0-py3.10.egg-info/dependency_links.txt
-- Installing: /home/ztl/ROS_humble_LIO/install/lio_sam/local/lib/python3.10/dist-packages/lio_sam
-- Installing: /home/ztl/ROS_humble_LIO/install/lio_sam/local/lib/python3.10/dist-packages/lio_sam/_lio_sam_s.ep.rosidl_typesupport_c.c
-- Installing: /home/ztl/ROS_humble_LIO/install/lio_sam/local/lib/python3.10/dist-packages/lio_sam/_lio_sam_s.ep.rosidl_typesupport_introspection_c.c
-- Installing: /home/ztl/ROS_humble_LIO/install/lio_sam/local/lib/python3.10/dist-packages/lio_sam/__init__.py
-- Installing: /home/ztl/ROS_humble_LIO/install/lio_sam/local/lib/python3.10/dist-packages/lio_sam/srv
-- Installing: /home/ztl/ROS_humble_LIO/install/lio_sam/local/lib/python3.10/dist-packages/lio_sam/srv/__init__.py
-- Installing: /home/ztl/ROS_humble_LIO/install/lio_sam/local/lib/python3.10/dist-packages/lio_sam/srv/_save_map.py
-- Installing: /home/ztl/ROS_humble_LIO/install/lio_sam/local/lib/python3.10/dist-packages/lio_sam/srv/_save_map_s.c
-- Installing: /home/ztl/ROS_humble_LIO/install/lio_sam/local/lib/python3.10/dist-packages/lio_sam/_lio_sam_s.ep.rosidl_typesupport_fastrtps_c.c
-- Installing: /home/ztl/ROS_humble_LIO/install/lio_sam/local/lib/python3.10/dist-packages/lio_sam/msg
-- Installing: /home/ztl/ROS_humble_LIO/install/lio_sam/local/lib/python3.10/dist-packages/lio_sam/msg/__init__.py
-- Installing: /home/ztl/ROS_humble_LIO/install/lio_sam/local/lib/python3.10/dist-packages/lio_sam/msg/_cloud_info_s.c
-- Installing: /home/ztl/ROS_humble_LIO/install/lio_sam/local/lib/python3.10/dist-packages/lio_sam/msg/_cloud_info.py
-- Installing: /home/ztl/ROS_humble_LIO/install/lio_sam/local/lib/python3.10/dist-packages/lio_sam/lio_sam_s__rosidl_typesupport_c.cpython-310-aarch64-linux-gnu.so
-- Installing: /home/ztl/ROS_humble_LIO/install/lio_sam/local/lib/python3.10/dist-packages/lio_sam/lio_sam_s__rosidl_typesupport_fastrtps_c.cpython-310-aarch64-linux-gnu.so
-- Installing: /home/ztl/ROS_humble_LIO/install/lio_sam/local/lib/python3.10/dist-packages/lio_sam/lio_sam_s__rosidl_typesupport_introspection_c.cpython-310-aarch64-linux-gnu.so
-- Installing: /home/ztl/ROS_humble_LIO/install/lio_sam/local/lib/python3.10/dist-packages/lio_sam/liblio_sam__rosidl_generator_py.so
Listing '/home/ztl/ROS_humble_LIO/install/lio_sam/local/lib/python3.10/dist-packages/lio_sam'...
Compiling '/home/ztl/ROS_humble_LIO/install/lio_sam/local/lib/python3.10/dist-packages/lio_sam/__init__.py'...
Listing '/home/ztl/ROS_humble_LIO/install/lio_sam/local/lib/python3.10/dist-packages/lio_sam/msg'...
Compiling '/home/ztl/ROS_humble_LIO/install/lio_sam/local/lib/python3.10/dist-packages/lio_sam/msg/__init__.py'...
Compiling '/home/ztl/ROS_humble_LIO/install/lio_sam/local/lib/python3.10/dist-packages/lio_sam/msg/_cloud_info.py'...
Listing '/home/ztl/ROS_humble_LIO/install/lio_sam/local/lib/python3.10/dist-packages/lio_sam/srv'...
Compiling '/home/ztl/ROS_humble_LIO/install/lio_sam/local/lib/python3.10/dist-packages/lio_sam/srv/__init__.py'...
Compiling '/home/ztl/ROS_humble_LIO/install/lio_sam/local/lib/python3.10/dist-packages/lio_sam/srv/_save_map.py'...
-- Installing: /home/ztl/ROS_humble_LIO/install/lio_sam/local/lib/python3.10/dist-packages/lio_sam/lio_sam_s__rosidl_typesupport_fastrtps_c.cpython-310-aarch64-linux-gnu.so
-- Set runtime path of "/home/ztl/ROS_humble_LIO/install/lio_sam/local/lib/python3.10/dist-packages/lio_sam/lio_sam_s__rosidl_typesupport_fastrtps_c.cpython-310-aarch64-linux-gnu.so" to ""
-- Installing: /home/ztl/ROS_humble_LIO/install/lio_sam/local/lib/python3.10/dist-packages/lio_sam/lio_sam_s__rosidl_typesupport_introspection_c.cpython-310-aarch64-linux-gnu.so
-- Set runtime path of "/home/ztl/ROS_humble_LIO/install/lio_sam/local/lib/python3.10/dist-packages/lio_sam/lio_sam_s__rosidl_typesupport_introspection_c.cpython-310-aarch64-linux-gnu.so" to ""
-- Installing: /home/ztl/ROS_humble_LIO/install/lio_sam/local/lib/python3.10/dist-packages/lio_sam/lio_sam_s__rosidl_typesupport_c.cpython-310-aarch64-linux-gnu.so
-- Set runtime path of "/home/ztl/ROS_humble_LIO/install/lio_sam/local/lib/python3.10/dist-packages/lio_sam/lio_sam_s__rosidl_typesupport_c.cpython-310-aarch64-linux-gnu.so" to ""
-- Installing: /home/ztl/ROS_humble_LIO/install/lio_sam/lib/liblio_sam__rosidl_generator_py.so
-- Set runtime path of "/home/ztl/ROS_humble_LIO/install/lio_sam/lib/liblio_sam__rosidl_generator_py.so" to ""
-- Installing: /home/ztl/ROS_humble_LIO/install/lio_sam/share/lio_sam/msg/CloudInfo.idl
-- Installing: /home/ztl/ROS_humble_LIO/install/lio_sam/share/lio_sam/srv/SaveMap.idl
-- Installing: /home/ztl/ROS_humble_LIO/install/lio_sam/share/lio_sam/msg/CloudInfo.msg
-- Installing: /home/ztl/ROS_humble_LIO/install/lio_sam/share/lio_sam/srv/SaveMap.srv
-- Installing: /home/ztl/ROS_humble_LIO/install/lio_sam/share/lio_sam/srv/SaveMap_Request.msg
-- Installing: /home/ztl/ROS_humble_LIO/install/lio_sam/share/lio_sam/srv/SaveMap_Response.msg
-- Installing: /home/ztl/ROS_humble_LIO/install/lio_sam/share/lio_sam//launch
-- Installing: /home/ztl/ROS_humble_LIO/install/lio_sam/share/lio_sam//launch/run.launch.py
-- Installing: /home/ztl/ROS_humble_LIO/install/lio_sam/share/lio_sam//config
-- Installing: /home/ztl/ROS_humble_LIO/install/lio_sam/share/lio_sam//config/robot.urdf.xacro
-- Installing: /home/ztl/ROS_humble_LIO/install/lio_sam/share/lio_sam//config/rviz2.rviz
-- Installing: /home/ztl/ROS_humble_LIO/install/lio_sam/share/lio_sam//config/params.yaml
-- Installing: /home/ztl/ROS_humble_LIO/install/lio_sam/lib/lio_sam/lio_sam_imageProjection
-- Set runtime path of "/home/ztl/ROS_humble_LIO/install/lio_sam/lib/lio_sam/lio_sam_imageProjection" to ""
-- Installing: /home/ztl/ROS_humble_LIO/install/lio_sam/lib/lio_sam/lio_sam_imuPreintegration
-- Set runtime path of "/home/ztl/ROS_humble_LIO/install/lio_sam/lib/lio_sam/lio_sam_imuPreintegration" to ""
-- Installing: /home/ztl/ROS_humble_LIO/install/lio_sam/lib/lio_sam/lio_sam_featureExtraction
-- Set runtime path of "/home/ztl/ROS_humble_LIO/install/lio_sam/lib/lio_sam/lio_sam_featureExtraction" to ""
-- Installing: /home/ztl/ROS_humble_LIO/install/lio_sam/lib/lio_sam/lio_sam_mapOptimization
-- Set runtime path of "/home/ztl/ROS_humble_LIO/install/lio_sam/lib/lio_sam/lio_sam_mapOptimization" to ""
-- Up-to-date: /home/ztl/ROS_humble_LIO/install/lio_sam/include
-- Up-to-date: /home/ztl/ROS_humble_LIO/install/lio_sam/include/lio_sam
-- Installing: /home/ztl/ROS_humble_LIO/install/lio_sam/include/lio_sam/utility.hpp
-- Installing: /home/ztl/ROS_humble_LIO/install/lio_sam/share/ament_index/resource_index/package_run_dependencies/lio_sam
-- Installing: /home/ztl/ROS_humble_LIO/install/lio_sam/share/ament_index/resource_index/parent_prefix_path/lio_sam
-- Installing: /home/ztl/ROS_humble_LIO/install/lio_sam/share/lio_sam/environment/ament_prefix_path.sh
-- Installing: /home/ztl/ROS_humble_LIO/install/lio_sam/share/lio_sam/environment/ament_prefix_path.dsv
-- Installing: /home/ztl/ROS_humble_LIO/install/lio_sam/share/lio_sam/environment/path.sh
-- Installing: /home/ztl/ROS_humble_LIO/install/lio_sam/share/lio_sam/environment/path.dsv
-- Installing: /home/ztl/ROS_humble_LIO/install/lio_sam/share/lio_sam/local_setup.bash
-- Installing: /home/ztl/ROS_humble_LIO/install/lio_sam/share/lio_sam/local_setup.sh
-- Installing: /home/ztl/ROS_humble_LIO/install/lio_sam/share/lio_sam/local_setup.zsh
-- Installing: /home/ztl/ROS_humble_LIO/install/lio_sam/share/lio_sam/local_setup.dsv
-- Installing: /home/ztl/ROS_humble_LIO/install/lio_sam/share/lio_sam/package.dsv
-- Installing: /home/ztl/ROS_humble_LIO/install/lio_sam/share/ament_index/resource_index/packages/lio_sam
-- Installing: /home/ztl/ROS_humble_LIO/install/lio_sam/share/lio_sam/cmake/export_lio_sam__rosidl_generator_cExport.cmake
-- Installing: /home/ztl/ROS_humble_LIO/install/lio_sam/share/lio_sam/cmake/export_lio_sam__rosidl_generator_cExport-release.cmake
-- Installing: /home/ztl/ROS_humble_LIO/install/lio_sam/share/lio_sam/cmake/export_lio_sam__rosidl_typesupport_fastrtps_cExport.cmake
-- Installing: /home/ztl/ROS_humble_LIO/install/lio_sam/share/lio_sam/cmake/export_lio_sam__rosidl_typesupport_fastrtps_cExport-release.cmake
-- Installing: /home/ztl/ROS_humble_LIO/install/lio_sam/share/lio_sam/cmake/lio_sam__rosidl_typesupport_introspection_cExport.cmake
-- Installing: /home/ztl/ROS_humble_LIO/install/lio_sam/share/lio_sam/cmake/lio_sam__rosidl_typesupport_introspection_cExport-release.cmake
-- Installing: /home/ztl/ROS_humble_LIO/install/lio_sam/share/lio_sam/cmake/lio_sam__rosidl_typesupport_cExport.cmake
-- Installing: /home/ztl/ROS_humble_LIO/install/lio_sam/share/lio_sam/cmake/lio_sam__rosidl_typesupport_cExport-release.cmake
-- Installing: /home/ztl/ROS_humble_LIO/install/lio_sam/share/lio_sam/cmake/export_lio_sam__rosidl_generator_cppExport.cmake
-- Installing: /home/ztl/ROS_humble_LIO/install/lio_sam/share/lio_sam/cmake/export_lio_sam__rosidl_typesupport_fastrtps_cppExport.cmake
-- Installing: /home/ztl/ROS_humble_LIO/install/lio_sam/share/lio_sam/cmake/export_lio_sam__rosidl_typesupport_fastrtps_cppExport-release.cmake
-- Installing: /home/ztl/ROS_humble_LIO/install/lio_sam/share/lio_sam/cmake/lio_sam__rosidl_typesupport_introspection_cppExport.cmake
-- Installing: /home/ztl/ROS_humble_LIO/install/lio_sam/share/lio_sam/cmake/lio_sam__rosidl_typesupport_introspection_cppExport-release.cmake
-- Installing: /home/ztl/ROS_humble_LIO/install/lio_sam/share/lio_sam/cmake/lio_sam__rosidl_typesupport_cppExport.cmake
-- Installing: /home/ztl/ROS_humble_LIO/install/lio_sam/share/lio_sam/cmake/lio_sam__rosidl_typesupport_cppExport-release.cmake
-- Installing: /home/ztl/ROS_humble_LIO/install/lio_sam/share/lio_sam/cmake/export_lio_sam__rosidl_generator_pyExport.cmake
-- Installing: /home/ztl/ROS_humble_LIO/install/lio_sam/share/lio_sam/cmake/export_lio_sam__rosidl_generator_pyExport-release.cmake
-- Installing: /home/ztl/ROS_humble_LIO/install/lio_sam/share/lio_sam/cmake/rosidl_cmake-extras.cmake
-- Installing: /home/ztl/ROS_humble_LIO/install/lio_sam/share/lio_sam/cmake/ament_cmake_export_dependencies-extras.cmake
-- Installing: /home/ztl/ROS_humble_LIO/install/lio_sam/share/lio_sam/cmake/ament_cmake_export_include_directories-extras.cmake
-- Installing: /home/ztl/ROS_humble_LIO/install/lio_sam/share/lio_sam/cmake/ament_cmake_export_libraries-extras.cmake
-- Installing: /home/ztl/ROS_humble_LIO/install/lio_sam/share/lio_sam/cmake/ament_cmake_export_targets-extras.cmake
-- Installing: /home/ztl/ROS_humble_LIO/install/lio_sam/share/lio_sam/cmake/rosidl_cmake_export_typesupport_targets-extras.cmake
-- Installing: /home/ztl/ROS_humble_LIO/install/lio_sam/share/lio_sam/cmake/rosidl_cmake_export_typesupport_libraries-extras.cmake
-- Installing: /home/ztl/ROS_humble_LIO/install/lio_sam/share/lio_sam/cmake/lio_samConfig.cmake
-- Installing: /home/ztl/ROS_humble_LIO/install/lio_sam/share/lio_sam/cmake/lio_samConfig-version.cmake
-- Installing: /home/ztl/ROS_humble_LIO/install/lio_sam/share/lio_sam/package.xml
