[0.030s] Invoking command in '/home/ztl/ROS_humble_LIO/build/lio_sam': AMENT_PREFIX_PATH=/home/ztl/ROS_humble_LIO/install/autorccar_interfaces:${AMENT_PREFIX_PATH} CMAKE_PREFIX_PATH=/home/ztl/ROS_humble_LIO/install/autorccar_interfaces:/home/ztl/pointcloud2pcd/install/pointcloud2_to_pcd:/home/ztl/lio-sam/src/LIO/LIO-SAM_MID360_ROS2_PKG/ros2/install/lio_sam:/home/ztl/lio-sam/src/LIO/LIO-SAM_MID360_ROS2_PKG/ros2/install/autorccar_interfaces:/home/ztl/project/install/livox_ros_driver2:/opt/ros/humble LD_LIBRARY_PATH=/home/ztl/ROS_humble_LIO/install/autorccar_interfaces/lib:${LD_LIBRARY_PATH} PYTHONPATH=/home/ztl/ROS_humble_LIO/install/autorccar_interfaces/local/lib/python3.10/dist-packages:${PYTHONPATH} /usr/bin/cmake --build /home/ztl/ROS_humble_LIO/build/lio_sam -- -j8 -l8
[0.219s] [  0%] Built target ament_cmake_python_copy_lio_sam
[0.229s] [  8%] Built target lio_sam__rosidl_generator_c
[0.248s] [ 10%] Built target lio_sam__cpp
[0.304s] [ 19%] Built target lio_sam__rosidl_typesupport_introspection_c
[0.319s] [ 27%] Built target lio_sam__rosidl_typesupport_fastrtps_c
[0.324s] [ 36%] Built target lio_sam__rosidl_typesupport_fastrtps_cpp
[0.324s] [ 44%] Built target lio_sam__rosidl_typesupport_c
[0.341s] [ 53%] Built target lio_sam__rosidl_typesupport_cpp
[0.379s] [ 61%] Built target lio_sam__rosidl_typesupport_introspection_cpp
[0.432s] [35m[1mConsolidate compiler generated dependencies of target lio_sam_mapOptimization[0m
[0.490s] [ 65%] Built target lio_sam_featureExtraction
[0.501s] [ 65%] Built target lio_sam
[0.514s] [ 70%] Built target lio_sam_imuPreintegration
[0.558s] [ 72%] [32mBuilding CXX object CMakeFiles/lio_sam_mapOptimization.dir/src/mapOptmization.cpp.o[0m
[0.575s] [ 74%] Built target lio_sam__py
[0.578s] [ 78%] Built target lio_sam_imageProjection
[0.632s] [ 85%] Built target lio_sam__rosidl_generator_py
[0.693s] [ 89%] Built target lio_sam__rosidl_typesupport_introspection_c__pyext
[0.711s] [ 93%] Built target lio_sam__rosidl_typesupport_fastrtps_c__pyext
[0.732s] [ 97%] Built target lio_sam__rosidl_typesupport_c__pyext
[0.851s] running egg_info
[0.853s] writing lio_sam.egg-info/PKG-INFO
[0.855s] writing dependency_links to lio_sam.egg-info/dependency_links.txt
[0.855s] writing top-level names to lio_sam.egg-info/top_level.txt
[0.861s] reading manifest file 'lio_sam.egg-info/SOURCES.txt'
[0.862s] writing manifest file 'lio_sam.egg-info/SOURCES.txt'
[0.964s] [ 97%] Built target ament_cmake_python_build_lio_sam_egg
[178.965s] [100%] [32m[1mLinking CXX executable lio_sam_mapOptimization[0m
[180.751s] /usr/bin/ld: warning: libtbb.so.2, needed by /usr/lib/aarch64-linux-gnu/libopencv_core.so.4.5.4d, may conflict with libtbb.so.12
[181.505s] [100%] Built target lio_sam_mapOptimization
[181.552s] Invoked command in '/home/ztl/ROS_humble_LIO/build/lio_sam' returned '0': AMENT_PREFIX_PATH=/home/ztl/ROS_humble_LIO/install/autorccar_interfaces:${AMENT_PREFIX_PATH} CMAKE_PREFIX_PATH=/home/ztl/ROS_humble_LIO/install/autorccar_interfaces:/home/ztl/pointcloud2pcd/install/pointcloud2_to_pcd:/home/ztl/lio-sam/src/LIO/LIO-SAM_MID360_ROS2_PKG/ros2/install/lio_sam:/home/ztl/lio-sam/src/LIO/LIO-SAM_MID360_ROS2_PKG/ros2/install/autorccar_interfaces:/home/ztl/project/install/livox_ros_driver2:/opt/ros/humble LD_LIBRARY_PATH=/home/ztl/ROS_humble_LIO/install/autorccar_interfaces/lib:${LD_LIBRARY_PATH} PYTHONPATH=/home/ztl/ROS_humble_LIO/install/autorccar_interfaces/local/lib/python3.10/dist-packages:${PYTHONPATH} /usr/bin/cmake --build /home/ztl/ROS_humble_LIO/build/lio_sam -- -j8 -l8
[181.565s] Invoking command in '/home/ztl/ROS_humble_LIO/build/lio_sam': AMENT_PREFIX_PATH=/home/ztl/ROS_humble_LIO/install/autorccar_interfaces:${AMENT_PREFIX_PATH} CMAKE_PREFIX_PATH=/home/ztl/ROS_humble_LIO/install/autorccar_interfaces:/home/ztl/pointcloud2pcd/install/pointcloud2_to_pcd:/home/ztl/lio-sam/src/LIO/LIO-SAM_MID360_ROS2_PKG/ros2/install/lio_sam:/home/ztl/lio-sam/src/LIO/LIO-SAM_MID360_ROS2_PKG/ros2/install/autorccar_interfaces:/home/ztl/project/install/livox_ros_driver2:/opt/ros/humble LD_LIBRARY_PATH=/home/ztl/ROS_humble_LIO/install/autorccar_interfaces/lib:${LD_LIBRARY_PATH} PYTHONPATH=/home/ztl/ROS_humble_LIO/install/autorccar_interfaces/local/lib/python3.10/dist-packages:${PYTHONPATH} /usr/bin/cmake --install /home/ztl/ROS_humble_LIO/build/lio_sam
[181.603s] -- Install configuration: "Release"
[181.603s] -- Installing: /home/ztl/ROS_humble_LIO/install/lio_sam/share/ament_index/resource_index/rosidl_interfaces/lio_sam
[181.603s] -- Installing: /home/ztl/ROS_humble_LIO/install/lio_sam/include/lio_sam/lio_sam
[181.603s] -- Installing: /home/ztl/ROS_humble_LIO/install/lio_sam/include/lio_sam/lio_sam/srv
[181.604s] -- Installing: /home/ztl/ROS_humble_LIO/install/lio_sam/include/lio_sam/lio_sam/srv/detail
[181.604s] -- Installing: /home/ztl/ROS_humble_LIO/install/lio_sam/include/lio_sam/lio_sam/srv/detail/save_map__functions.h
[181.604s] -- Installing: /home/ztl/ROS_humble_LIO/install/lio_sam/include/lio_sam/lio_sam/srv/detail/save_map__struct.h
[181.604s] -- Installing: /home/ztl/ROS_humble_LIO/install/lio_sam/include/lio_sam/lio_sam/srv/detail/save_map__type_support.h
[181.605s] -- Installing: /home/ztl/ROS_humble_LIO/install/lio_sam/include/lio_sam/lio_sam/srv/detail/save_map__functions.c
[181.606s] -- Installing: /home/ztl/ROS_humble_LIO/install/lio_sam/include/lio_sam/lio_sam/srv/save_map.h
[181.606s] -- Installing: /home/ztl/ROS_humble_LIO/install/lio_sam/include/lio_sam/lio_sam/msg
[181.606s] -- Installing: /home/ztl/ROS_humble_LIO/install/lio_sam/include/lio_sam/lio_sam/msg/detail
[181.607s] -- Installing: /home/ztl/ROS_humble_LIO/install/lio_sam/include/lio_sam/lio_sam/msg/detail/cloud_info__functions.c
[181.607s] -- Installing: /home/ztl/ROS_humble_LIO/install/lio_sam/include/lio_sam/lio_sam/msg/detail/cloud_info__struct.h
[181.608s] -- Installing: /home/ztl/ROS_humble_LIO/install/lio_sam/include/lio_sam/lio_sam/msg/detail/cloud_info__type_support.h
[181.609s] -- Installing: /home/ztl/ROS_humble_LIO/install/lio_sam/include/lio_sam/lio_sam/msg/detail/cloud_info__functions.h
[181.610s] -- Installing: /home/ztl/ROS_humble_LIO/install/lio_sam/include/lio_sam/lio_sam/msg/cloud_info.h
[181.610s] -- Installing: /home/ztl/ROS_humble_LIO/install/lio_sam/include/lio_sam/lio_sam/msg/rosidl_generator_c__visibility_control.h
[181.611s] -- Installing: /home/ztl/ROS_humble_LIO/install/lio_sam/share/lio_sam/environment/library_path.sh
[181.612s] -- Installing: /home/ztl/ROS_humble_LIO/install/lio_sam/share/lio_sam/environment/library_path.dsv
[181.613s] -- Installing: /home/ztl/ROS_humble_LIO/install/lio_sam/lib/liblio_sam__rosidl_generator_c.so
[181.613s] -- Set runtime path of "/home/ztl/ROS_humble_LIO/install/lio_sam/lib/liblio_sam__rosidl_generator_c.so" to ""
[181.614s] -- Up-to-date: /home/ztl/ROS_humble_LIO/install/lio_sam/include/lio_sam/lio_sam
[181.615s] -- Up-to-date: /home/ztl/ROS_humble_LIO/install/lio_sam/include/lio_sam/lio_sam/srv
[181.615s] -- Up-to-date: /home/ztl/ROS_humble_LIO/install/lio_sam/include/lio_sam/lio_sam/srv/detail
[181.616s] -- Installing: /home/ztl/ROS_humble_LIO/install/lio_sam/include/lio_sam/lio_sam/srv/detail/save_map__rosidl_typesupport_fastrtps_c.h
[181.617s] -- Up-to-date: /home/ztl/ROS_humble_LIO/install/lio_sam/include/lio_sam/lio_sam/msg
[181.617s] -- Up-to-date: /home/ztl/ROS_humble_LIO/install/lio_sam/include/lio_sam/lio_sam/msg/detail
[181.618s] -- Installing: /home/ztl/ROS_humble_LIO/install/lio_sam/include/lio_sam/lio_sam/msg/detail/cloud_info__rosidl_typesupport_fastrtps_c.h
[181.619s] -- Installing: /home/ztl/ROS_humble_LIO/install/lio_sam/include/lio_sam/lio_sam/msg/rosidl_typesupport_fastrtps_c__visibility_control.h
[181.620s] -- Installing: /home/ztl/ROS_humble_LIO/install/lio_sam/lib/liblio_sam__rosidl_typesupport_fastrtps_c.so
[181.622s] -- Set runtime path of "/home/ztl/ROS_humble_LIO/install/lio_sam/lib/liblio_sam__rosidl_typesupport_fastrtps_c.so" to ""
[181.622s] -- Up-to-date: /home/ztl/ROS_humble_LIO/install/lio_sam/include/lio_sam/lio_sam
[181.624s] -- Up-to-date: /home/ztl/ROS_humble_LIO/install/lio_sam/include/lio_sam/lio_sam/srv
[181.624s] -- Up-to-date: /home/ztl/ROS_humble_LIO/install/lio_sam/include/lio_sam/lio_sam/srv/detail
[181.625s] -- Installing: /home/ztl/ROS_humble_LIO/install/lio_sam/include/lio_sam/lio_sam/srv/detail/save_map__type_support.c
[181.626s] -- Installing: /home/ztl/ROS_humble_LIO/install/lio_sam/include/lio_sam/lio_sam/srv/detail/save_map__rosidl_typesupport_introspection_c.h
[181.627s] -- Up-to-date: /home/ztl/ROS_humble_LIO/install/lio_sam/include/lio_sam/lio_sam/msg
[181.627s] -- Up-to-date: /home/ztl/ROS_humble_LIO/install/lio_sam/include/lio_sam/lio_sam/msg/detail
[181.627s] -- Installing: /home/ztl/ROS_humble_LIO/install/lio_sam/include/lio_sam/lio_sam/msg/detail/cloud_info__rosidl_typesupport_introspection_c.h
[181.628s] -- Installing: /home/ztl/ROS_humble_LIO/install/lio_sam/include/lio_sam/lio_sam/msg/detail/cloud_info__type_support.c
[181.628s] -- Installing: /home/ztl/ROS_humble_LIO/install/lio_sam/include/lio_sam/lio_sam/msg/rosidl_typesupport_introspection_c__visibility_control.h
[181.628s] -- Installing: /home/ztl/ROS_humble_LIO/install/lio_sam/lib/liblio_sam__rosidl_typesupport_introspection_c.so
[181.628s] -- Set runtime path of "/home/ztl/ROS_humble_LIO/install/lio_sam/lib/liblio_sam__rosidl_typesupport_introspection_c.so" to ""
[181.628s] -- Installing: /home/ztl/ROS_humble_LIO/install/lio_sam/lib/liblio_sam__rosidl_typesupport_c.so
[181.629s] -- Set runtime path of "/home/ztl/ROS_humble_LIO/install/lio_sam/lib/liblio_sam__rosidl_typesupport_c.so" to ""
[181.629s] -- Up-to-date: /home/ztl/ROS_humble_LIO/install/lio_sam/include/lio_sam/lio_sam
[181.629s] -- Up-to-date: /home/ztl/ROS_humble_LIO/install/lio_sam/include/lio_sam/lio_sam/srv
[181.629s] -- Up-to-date: /home/ztl/ROS_humble_LIO/install/lio_sam/include/lio_sam/lio_sam/srv/detail
[181.629s] -- Installing: /home/ztl/ROS_humble_LIO/install/lio_sam/include/lio_sam/lio_sam/srv/detail/save_map__builder.hpp
[181.630s] -- Installing: /home/ztl/ROS_humble_LIO/install/lio_sam/include/lio_sam/lio_sam/srv/detail/save_map__traits.hpp
[181.630s] -- Installing: /home/ztl/ROS_humble_LIO/install/lio_sam/include/lio_sam/lio_sam/srv/detail/save_map__struct.hpp
[181.630s] -- Installing: /home/ztl/ROS_humble_LIO/install/lio_sam/include/lio_sam/lio_sam/srv/detail/save_map__type_support.hpp
[181.630s] -- Installing: /home/ztl/ROS_humble_LIO/install/lio_sam/include/lio_sam/lio_sam/srv/save_map.hpp
[181.630s] -- Up-to-date: /home/ztl/ROS_humble_LIO/install/lio_sam/include/lio_sam/lio_sam/msg
[181.631s] -- Up-to-date: /home/ztl/ROS_humble_LIO/install/lio_sam/include/lio_sam/lio_sam/msg/detail
[181.631s] -- Installing: /home/ztl/ROS_humble_LIO/install/lio_sam/include/lio_sam/lio_sam/msg/detail/cloud_info__traits.hpp
[181.631s] -- Installing: /home/ztl/ROS_humble_LIO/install/lio_sam/include/lio_sam/lio_sam/msg/detail/cloud_info__type_support.hpp
[181.631s] -- Installing: /home/ztl/ROS_humble_LIO/install/lio_sam/include/lio_sam/lio_sam/msg/detail/cloud_info__builder.hpp
[181.631s] -- Installing: /home/ztl/ROS_humble_LIO/install/lio_sam/include/lio_sam/lio_sam/msg/detail/cloud_info__struct.hpp
[181.632s] -- Installing: /home/ztl/ROS_humble_LIO/install/lio_sam/include/lio_sam/lio_sam/msg/rosidl_generator_cpp__visibility_control.hpp
[181.632s] -- Installing: /home/ztl/ROS_humble_LIO/install/lio_sam/include/lio_sam/lio_sam/msg/cloud_info.hpp
[181.632s] -- Up-to-date: /home/ztl/ROS_humble_LIO/install/lio_sam/include/lio_sam/lio_sam
[181.633s] -- Up-to-date: /home/ztl/ROS_humble_LIO/install/lio_sam/include/lio_sam/lio_sam/srv
[181.633s] -- Up-to-date: /home/ztl/ROS_humble_LIO/install/lio_sam/include/lio_sam/lio_sam/srv/detail
[181.633s] -- Installing: /home/ztl/ROS_humble_LIO/install/lio_sam/include/lio_sam/lio_sam/srv/detail/dds_fastrtps
[181.633s] -- Installing: /home/ztl/ROS_humble_LIO/install/lio_sam/include/lio_sam/lio_sam/srv/detail/save_map__rosidl_typesupport_fastrtps_cpp.hpp
[181.633s] -- Up-to-date: /home/ztl/ROS_humble_LIO/install/lio_sam/include/lio_sam/lio_sam/msg
[181.633s] -- Up-to-date: /home/ztl/ROS_humble_LIO/install/lio_sam/include/lio_sam/lio_sam/msg/detail
[181.634s] -- Installing: /home/ztl/ROS_humble_LIO/install/lio_sam/include/lio_sam/lio_sam/msg/detail/dds_fastrtps
[181.634s] -- Installing: /home/ztl/ROS_humble_LIO/install/lio_sam/include/lio_sam/lio_sam/msg/detail/cloud_info__rosidl_typesupport_fastrtps_cpp.hpp
[181.634s] -- Installing: /home/ztl/ROS_humble_LIO/install/lio_sam/include/lio_sam/lio_sam/msg/rosidl_typesupport_fastrtps_cpp__visibility_control.h
[181.634s] -- Installing: /home/ztl/ROS_humble_LIO/install/lio_sam/lib/liblio_sam__rosidl_typesupport_fastrtps_cpp.so
[181.634s] -- Set runtime path of "/home/ztl/ROS_humble_LIO/install/lio_sam/lib/liblio_sam__rosidl_typesupport_fastrtps_cpp.so" to ""
[181.634s] -- Up-to-date: /home/ztl/ROS_humble_LIO/install/lio_sam/include/lio_sam/lio_sam
[181.634s] -- Up-to-date: /home/ztl/ROS_humble_LIO/install/lio_sam/include/lio_sam/lio_sam/srv
[181.634s] -- Up-to-date: /home/ztl/ROS_humble_LIO/install/lio_sam/include/lio_sam/lio_sam/srv/detail
[181.635s] -- Installing: /home/ztl/ROS_humble_LIO/install/lio_sam/include/lio_sam/lio_sam/srv/detail/save_map__type_support.cpp
[181.635s] -- Installing: /home/ztl/ROS_humble_LIO/install/lio_sam/include/lio_sam/lio_sam/srv/detail/save_map__rosidl_typesupport_introspection_cpp.hpp
[181.635s] -- Up-to-date: /home/ztl/ROS_humble_LIO/install/lio_sam/include/lio_sam/lio_sam/msg
[181.635s] -- Up-to-date: /home/ztl/ROS_humble_LIO/install/lio_sam/include/lio_sam/lio_sam/msg/detail
[181.635s] -- Installing: /home/ztl/ROS_humble_LIO/install/lio_sam/include/lio_sam/lio_sam/msg/detail/cloud_info__type_support.cpp
[181.635s] -- Installing: /home/ztl/ROS_humble_LIO/install/lio_sam/include/lio_sam/lio_sam/msg/detail/cloud_info__rosidl_typesupport_introspection_cpp.hpp
[181.635s] -- Installing: /home/ztl/ROS_humble_LIO/install/lio_sam/lib/liblio_sam__rosidl_typesupport_introspection_cpp.so
[181.636s] -- Set runtime path of "/home/ztl/ROS_humble_LIO/install/lio_sam/lib/liblio_sam__rosidl_typesupport_introspection_cpp.so" to ""
[181.636s] -- Installing: /home/ztl/ROS_humble_LIO/install/lio_sam/lib/liblio_sam__rosidl_typesupport_cpp.so
[181.636s] -- Set runtime path of "/home/ztl/ROS_humble_LIO/install/lio_sam/lib/liblio_sam__rosidl_typesupport_cpp.so" to ""
[181.636s] -- Installing: /home/ztl/ROS_humble_LIO/install/lio_sam/share/lio_sam/environment/pythonpath.sh
[181.636s] -- Installing: /home/ztl/ROS_humble_LIO/install/lio_sam/share/lio_sam/environment/pythonpath.dsv
[181.636s] -- Installing: /home/ztl/ROS_humble_LIO/install/lio_sam/local/lib/python3.10/dist-packages/lio_sam-1.0.0-py3.10.egg-info
[181.636s] -- Installing: /home/ztl/ROS_humble_LIO/install/lio_sam/local/lib/python3.10/dist-packages/lio_sam-1.0.0-py3.10.egg-info/top_level.txt
[181.637s] -- Installing: /home/ztl/ROS_humble_LIO/install/lio_sam/local/lib/python3.10/dist-packages/lio_sam-1.0.0-py3.10.egg-info/PKG-INFO
[181.637s] -- Installing: /home/ztl/ROS_humble_LIO/install/lio_sam/local/lib/python3.10/dist-packages/lio_sam-1.0.0-py3.10.egg-info/SOURCES.txt
[181.637s] -- Installing: /home/ztl/ROS_humble_LIO/install/lio_sam/local/lib/python3.10/dist-packages/lio_sam-1.0.0-py3.10.egg-info/dependency_links.txt
[181.637s] -- Installing: /home/ztl/ROS_humble_LIO/install/lio_sam/local/lib/python3.10/dist-packages/lio_sam
[181.637s] -- Installing: /home/ztl/ROS_humble_LIO/install/lio_sam/local/lib/python3.10/dist-packages/lio_sam/_lio_sam_s.ep.rosidl_typesupport_c.c
[181.637s] -- Installing: /home/ztl/ROS_humble_LIO/install/lio_sam/local/lib/python3.10/dist-packages/lio_sam/_lio_sam_s.ep.rosidl_typesupport_introspection_c.c
[181.637s] -- Installing: /home/ztl/ROS_humble_LIO/install/lio_sam/local/lib/python3.10/dist-packages/lio_sam/__init__.py
[181.638s] -- Installing: /home/ztl/ROS_humble_LIO/install/lio_sam/local/lib/python3.10/dist-packages/lio_sam/srv
[181.638s] -- Installing: /home/ztl/ROS_humble_LIO/install/lio_sam/local/lib/python3.10/dist-packages/lio_sam/srv/__init__.py
[181.638s] -- Installing: /home/ztl/ROS_humble_LIO/install/lio_sam/local/lib/python3.10/dist-packages/lio_sam/srv/_save_map.py
[181.638s] -- Installing: /home/ztl/ROS_humble_LIO/install/lio_sam/local/lib/python3.10/dist-packages/lio_sam/srv/_save_map_s.c
[181.638s] -- Installing: /home/ztl/ROS_humble_LIO/install/lio_sam/local/lib/python3.10/dist-packages/lio_sam/_lio_sam_s.ep.rosidl_typesupport_fastrtps_c.c
[181.638s] -- Installing: /home/ztl/ROS_humble_LIO/install/lio_sam/local/lib/python3.10/dist-packages/lio_sam/msg
[181.638s] -- Installing: /home/ztl/ROS_humble_LIO/install/lio_sam/local/lib/python3.10/dist-packages/lio_sam/msg/__init__.py
[181.639s] -- Installing: /home/ztl/ROS_humble_LIO/install/lio_sam/local/lib/python3.10/dist-packages/lio_sam/msg/_cloud_info_s.c
[181.639s] -- Installing: /home/ztl/ROS_humble_LIO/install/lio_sam/local/lib/python3.10/dist-packages/lio_sam/msg/_cloud_info.py
[181.639s] -- Installing: /home/ztl/ROS_humble_LIO/install/lio_sam/local/lib/python3.10/dist-packages/lio_sam/lio_sam_s__rosidl_typesupport_c.cpython-310-aarch64-linux-gnu.so
[181.639s] -- Installing: /home/ztl/ROS_humble_LIO/install/lio_sam/local/lib/python3.10/dist-packages/lio_sam/lio_sam_s__rosidl_typesupport_fastrtps_c.cpython-310-aarch64-linux-gnu.so
[181.639s] -- Installing: /home/ztl/ROS_humble_LIO/install/lio_sam/local/lib/python3.10/dist-packages/lio_sam/lio_sam_s__rosidl_typesupport_introspection_c.cpython-310-aarch64-linux-gnu.so
[181.639s] -- Installing: /home/ztl/ROS_humble_LIO/install/lio_sam/local/lib/python3.10/dist-packages/lio_sam/liblio_sam__rosidl_generator_py.so
[181.732s] Listing '/home/ztl/ROS_humble_LIO/install/lio_sam/local/lib/python3.10/dist-packages/lio_sam'...
[181.733s] Compiling '/home/ztl/ROS_humble_LIO/install/lio_sam/local/lib/python3.10/dist-packages/lio_sam/__init__.py'...
[181.734s] Listing '/home/ztl/ROS_humble_LIO/install/lio_sam/local/lib/python3.10/dist-packages/lio_sam/msg'...
[181.734s] Compiling '/home/ztl/ROS_humble_LIO/install/lio_sam/local/lib/python3.10/dist-packages/lio_sam/msg/__init__.py'...
[181.735s] Compiling '/home/ztl/ROS_humble_LIO/install/lio_sam/local/lib/python3.10/dist-packages/lio_sam/msg/_cloud_info.py'...
[181.736s] Listing '/home/ztl/ROS_humble_LIO/install/lio_sam/local/lib/python3.10/dist-packages/lio_sam/srv'...
[181.737s] Compiling '/home/ztl/ROS_humble_LIO/install/lio_sam/local/lib/python3.10/dist-packages/lio_sam/srv/__init__.py'...
[181.738s] Compiling '/home/ztl/ROS_humble_LIO/install/lio_sam/local/lib/python3.10/dist-packages/lio_sam/srv/_save_map.py'...
[181.747s] -- Installing: /home/ztl/ROS_humble_LIO/install/lio_sam/local/lib/python3.10/dist-packages/lio_sam/lio_sam_s__rosidl_typesupport_fastrtps_c.cpython-310-aarch64-linux-gnu.so
[181.749s] -- Set runtime path of "/home/ztl/ROS_humble_LIO/install/lio_sam/local/lib/python3.10/dist-packages/lio_sam/lio_sam_s__rosidl_typesupport_fastrtps_c.cpython-310-aarch64-linux-gnu.so" to ""
[181.750s] -- Installing: /home/ztl/ROS_humble_LIO/install/lio_sam/local/lib/python3.10/dist-packages/lio_sam/lio_sam_s__rosidl_typesupport_introspection_c.cpython-310-aarch64-linux-gnu.so
[181.750s] -- Set runtime path of "/home/ztl/ROS_humble_LIO/install/lio_sam/local/lib/python3.10/dist-packages/lio_sam/lio_sam_s__rosidl_typesupport_introspection_c.cpython-310-aarch64-linux-gnu.so" to ""
[181.751s] -- Installing: /home/ztl/ROS_humble_LIO/install/lio_sam/local/lib/python3.10/dist-packages/lio_sam/lio_sam_s__rosidl_typesupport_c.cpython-310-aarch64-linux-gnu.so
[181.752s] -- Set runtime path of "/home/ztl/ROS_humble_LIO/install/lio_sam/local/lib/python3.10/dist-packages/lio_sam/lio_sam_s__rosidl_typesupport_c.cpython-310-aarch64-linux-gnu.so" to ""
[181.753s] -- Installing: /home/ztl/ROS_humble_LIO/install/lio_sam/lib/liblio_sam__rosidl_generator_py.so
[181.753s] -- Set runtime path of "/home/ztl/ROS_humble_LIO/install/lio_sam/lib/liblio_sam__rosidl_generator_py.so" to ""
[181.753s] -- Installing: /home/ztl/ROS_humble_LIO/install/lio_sam/share/lio_sam/msg/CloudInfo.idl
[181.754s] -- Installing: /home/ztl/ROS_humble_LIO/install/lio_sam/share/lio_sam/srv/SaveMap.idl
[181.754s] -- Installing: /home/ztl/ROS_humble_LIO/install/lio_sam/share/lio_sam/msg/CloudInfo.msg
[181.754s] -- Installing: /home/ztl/ROS_humble_LIO/install/lio_sam/share/lio_sam/srv/SaveMap.srv
[181.754s] -- Installing: /home/ztl/ROS_humble_LIO/install/lio_sam/share/lio_sam/srv/SaveMap_Request.msg
[181.754s] -- Installing: /home/ztl/ROS_humble_LIO/install/lio_sam/share/lio_sam/srv/SaveMap_Response.msg
[181.755s] -- Installing: /home/ztl/ROS_humble_LIO/install/lio_sam/share/lio_sam//launch
[181.755s] -- Installing: /home/ztl/ROS_humble_LIO/install/lio_sam/share/lio_sam//launch/run.launch.py
[181.755s] -- Installing: /home/ztl/ROS_humble_LIO/install/lio_sam/share/lio_sam//config
[181.755s] -- Installing: /home/ztl/ROS_humble_LIO/install/lio_sam/share/lio_sam//config/robot.urdf.xacro
[181.755s] -- Installing: /home/ztl/ROS_humble_LIO/install/lio_sam/share/lio_sam//config/rviz2.rviz
[181.756s] -- Installing: /home/ztl/ROS_humble_LIO/install/lio_sam/share/lio_sam//config/params.yaml
[181.757s] -- Installing: /home/ztl/ROS_humble_LIO/install/lio_sam/lib/lio_sam/lio_sam_imageProjection
[181.770s] -- Set runtime path of "/home/ztl/ROS_humble_LIO/install/lio_sam/lib/lio_sam/lio_sam_imageProjection" to ""
[181.771s] -- Installing: /home/ztl/ROS_humble_LIO/install/lio_sam/lib/lio_sam/lio_sam_imuPreintegration
[181.784s] -- Set runtime path of "/home/ztl/ROS_humble_LIO/install/lio_sam/lib/lio_sam/lio_sam_imuPreintegration" to ""
[181.784s] -- Installing: /home/ztl/ROS_humble_LIO/install/lio_sam/lib/lio_sam/lio_sam_featureExtraction
[181.793s] -- Set runtime path of "/home/ztl/ROS_humble_LIO/install/lio_sam/lib/lio_sam/lio_sam_featureExtraction" to ""
[181.794s] -- Installing: /home/ztl/ROS_humble_LIO/install/lio_sam/lib/lio_sam/lio_sam_mapOptimization
[181.799s] -- Set runtime path of "/home/ztl/ROS_humble_LIO/install/lio_sam/lib/lio_sam/lio_sam_mapOptimization" to ""
[181.800s] -- Up-to-date: /home/ztl/ROS_humble_LIO/install/lio_sam/include
[181.801s] -- Up-to-date: /home/ztl/ROS_humble_LIO/install/lio_sam/include/lio_sam
[181.802s] -- Installing: /home/ztl/ROS_humble_LIO/install/lio_sam/include/lio_sam/utility.hpp
[181.802s] -- Installing: /home/ztl/ROS_humble_LIO/install/lio_sam/share/ament_index/resource_index/package_run_dependencies/lio_sam
[181.803s] -- Installing: /home/ztl/ROS_humble_LIO/install/lio_sam/share/ament_index/resource_index/parent_prefix_path/lio_sam
[181.803s] -- Installing: /home/ztl/ROS_humble_LIO/install/lio_sam/share/lio_sam/environment/ament_prefix_path.sh
[181.803s] -- Installing: /home/ztl/ROS_humble_LIO/install/lio_sam/share/lio_sam/environment/ament_prefix_path.dsv
[181.803s] -- Installing: /home/ztl/ROS_humble_LIO/install/lio_sam/share/lio_sam/environment/path.sh
[181.803s] -- Installing: /home/ztl/ROS_humble_LIO/install/lio_sam/share/lio_sam/environment/path.dsv
[181.803s] -- Installing: /home/ztl/ROS_humble_LIO/install/lio_sam/share/lio_sam/local_setup.bash
[181.804s] -- Installing: /home/ztl/ROS_humble_LIO/install/lio_sam/share/lio_sam/local_setup.sh
[181.804s] -- Installing: /home/ztl/ROS_humble_LIO/install/lio_sam/share/lio_sam/local_setup.zsh
[181.804s] -- Installing: /home/ztl/ROS_humble_LIO/install/lio_sam/share/lio_sam/local_setup.dsv
[181.804s] -- Installing: /home/ztl/ROS_humble_LIO/install/lio_sam/share/lio_sam/package.dsv
[181.804s] -- Installing: /home/ztl/ROS_humble_LIO/install/lio_sam/share/ament_index/resource_index/packages/lio_sam
[181.805s] -- Installing: /home/ztl/ROS_humble_LIO/install/lio_sam/share/lio_sam/cmake/export_lio_sam__rosidl_generator_cExport.cmake
[181.806s] -- Installing: /home/ztl/ROS_humble_LIO/install/lio_sam/share/lio_sam/cmake/export_lio_sam__rosidl_generator_cExport-release.cmake
[181.807s] -- Installing: /home/ztl/ROS_humble_LIO/install/lio_sam/share/lio_sam/cmake/export_lio_sam__rosidl_typesupport_fastrtps_cExport.cmake
[181.808s] -- Installing: /home/ztl/ROS_humble_LIO/install/lio_sam/share/lio_sam/cmake/export_lio_sam__rosidl_typesupport_fastrtps_cExport-release.cmake
[181.809s] -- Installing: /home/ztl/ROS_humble_LIO/install/lio_sam/share/lio_sam/cmake/lio_sam__rosidl_typesupport_introspection_cExport.cmake
[181.809s] -- Installing: /home/ztl/ROS_humble_LIO/install/lio_sam/share/lio_sam/cmake/lio_sam__rosidl_typesupport_introspection_cExport-release.cmake
[181.810s] -- Installing: /home/ztl/ROS_humble_LIO/install/lio_sam/share/lio_sam/cmake/lio_sam__rosidl_typesupport_cExport.cmake
[181.810s] -- Installing: /home/ztl/ROS_humble_LIO/install/lio_sam/share/lio_sam/cmake/lio_sam__rosidl_typesupport_cExport-release.cmake
[181.811s] -- Installing: /home/ztl/ROS_humble_LIO/install/lio_sam/share/lio_sam/cmake/export_lio_sam__rosidl_generator_cppExport.cmake
[181.811s] -- Installing: /home/ztl/ROS_humble_LIO/install/lio_sam/share/lio_sam/cmake/export_lio_sam__rosidl_typesupport_fastrtps_cppExport.cmake
[181.811s] -- Installing: /home/ztl/ROS_humble_LIO/install/lio_sam/share/lio_sam/cmake/export_lio_sam__rosidl_typesupport_fastrtps_cppExport-release.cmake
[181.811s] -- Installing: /home/ztl/ROS_humble_LIO/install/lio_sam/share/lio_sam/cmake/lio_sam__rosidl_typesupport_introspection_cppExport.cmake
[181.812s] -- Installing: /home/ztl/ROS_humble_LIO/install/lio_sam/share/lio_sam/cmake/lio_sam__rosidl_typesupport_introspection_cppExport-release.cmake
[181.812s] -- Installing: /home/ztl/ROS_humble_LIO/install/lio_sam/share/lio_sam/cmake/lio_sam__rosidl_typesupport_cppExport.cmake
[181.812s] -- Installing: /home/ztl/ROS_humble_LIO/install/lio_sam/share/lio_sam/cmake/lio_sam__rosidl_typesupport_cppExport-release.cmake
[181.813s] -- Installing: /home/ztl/ROS_humble_LIO/install/lio_sam/share/lio_sam/cmake/export_lio_sam__rosidl_generator_pyExport.cmake
[181.813s] -- Installing: /home/ztl/ROS_humble_LIO/install/lio_sam/share/lio_sam/cmake/export_lio_sam__rosidl_generator_pyExport-release.cmake
[181.813s] -- Installing: /home/ztl/ROS_humble_LIO/install/lio_sam/share/lio_sam/cmake/rosidl_cmake-extras.cmake
[181.814s] -- Installing: /home/ztl/ROS_humble_LIO/install/lio_sam/share/lio_sam/cmake/ament_cmake_export_dependencies-extras.cmake
[181.814s] -- Installing: /home/ztl/ROS_humble_LIO/install/lio_sam/share/lio_sam/cmake/ament_cmake_export_include_directories-extras.cmake
[181.815s] -- Installing: /home/ztl/ROS_humble_LIO/install/lio_sam/share/lio_sam/cmake/ament_cmake_export_libraries-extras.cmake
[181.815s] -- Installing: /home/ztl/ROS_humble_LIO/install/lio_sam/share/lio_sam/cmake/ament_cmake_export_targets-extras.cmake
[181.815s] -- Installing: /home/ztl/ROS_humble_LIO/install/lio_sam/share/lio_sam/cmake/rosidl_cmake_export_typesupport_targets-extras.cmake
[181.816s] -- Installing: /home/ztl/ROS_humble_LIO/install/lio_sam/share/lio_sam/cmake/rosidl_cmake_export_typesupport_libraries-extras.cmake
[181.816s] -- Installing: /home/ztl/ROS_humble_LIO/install/lio_sam/share/lio_sam/cmake/lio_samConfig.cmake
[181.817s] -- Installing: /home/ztl/ROS_humble_LIO/install/lio_sam/share/lio_sam/cmake/lio_samConfig-version.cmake
[181.817s] -- Installing: /home/ztl/ROS_humble_LIO/install/lio_sam/share/lio_sam/package.xml
[181.827s] Invoked command in '/home/ztl/ROS_humble_LIO/build/lio_sam' returned '0': AMENT_PREFIX_PATH=/home/ztl/ROS_humble_LIO/install/autorccar_interfaces:${AMENT_PREFIX_PATH} CMAKE_PREFIX_PATH=/home/ztl/ROS_humble_LIO/install/autorccar_interfaces:/home/ztl/pointcloud2pcd/install/pointcloud2_to_pcd:/home/ztl/lio-sam/src/LIO/LIO-SAM_MID360_ROS2_PKG/ros2/install/lio_sam:/home/ztl/lio-sam/src/LIO/LIO-SAM_MID360_ROS2_PKG/ros2/install/autorccar_interfaces:/home/ztl/project/install/livox_ros_driver2:/opt/ros/humble LD_LIBRARY_PATH=/home/ztl/ROS_humble_LIO/install/autorccar_interfaces/lib:${LD_LIBRARY_PATH} PYTHONPATH=/home/ztl/ROS_humble_LIO/install/autorccar_interfaces/local/lib/python3.10/dist-packages:${PYTHONPATH} /usr/bin/cmake --install /home/ztl/ROS_humble_LIO/build/lio_sam
